<html>
<body>
<pre>
<h1>µVision Build Log</h1>
<h2>Tool Versions:</h2>
IDE-Version: µVision V5.22.0.0
Copyright (C) 2016 ARM Ltd and ARM Germany GmbH. All rights reserved.
License Information: Coe Cis, Cornell, LIC=----
 
Tool Versions:
Toolchain:       MDK-Lite  Version: 5.22
Toolchain Path:  C:\Keil_v5\ARM\ARMCC\Bin
C Compiler:      Armcc.exe V5.06 update 4 (build 422)
Assembler:       Armasm.exe V5.06 update 4 (build 422)
Linker/Locator:  ArmLink.exe V5.06 update 4 (build 422)
Library Manager: ArmAr.exe V5.06 update 4 (build 422)
Hex Converter:   FromElf.exe V5.06 update 4 (build 422)
CPU DLL:         SARMCM3.DLL V5.22
Dialog DLL:      DCM.DLL V1.13.9.0
Target DLL:      CMSIS_AGDI.dll V1.27.0.0
Dialog DLL:      TCM.DLL V1.21.0.0
 
<h2>Project:</h2>
C:\Users\hl782\Desktop\Lab\Lab 6b.uvprojx
Project File Date:  05/16/2017

<h2>Output:</h2>
*** Using Compiler 'V5.06 update 4 (build 422)', folder: 'C:\Keil_v5\ARM\ARMCC\Bin'
Build target 'Target 1'
compiling process.c...
compiling 3140_concur.c...
compiling main_t1.c...
main_t1.c(75): warning:  #223-D: function "l_lock" declared implicitly
  	l_lock(&l2);
main_t1.c(92): warning:  #223-D: function "l_unlock" declared implicitly
  	l_unlock(&l2);
main_t1.c(111): warning:  #223-D: function "l_lock" declared implicitly
  	l_lock(&l2);
main_t1.c(129): warning:  #223-D: function "l_unlock" declared implicitly
  	l_unlock(&l2);
main_t1.c(148): warning:  #223-D: function "l_lock" declared implicitly
  	l_lock(&l);
main_t1.c(167): warning:  #223-D: function "l_unlock" declared implicitly
  	l_unlock(&l);
main_t1.c(189): warning:  #223-D: function "l_init" declared implicitly
  	l_init(&l);
main_t1.c(203): warning:  #111-D: statement is unreachable
  	return 0;
main_t1.c: 8 warnings, 0 errors
linking...
Program Size: Code=13844 RO-data=1532 RW-data=124 ZI-data=32920  
".\Objects\Lab 6b.axf" - 0 Error(s), 8 Warning(s).

<h2>Software Packages used:</h2>

Package Vendor: ARM
                http://www.keil.com/pack/ARM.CMSIS.5.0.0.pack
                ARM::CMSIS:CORE:5.0.0
                CMSIS (Cortex Microcontroller Software Interface Standard)
   * Component: CORE Version: 5.0.0

Package Vendor: Keil
                http://www.keil.com/pack/Keil.Kinetis_SDK_DFP.2.2.0.pack
                ::Device:KSDK Configuration (API)
                Freescale Kinetis SDK v1.2.0 including MK64FN1M0VLL12 CMSIS Device Support and Drivers
   * Component: KSDK Configuration Version: 
   * Component: Startup Version: 2.8
   * Component: FRDM-K64F Version: 1.2.0
   * Component: GPIO Version: 1.2.0
   * Component: LPTMR Version: 1.2.0
   * Component: MCG Version: 1.2.0
   * Component: OSC Version: 1.2.0
   * Component: PORT Version: 1.2.0
   * Component: RTC Version: 1.2.0
   * Component: SIM Version: 1.2.0
   * Component: UART Version: 1.2.0
   * Component: GPIO Version: 1.2.0
   * Component: RTC Version: 1.2.0
   * Component: Clock Version: 1.2.0
   * Component: Interrupt Version: 1.2.0
   * Component: OSA Variant: Bare Metal Version: 1.2.0
   * Component: Debug Console Version: 1.2.0

<h2>Collection of Component include folders:</h2>
  C:\Users\hl782\Desktop\Lab\RTE\Device\MK64FN1M0VLL12
  C:\Users\hl782\Desktop\Lab\RTE\_Target_1
  C:\Keil_v5\ARM\PACK\ARM\CMSIS\5.0.0\CMSIS\Include
  C:\Keil_v5\ARM\PACK\Keil\Kinetis_SDK_DFP\2.20\examples\frdmk64f
  C:\Keil_v5\ARM\PACK\Keil\Kinetis_SDK_DFP\2.20\platform\devices
  C:\Keil_v5\ARM\PACK\Keil\Kinetis_SDK_DFP\2.20\platform\drivers\inc
  C:\Keil_v5\ARM\PACK\Keil\Kinetis_SDK_DFP\2.20\platform\hal\inc
  C:\Keil_v5\ARM\PACK\Keil\Kinetis_SDK_DFP\2.20\platform\osa\inc
  C:\Keil_v5\ARM\PACK\Keil\Kinetis_SDK_DFP\2.20\platform\system\inc
  C:\Keil_v5\ARM\PACK\Keil\Kinetis_SDK_DFP\2.20\platform\utilities\inc

<h2>Collection of Component Files used:</h2>

   * Component: ARM::CMSIS:CORE:5.0.0

   * Component: ::Device:KSDK Configuration (API)

   * Component: Keil::Device:Startup:2.8
      Source file:   platform\devices\startup.c
      Source file:   platform\devices\MK64F12\startup\arm\startup_MK64F12.s
      Include file:  platform\devices\MK64F12\startup\system_MK64F12.h
      Source file:   platform\devices\MK64F12\startup\system_MK64F12.c
      Include file:  addon_cmsis\Driver\MK64F\Config\RTE_Device.h

   * Component: Keil::Device:KSDK Configuration:FRDM-K64F:1.2.0
      Include file:  examples\frdmk64f\board.h
      Source file:   examples\frdmk64f\board.c
      Source file:   examples\frdmk64f\hardware_init.c
      Source file:   examples\frdmk64f\gpio_pins.c
      Source file:   examples\frdmk64f\pin_mux.c

   * Component: Keil::Device:KSDK HAL:GPIO:1.2.0
      Include file:  platform\hal\inc\fsl_gpio_hal.h
      Source file:   platform\hal\src\gpio\fsl_gpio_hal.c

   * Component: Keil::Device:KSDK HAL:LPTMR:1.2.0
      Include file:  platform\hal\inc\fsl_lptmr_hal.h
      Source file:   platform\hal\src\lptmr\fsl_lptmr_hal.c

   * Component: Keil::Device:KSDK HAL:MCG:1.2.0
      Include file:  platform\hal\inc\fsl_mcg_hal.h
      Include file:  platform\hal\inc\fsl_mcg_hal_modes.h
      Source file:   platform\hal\src\mcg\fsl_mcg_hal.c
      Source file:   platform\hal\src\mcg\fsl_mcg_hal_modes.c

   * Component: Keil::Device:KSDK HAL:OSC:1.2.0
      Include file:  platform\hal\inc\fsl_osc_hal.h
      Source file:   platform\hal\src\osc\fsl_osc_hal.c

   * Component: Keil::Device:KSDK HAL:PORT:1.2.0
      Include file:  platform\hal\inc\fsl_port_hal.h
      Source file:   platform\hal\src\port\fsl_port_hal.c

   * Component: Keil::Device:KSDK HAL:RTC:1.2.0
      Include file:  platform\hal\inc\fsl_rtc_hal.h
      Source file:   platform\hal\src\rtc\fsl_rtc_hal.c

   * Component: Keil::Device:KSDK HAL:SIM:1.2.0
      Include file:  platform\hal\inc\fsl_sim_hal.h
      Source file:   platform\hal\src\sim\MK64F12\fsl_sim_hal_MK64F12.c

   * Component: Keil::Device:KSDK HAL:UART:1.2.0
      Include file:  platform\hal\inc\fsl_uart_hal.h
      Source file:   platform\hal\src\uart\fsl_uart_hal.c

   * Component: Keil::Device:KSDK Driver:GPIO:1.2.0
      Include file:  platform\drivers\inc\fsl_gpio_driver.h
      Source file:   platform\drivers\src\gpio\fsl_gpio_driver.c
      Source file:   platform\drivers\src\gpio\fsl_gpio_common.c
      Source file:   platform\drivers\src\gpio\fsl_gpio_irq.c
      Source file:   platform\drivers\src\gpio\fsl_gpio_lpm_callback.c

   * Component: Keil::Device:KSDK Driver:RTC:1.2.0
      Include file:  platform\drivers\inc\fsl_rtc_driver.h
      Source file:   platform\drivers\src\rtc\fsl_rtc_driver.c
      Source file:   platform\drivers\src\rtc\fsl_rtc_common.c
      Source file:   platform\drivers\src\rtc\fsl_rtc_irq.c
      Source file:   platform\drivers\src\rtc\fsl_rtc_lpm_callback.c

   * Component: Keil::Device:KSDK System:Clock:1.2.0
      Include file:  platform\system\inc\fsl_clock_manager.h
      Source file:   platform\system\src\clock\fsl_clock_manager.c
      Source file:   platform\system\src\clock\fsl_clock_manager_common.c
      Source file:   platform\system\src\clock\MK64F12\fsl_clock_MK64F12.c

   * Component: Keil::Device:KSDK System:Interrupt:1.2.0
      Include file:  platform\system\inc\fsl_interrupt_manager.h
      Source file:   platform\system\src\interrupt\fsl_interrupt_manager.c

   * Component: Keil::Device:KSDK OSA:OSA:Bare Metal:1.2.0
      Include file:  platform\osa\inc\fsl_os_abstraction.h
      Source file:   platform\osa\src\fsl_os_abstraction_bm.c

   * Component: Keil::Device:KSDK Utility:Debug Console:1.2.0
      Include file:  platform\utilities\inc\fsl_debug_console.h
      Source file:   platform\utilities\src\fsl_debug_console.c
      Source file:   platform\utilities\src\print_scan.c
Build Time Elapsed:  00:00:09
</pre>
</body>
</html>
