<!doctype html public "-//w3c//dtd html 4.0 transitional//en">
<html><head>
<title>Static Call Graph - [.\Objects\Lab 6b.axf]</title></head>
<body><HR>
<H1>Static Call Graph for image .\Objects\Lab 6b.axf</H1><HR>
<BR><P>#&#060CALLGRAPH&#062# ARM Linker, 5060422: Last Updated: Tue May 16 21:36:01 2017
<BR><P>
<H3>Maximum Stack Usage =        384 bytes + Unknown(Functions without stacksize, Cycles, Untraceable Function Pointers)</H3><H3>
Call chain for Maximum Stack Depth:</H3>
p1 &rArr; debug_printf &rArr; _doprint &rArr; mkfloatnumstr &rArr; __hardfp_modf &rArr; __aeabi_dsub
<P>
<H3>
Functions with no stack information
</H3><UL>
 <LI><a href="#[1c]">SVC_Handler</a>
 <LI><a href="#[12]">process_terminated</a>
 <LI><a href="#[108]">process_begin</a>
 <LI><a href="#[e5]">process_blocked</a>
 <LI><a href="#[15]">PIT0_IRQHandler</a>
 <LI><a href="#[13]">SVC0_begin</a>
 <LI><a href="#[14]">SVC1_terminate</a>
</UL>
</UL>
<P>
<H3>
Mutually Recursive functions
</H3> <LI><a href="#[17]">NMI_Handler</a>&nbsp;&nbsp;&nbsp;&rArr;&nbsp;&nbsp;&nbsp;<a href="#[17]">NMI_Handler</a><BR>
 <LI><a href="#[18]">HardFault_Handler</a>&nbsp;&nbsp;&nbsp;&rArr;&nbsp;&nbsp;&nbsp;<a href="#[18]">HardFault_Handler</a><BR>
 <LI><a href="#[19]">MemManage_Handler</a>&nbsp;&nbsp;&nbsp;&rArr;&nbsp;&nbsp;&nbsp;<a href="#[19]">MemManage_Handler</a><BR>
 <LI><a href="#[1a]">BusFault_Handler</a>&nbsp;&nbsp;&nbsp;&rArr;&nbsp;&nbsp;&nbsp;<a href="#[1a]">BusFault_Handler</a><BR>
 <LI><a href="#[1b]">UsageFault_Handler</a>&nbsp;&nbsp;&nbsp;&rArr;&nbsp;&nbsp;&nbsp;<a href="#[1b]">UsageFault_Handler</a><BR>
 <LI><a href="#[1d]">DebugMon_Handler</a>&nbsp;&nbsp;&nbsp;&rArr;&nbsp;&nbsp;&nbsp;<a href="#[1d]">DebugMon_Handler</a><BR>
 <LI><a href="#[1e]">PendSV_Handler</a>&nbsp;&nbsp;&nbsp;&rArr;&nbsp;&nbsp;&nbsp;<a href="#[1e]">PendSV_Handler</a><BR>
 <LI><a href="#[1f]">SysTick_Handler</a>&nbsp;&nbsp;&nbsp;&rArr;&nbsp;&nbsp;&nbsp;<a href="#[1f]">SysTick_Handler</a><BR>
</UL>
<P>
<H3>
Function Pointers
</H3><UL>
 <LI><a href="#[47]">ADC0_IRQHandler</a> from startup_mk64f12.o(.text) referenced from startup_mk64f12.o(RESET)
 <LI><a href="#[68]">ADC1_IRQHandler</a> from startup_mk64f12.o(.text) referenced from startup_mk64f12.o(RESET)
 <LI><a href="#[1a]">BusFault_Handler</a> from startup_mk64f12.o(.text) referenced from startup_mk64f12.o(RESET)
 <LI><a href="#[6b]">CAN0_Bus_Off_IRQHandler</a> from startup_mk64f12.o(.text) referenced from startup_mk64f12.o(RESET)
 <LI><a href="#[6c]">CAN0_Error_IRQHandler</a> from startup_mk64f12.o(.text) referenced from startup_mk64f12.o(RESET)
 <LI><a href="#[6a]">CAN0_ORed_Message_buffer_IRQHandler</a> from startup_mk64f12.o(.text) referenced from startup_mk64f12.o(RESET)
 <LI><a href="#[6e]">CAN0_Rx_Warning_IRQHandler</a> from startup_mk64f12.o(.text) referenced from startup_mk64f12.o(RESET)
 <LI><a href="#[6d]">CAN0_Tx_Warning_IRQHandler</a> from startup_mk64f12.o(.text) referenced from startup_mk64f12.o(RESET)
 <LI><a href="#[6f]">CAN0_Wake_Up_IRQHandler</a> from startup_mk64f12.o(.text) referenced from startup_mk64f12.o(RESET)
 <LI><a href="#[b]">CLOCK_SYS_FllStableDelay</a> from fsl_clock_mk64f12.o(i.CLOCK_SYS_FllStableDelay) referenced from fsl_clock_mk64f12.o(i.CLOCK_SYS_SetConfiguration)
 <LI><a href="#[48]">CMP0_IRQHandler</a> from startup_mk64f12.o(.text) referenced from startup_mk64f12.o(RESET)
 <LI><a href="#[49]">CMP1_IRQHandler</a> from startup_mk64f12.o(.text) referenced from startup_mk64f12.o(RESET)
 <LI><a href="#[65]">CMP2_IRQHandler</a> from startup_mk64f12.o(.text) referenced from startup_mk64f12.o(RESET)
 <LI><a href="#[4d]">CMT_IRQHandler</a> from startup_mk64f12.o(.text) referenced from startup_mk64f12.o(RESET)
 <LI><a href="#[57]">DAC0_IRQHandler</a> from startup_mk64f12.o(.text) referenced from startup_mk64f12.o(RESET)
 <LI><a href="#[67]">DAC1_IRQHandler</a> from startup_mk64f12.o(.text) referenced from startup_mk64f12.o(RESET)
 <LI><a href="#[20]">DMA0_IRQHandler</a> from startup_mk64f12.o(.text) referenced from startup_mk64f12.o(RESET)
 <LI><a href="#[2a]">DMA10_IRQHandler</a> from startup_mk64f12.o(.text) referenced from startup_mk64f12.o(RESET)
 <LI><a href="#[2b]">DMA11_IRQHandler</a> from startup_mk64f12.o(.text) referenced from startup_mk64f12.o(RESET)
 <LI><a href="#[2c]">DMA12_IRQHandler</a> from startup_mk64f12.o(.text) referenced from startup_mk64f12.o(RESET)
 <LI><a href="#[2d]">DMA13_IRQHandler</a> from startup_mk64f12.o(.text) referenced from startup_mk64f12.o(RESET)
 <LI><a href="#[2e]">DMA14_IRQHandler</a> from startup_mk64f12.o(.text) referenced from startup_mk64f12.o(RESET)
 <LI><a href="#[2f]">DMA15_IRQHandler</a> from startup_mk64f12.o(.text) referenced from startup_mk64f12.o(RESET)
 <LI><a href="#[21]">DMA1_IRQHandler</a> from startup_mk64f12.o(.text) referenced from startup_mk64f12.o(RESET)
 <LI><a href="#[22]">DMA2_IRQHandler</a> from startup_mk64f12.o(.text) referenced from startup_mk64f12.o(RESET)
 <LI><a href="#[23]">DMA3_IRQHandler</a> from startup_mk64f12.o(.text) referenced from startup_mk64f12.o(RESET)
 <LI><a href="#[24]">DMA4_IRQHandler</a> from startup_mk64f12.o(.text) referenced from startup_mk64f12.o(RESET)
 <LI><a href="#[25]">DMA5_IRQHandler</a> from startup_mk64f12.o(.text) referenced from startup_mk64f12.o(RESET)
 <LI><a href="#[26]">DMA6_IRQHandler</a> from startup_mk64f12.o(.text) referenced from startup_mk64f12.o(RESET)
 <LI><a href="#[27]">DMA7_IRQHandler</a> from startup_mk64f12.o(.text) referenced from startup_mk64f12.o(RESET)
 <LI><a href="#[28]">DMA8_IRQHandler</a> from startup_mk64f12.o(.text) referenced from startup_mk64f12.o(RESET)
 <LI><a href="#[29]">DMA9_IRQHandler</a> from startup_mk64f12.o(.text) referenced from startup_mk64f12.o(RESET)
 <LI><a href="#[30]">DMA_Error_IRQHandler</a> from startup_mk64f12.o(.text) referenced from startup_mk64f12.o(RESET)
 <LI><a href="#[1d]">DebugMon_Handler</a> from startup_mk64f12.o(.text) referenced from startup_mk64f12.o(RESET)
 <LI><a href="#[75]">DefaultISR</a> from startup_mk64f12.o(.text) referenced 153 times from startup_mk64f12.o(RESET)
 <LI><a href="#[71]">ENET_1588_Timer_IRQHandler</a> from startup_mk64f12.o(.text) referenced from startup_mk64f12.o(RESET)
 <LI><a href="#[74]">ENET_Error_IRQHandler</a> from startup_mk64f12.o(.text) referenced from startup_mk64f12.o(RESET)
 <LI><a href="#[73]">ENET_Receive_IRQHandler</a> from startup_mk64f12.o(.text) referenced from startup_mk64f12.o(RESET)
 <LI><a href="#[72]">ENET_Transmit_IRQHandler</a> from startup_mk64f12.o(.text) referenced from startup_mk64f12.o(RESET)
 <LI><a href="#[32]">FTFE_IRQHandler</a> from startup_mk64f12.o(.text) referenced from startup_mk64f12.o(RESET)
 <LI><a href="#[4a]">FTM0_IRQHandler</a> from startup_mk64f12.o(.text) referenced from startup_mk64f12.o(RESET)
 <LI><a href="#[4b]">FTM1_IRQHandler</a> from startup_mk64f12.o(.text) referenced from startup_mk64f12.o(RESET)
 <LI><a href="#[4c]">FTM2_IRQHandler</a> from startup_mk64f12.o(.text) referenced from startup_mk64f12.o(RESET)
 <LI><a href="#[66]">FTM3_IRQHandler</a> from startup_mk64f12.o(.text) referenced from startup_mk64f12.o(RESET)
 <LI><a href="#[18]">HardFault_Handler</a> from startup_mk64f12.o(.text) referenced from startup_mk64f12.o(RESET)
 <LI><a href="#[38]">I2C0_IRQHandler</a> from startup_mk64f12.o(.text) referenced from startup_mk64f12.o(RESET)
 <LI><a href="#[39]">I2C1_IRQHandler</a> from startup_mk64f12.o(.text) referenced from startup_mk64f12.o(RESET)
 <LI><a href="#[69]">I2C2_IRQHandler</a> from startup_mk64f12.o(.text) referenced from startup_mk64f12.o(RESET)
 <LI><a href="#[3d]">I2S0_Rx_IRQHandler</a> from startup_mk64f12.o(.text) referenced from startup_mk64f12.o(RESET)
 <LI><a href="#[3c]">I2S0_Tx_IRQHandler</a> from startup_mk64f12.o(.text) referenced from startup_mk64f12.o(RESET)
 <LI><a href="#[35]">LLWU_IRQHandler</a> from startup_mk64f12.o(.text) referenced from startup_mk64f12.o(RESET)
 <LI><a href="#[59]">LPTMR0_IRQHandler</a> from startup_mk64f12.o(.text) referenced from startup_mk64f12.o(RESET)
 <LI><a href="#[34]">LVD_LVW_IRQHandler</a> from startup_mk64f12.o(.text) referenced from startup_mk64f12.o(RESET)
 <LI><a href="#[58]">MCG_IRQHandler</a> from startup_mk64f12.o(.text) referenced from startup_mk64f12.o(RESET)
 <LI><a href="#[31]">MCM_IRQHandler</a> from startup_mk64f12.o(.text) referenced from startup_mk64f12.o(RESET)
 <LI><a href="#[19]">MemManage_Handler</a> from startup_mk64f12.o(.text) referenced from startup_mk64f12.o(RESET)
 <LI><a href="#[17]">NMI_Handler</a> from startup_mk64f12.o(.text) referenced from startup_mk64f12.o(RESET)
 <LI><a href="#[53]">PDB0_IRQHandler</a> from startup_mk64f12.o(.text) referenced from startup_mk64f12.o(RESET)
 <LI><a href="#[15]">PIT0_IRQHandler</a> from 3140.o(myProg) referenced from startup_mk64f12.o(RESET)
 <LI><a href="#[15]">PIT0_IRQHandler</a> from 3140.o(myProg) referenced from 3140.o(myProg)
 <LI><a href="#[50]">PIT1_IRQHandler</a> from process.o(i.PIT1_IRQHandler) referenced from startup_mk64f12.o(RESET)
 <LI><a href="#[51]">PIT2_IRQHandler</a> from startup_mk64f12.o(.text) referenced from startup_mk64f12.o(RESET)
 <LI><a href="#[52]">PIT3_IRQHandler</a> from startup_mk64f12.o(.text) referenced from startup_mk64f12.o(RESET)
 <LI><a href="#[5a]">PORTA_IRQHandler</a> from startup_mk64f12.o(.text) referenced from startup_mk64f12.o(RESET)
 <LI><a href="#[5b]">PORTB_IRQHandler</a> from startup_mk64f12.o(.text) referenced from startup_mk64f12.o(RESET)
 <LI><a href="#[5c]">PORTC_IRQHandler</a> from startup_mk64f12.o(.text) referenced from startup_mk64f12.o(RESET)
 <LI><a href="#[5d]">PORTD_IRQHandler</a> from startup_mk64f12.o(.text) referenced from startup_mk64f12.o(RESET)
 <LI><a href="#[5e]">PORTE_IRQHandler</a> from startup_mk64f12.o(.text) referenced from startup_mk64f12.o(RESET)
 <LI><a href="#[1e]">PendSV_Handler</a> from startup_mk64f12.o(.text) referenced from startup_mk64f12.o(RESET)
 <LI><a href="#[37]">RNG_IRQHandler</a> from startup_mk64f12.o(.text) referenced from startup_mk64f12.o(RESET)
 <LI><a href="#[4e]">RTC_IRQHandler</a> from startup_mk64f12.o(.text) referenced from startup_mk64f12.o(RESET)
 <LI><a href="#[4f]">RTC_Seconds_IRQHandler</a> from startup_mk64f12.o(.text) referenced from startup_mk64f12.o(RESET)
 <LI><a href="#[33]">Read_Collision_IRQHandler</a> from startup_mk64f12.o(.text) referenced from startup_mk64f12.o(RESET)
 <LI><a href="#[56]">Reserved71_IRQHandler</a> from startup_mk64f12.o(.text) referenced from startup_mk64f12.o(RESET)
 <LI><a href="#[16]">Reset_Handler</a> from startup_mk64f12.o(.text) referenced from startup_mk64f12.o(RESET)
 <LI><a href="#[70]">SDHC_IRQHandler</a> from startup_mk64f12.o(.text) referenced from startup_mk64f12.o(RESET)
 <LI><a href="#[3a]">SPI0_IRQHandler</a> from startup_mk64f12.o(.text) referenced from startup_mk64f12.o(RESET)
 <LI><a href="#[3b]">SPI1_IRQHandler</a> from startup_mk64f12.o(.text) referenced from startup_mk64f12.o(RESET)
 <LI><a href="#[60]">SPI2_IRQHandler</a> from startup_mk64f12.o(.text) referenced from startup_mk64f12.o(RESET)
 <LI><a href="#[13]">SVC0_begin</a> from 3140.o(myProg) referenced from 3140.o(myProg)
 <LI><a href="#[14]">SVC1_terminate</a> from 3140.o(myProg) referenced from 3140.o(myProg)
 <LI><a href="#[1c]">SVC_Handler</a> from 3140.o(myProg) referenced from startup_mk64f12.o(RESET)
 <LI><a href="#[5f]">SWI_IRQHandler</a> from startup_mk64f12.o(.text) referenced from startup_mk64f12.o(RESET)
 <LI><a href="#[1f]">SysTick_Handler</a> from startup_mk64f12.o(.text) referenced from startup_mk64f12.o(RESET)
 <LI><a href="#[8]">SystemInit</a> from system_mk64f12.o(i.SystemInit) referenced from startup_mk64f12.o(.text)
 <LI><a href="#[40]">UART0_ERR_IRQHandler</a> from startup_mk64f12.o(.text) referenced from startup_mk64f12.o(RESET)
 <LI><a href="#[3e]">UART0_LON_IRQHandler</a> from startup_mk64f12.o(.text) referenced from startup_mk64f12.o(RESET)
 <LI><a href="#[3f]">UART0_RX_TX_IRQHandler</a> from startup_mk64f12.o(.text) referenced from startup_mk64f12.o(RESET)
 <LI><a href="#[42]">UART1_ERR_IRQHandler</a> from startup_mk64f12.o(.text) referenced from startup_mk64f12.o(RESET)
 <LI><a href="#[41]">UART1_RX_TX_IRQHandler</a> from startup_mk64f12.o(.text) referenced from startup_mk64f12.o(RESET)
 <LI><a href="#[44]">UART2_ERR_IRQHandler</a> from startup_mk64f12.o(.text) referenced from startup_mk64f12.o(RESET)
 <LI><a href="#[43]">UART2_RX_TX_IRQHandler</a> from startup_mk64f12.o(.text) referenced from startup_mk64f12.o(RESET)
 <LI><a href="#[46]">UART3_ERR_IRQHandler</a> from startup_mk64f12.o(.text) referenced from startup_mk64f12.o(RESET)
 <LI><a href="#[45]">UART3_RX_TX_IRQHandler</a> from startup_mk64f12.o(.text) referenced from startup_mk64f12.o(RESET)
 <LI><a href="#[62]">UART4_ERR_IRQHandler</a> from startup_mk64f12.o(.text) referenced from startup_mk64f12.o(RESET)
 <LI><a href="#[61]">UART4_RX_TX_IRQHandler</a> from startup_mk64f12.o(.text) referenced from startup_mk64f12.o(RESET)
 <LI><a href="#[64]">UART5_ERR_IRQHandler</a> from startup_mk64f12.o(.text) referenced from startup_mk64f12.o(RESET)
 <LI><a href="#[63]">UART5_RX_TX_IRQHandler</a> from startup_mk64f12.o(.text) referenced from startup_mk64f12.o(RESET)
 <LI><a href="#[d]">UART_HAL_ReceiveDataPolling</a> from fsl_uart_hal.o(i.UART_HAL_ReceiveDataPolling) referenced from fsl_debug_console.o(i.DbgConsole_Init)
 <LI><a href="#[c]">UART_HAL_SendDataPolling</a> from fsl_uart_hal.o(i.UART_HAL_SendDataPolling) referenced from fsl_debug_console.o(i.DbgConsole_Init)
 <LI><a href="#[54]">USB0_IRQHandler</a> from startup_mk64f12.o(.text) referenced from startup_mk64f12.o(RESET)
 <LI><a href="#[55]">USBDCD_IRQHandler</a> from startup_mk64f12.o(.text) referenced from startup_mk64f12.o(RESET)
 <LI><a href="#[1b]">UsageFault_Handler</a> from startup_mk64f12.o(.text) referenced from startup_mk64f12.o(RESET)
 <LI><a href="#[36]">WDOG_EWM_IRQHandler</a> from startup_mk64f12.o(.text) referenced from startup_mk64f12.o(RESET)
 <LI><a href="#[76]">__main</a> from __main.o(!!!main) referenced from startup_mk64f12.o(.text)
 <LI><a href="#[e]">debug_putc</a> from fsl_debug_console.o(i.debug_putc) referenced from fsl_debug_console.o(i.debug_printf)
 <LI><a href="#[9]">init_data_bss</a> from startup.o(i.init_data_bss) referenced from startup_mk64f12.o(.text)
 <LI><a href="#[f]">p1</a> from main_t1.o(i.p1) referenced from main_t1.o(i.main)
 <LI><a href="#[10]">p2</a> from main_t1.o(i.p2) referenced from main_t1.o(i.main)
 <LI><a href="#[11]">p3</a> from main_t1.o(i.p3) referenced from main_t1.o(i.main)
 <LI><a href="#[12]">process_terminated</a> from 3140.o(myProg) referenced from 3140_concur.o(i.process_stack_init)
 <LI><a href="#[12]">process_terminated</a> from 3140.o(myProg) referenced from process.o(i.process_stack_reinit)
</UL>
<P>
<H3>
Global Symbols
</H3>
<P><STRONG><a name="[76]"></a>__main</STRONG> (Thumb, 8 bytes, Stack size 0 bytes, __main.o(!!!main))
<BR><BR>[Calls]<UL><LI><a href="#[77]">&gt;&gt;</a>&nbsp;&nbsp;&nbsp;__scatterload
<LI><a href="#[78]">&gt;&gt;</a>&nbsp;&nbsp;&nbsp;__rt_entry
</UL>

<P><STRONG><a name="[77]"></a>__scatterload</STRONG> (Thumb, 0 bytes, Stack size unknown bytes, __scatter.o(!!!scatter))
<BR><BR>[Called By]<UL><LI><a href="#[76]">&gt;&gt;</a>&nbsp;&nbsp;&nbsp;__main
</UL>

<P><STRONG><a name="[79]"></a>__scatterload_rt2</STRONG> (Thumb, 44 bytes, Stack size unknown bytes, __scatter.o(!!!scatter), UNUSED)
<BR><BR>[Calls]<UL><LI><a href="#[78]">&gt;&gt;</a>&nbsp;&nbsp;&nbsp;__rt_entry
</UL>

<P><STRONG><a name="[117]"></a>__scatterload_rt2_thumb_only</STRONG> (Thumb, 0 bytes, Stack size unknown bytes, __scatter.o(!!!scatter), UNUSED)

<P><STRONG><a name="[118]"></a>__scatterload_null</STRONG> (Thumb, 0 bytes, Stack size unknown bytes, __scatter.o(!!!scatter), UNUSED)

<P><STRONG><a name="[7a]"></a>__scatterload_copy</STRONG> (Thumb, 26 bytes, Stack size unknown bytes, __scatter_copy.o(!!handler_copy), UNUSED)
<BR><BR>[Calls]<UL><LI><a href="#[7a]">&gt;&gt;</a>&nbsp;&nbsp;&nbsp;__scatterload_copy
</UL>
<BR>[Called By]<UL><LI><a href="#[7a]">&gt;&gt;</a>&nbsp;&nbsp;&nbsp;__scatterload_copy
</UL>

<P><STRONG><a name="[119]"></a>__scatterload_zeroinit</STRONG> (Thumb, 28 bytes, Stack size unknown bytes, __scatter_zi.o(!!handler_zi), UNUSED)

<P><STRONG><a name="[80]"></a>__rt_lib_init</STRONG> (Thumb, 0 bytes, Stack size unknown bytes, libinit.o(.ARM.Collect$$libinit$$00000000))
<BR><BR>[Called By]<UL><LI><a href="#[7f]">&gt;&gt;</a>&nbsp;&nbsp;&nbsp;__rt_entry_li
</UL>

<P><STRONG><a name="[7b]"></a>__rt_lib_init_fp_1</STRONG> (Thumb, 0 bytes, Stack size unknown bytes, libinit2.o(.ARM.Collect$$libinit$$00000001))
<BR><BR>[Calls]<UL><LI><a href="#[7c]">&gt;&gt;</a>&nbsp;&nbsp;&nbsp;_fp_init
</UL>

<P><STRONG><a name="[7d]"></a>__rt_lib_init_heap_2</STRONG> (Thumb, 0 bytes, Stack size unknown bytes, libinit5.o(.ARM.Collect$$libinit$$00000008))
<BR><BR>[Stack]<UL><LI>Max Depth = 64 + Unknown Stack Size
<LI>Call Chain = __rt_lib_init_heap_2 &rArr; _init_alloc &rArr; __rt_SIGRTMEM &rArr; __rt_SIGRTMEM_inner &rArr; __default_signal_display &rArr; _ttywrch
</UL>
<BR>[Calls]<UL><LI><a href="#[7e]">&gt;&gt;</a>&nbsp;&nbsp;&nbsp;_init_alloc
</UL>

<P><STRONG><a name="[11a]"></a>__rt_lib_init_preinit_1</STRONG> (Thumb, 0 bytes, Stack size unknown bytes, libinit2.o(.ARM.Collect$$libinit$$00000004))

<P><STRONG><a name="[11b]"></a>__rt_lib_init_alloca_1</STRONG> (Thumb, 0 bytes, Stack size unknown bytes, libinit2.o(.ARM.Collect$$libinit$$0000002E))

<P><STRONG><a name="[11c]"></a>__rt_lib_init_argv_1</STRONG> (Thumb, 0 bytes, Stack size unknown bytes, libinit2.o(.ARM.Collect$$libinit$$0000002C))

<P><STRONG><a name="[11d]"></a>__rt_lib_init_atexit_1</STRONG> (Thumb, 0 bytes, Stack size unknown bytes, libinit2.o(.ARM.Collect$$libinit$$0000001B))

<P><STRONG><a name="[11e]"></a>__rt_lib_init_clock_1</STRONG> (Thumb, 0 bytes, Stack size unknown bytes, libinit2.o(.ARM.Collect$$libinit$$00000021))

<P><STRONG><a name="[11f]"></a>__rt_lib_init_cpp_1</STRONG> (Thumb, 0 bytes, Stack size unknown bytes, libinit2.o(.ARM.Collect$$libinit$$00000032))

<P><STRONG><a name="[120]"></a>__rt_lib_init_exceptions_1</STRONG> (Thumb, 0 bytes, Stack size unknown bytes, libinit2.o(.ARM.Collect$$libinit$$00000030))

<P><STRONG><a name="[121]"></a>__rt_lib_init_fp_trap_1</STRONG> (Thumb, 0 bytes, Stack size unknown bytes, libinit2.o(.ARM.Collect$$libinit$$0000001F))

<P><STRONG><a name="[122]"></a>__rt_lib_init_getenv_1</STRONG> (Thumb, 0 bytes, Stack size unknown bytes, libinit2.o(.ARM.Collect$$libinit$$00000023))

<P><STRONG><a name="[123]"></a>__rt_lib_init_heap_1</STRONG> (Thumb, 0 bytes, Stack size unknown bytes, libinit2.o(.ARM.Collect$$libinit$$0000000A))

<P><STRONG><a name="[124]"></a>__rt_lib_init_lc_collate_1</STRONG> (Thumb, 0 bytes, Stack size unknown bytes, libinit2.o(.ARM.Collect$$libinit$$00000011))

<P><STRONG><a name="[125]"></a>__rt_lib_init_lc_ctype_1</STRONG> (Thumb, 0 bytes, Stack size unknown bytes, libinit2.o(.ARM.Collect$$libinit$$00000013))

<P><STRONG><a name="[126]"></a>__rt_lib_init_lc_monetary_1</STRONG> (Thumb, 0 bytes, Stack size unknown bytes, libinit2.o(.ARM.Collect$$libinit$$00000015))

<P><STRONG><a name="[127]"></a>__rt_lib_init_lc_numeric_1</STRONG> (Thumb, 0 bytes, Stack size unknown bytes, libinit2.o(.ARM.Collect$$libinit$$00000017))

<P><STRONG><a name="[128]"></a>__rt_lib_init_lc_time_1</STRONG> (Thumb, 0 bytes, Stack size unknown bytes, libinit2.o(.ARM.Collect$$libinit$$00000019))

<P><STRONG><a name="[129]"></a>__rt_lib_init_rand_1</STRONG> (Thumb, 0 bytes, Stack size unknown bytes, libinit2.o(.ARM.Collect$$libinit$$0000000E))

<P><STRONG><a name="[12a]"></a>__rt_lib_init_return</STRONG> (Thumb, 0 bytes, Stack size unknown bytes, libinit2.o(.ARM.Collect$$libinit$$00000033))

<P><STRONG><a name="[12b]"></a>__rt_lib_init_signal_1</STRONG> (Thumb, 0 bytes, Stack size unknown bytes, libinit2.o(.ARM.Collect$$libinit$$0000001D))

<P><STRONG><a name="[12c]"></a>__rt_lib_init_stdio_1</STRONG> (Thumb, 0 bytes, Stack size unknown bytes, libinit2.o(.ARM.Collect$$libinit$$00000025))

<P><STRONG><a name="[12d]"></a>__rt_lib_init_user_alloc_1</STRONG> (Thumb, 0 bytes, Stack size unknown bytes, libinit2.o(.ARM.Collect$$libinit$$0000000C))

<P><STRONG><a name="[85]"></a>__rt_lib_shutdown</STRONG> (Thumb, 0 bytes, Stack size unknown bytes, libshutdown.o(.ARM.Collect$$libshutdown$$00000000))
<BR><BR>[Called By]<UL><LI><a href="#[84]">&gt;&gt;</a>&nbsp;&nbsp;&nbsp;__rt_exit_ls
<LI><a href="#[8e]">&gt;&gt;</a>&nbsp;&nbsp;&nbsp;abort
</UL>

<P><STRONG><a name="[12e]"></a>__rt_lib_shutdown_cpp_1</STRONG> (Thumb, 0 bytes, Stack size unknown bytes, libshutdown2.o(.ARM.Collect$$libshutdown$$00000002))

<P><STRONG><a name="[12f]"></a>__rt_lib_shutdown_fp_trap_1</STRONG> (Thumb, 0 bytes, Stack size unknown bytes, libshutdown2.o(.ARM.Collect$$libshutdown$$00000007))

<P><STRONG><a name="[130]"></a>__rt_lib_shutdown_heap_1</STRONG> (Thumb, 0 bytes, Stack size unknown bytes, libshutdown2.o(.ARM.Collect$$libshutdown$$0000000F))

<P><STRONG><a name="[131]"></a>__rt_lib_shutdown_return</STRONG> (Thumb, 0 bytes, Stack size unknown bytes, libshutdown2.o(.ARM.Collect$$libshutdown$$00000010))

<P><STRONG><a name="[132]"></a>__rt_lib_shutdown_signal_1</STRONG> (Thumb, 0 bytes, Stack size unknown bytes, libshutdown2.o(.ARM.Collect$$libshutdown$$0000000A))

<P><STRONG><a name="[133]"></a>__rt_lib_shutdown_stdio_1</STRONG> (Thumb, 0 bytes, Stack size unknown bytes, libshutdown2.o(.ARM.Collect$$libshutdown$$00000004))

<P><STRONG><a name="[134]"></a>__rt_lib_shutdown_user_alloc_1</STRONG> (Thumb, 0 bytes, Stack size unknown bytes, libshutdown2.o(.ARM.Collect$$libshutdown$$0000000C))

<P><STRONG><a name="[78]"></a>__rt_entry</STRONG> (Thumb, 0 bytes, Stack size unknown bytes, __rtentry.o(.ARM.Collect$$rtentry$$00000000))
<BR><BR>[Called By]<UL><LI><a href="#[79]">&gt;&gt;</a>&nbsp;&nbsp;&nbsp;__scatterload_rt2
<LI><a href="#[76]">&gt;&gt;</a>&nbsp;&nbsp;&nbsp;__main
</UL>

<P><STRONG><a name="[135]"></a>__rt_entry_presh_1</STRONG> (Thumb, 0 bytes, Stack size unknown bytes, __rtentry2.o(.ARM.Collect$$rtentry$$00000002))

<P><STRONG><a name="[136]"></a>__rt_entry_sh</STRONG> (Thumb, 0 bytes, Stack size unknown bytes, __rtentry7.o(.ARM.Collect$$rtentry$$00000007))

<P><STRONG><a name="[7f]"></a>__rt_entry_li</STRONG> (Thumb, 0 bytes, Stack size unknown bytes, __rtentry2.o(.ARM.Collect$$rtentry$$0000000A))
<BR><BR>[Calls]<UL><LI><a href="#[80]">&gt;&gt;</a>&nbsp;&nbsp;&nbsp;__rt_lib_init
</UL>

<P><STRONG><a name="[137]"></a>__rt_entry_postsh_1</STRONG> (Thumb, 0 bytes, Stack size unknown bytes, __rtentry2.o(.ARM.Collect$$rtentry$$00000009))

<P><STRONG><a name="[81]"></a>__rt_entry_main</STRONG> (Thumb, 0 bytes, Stack size unknown bytes, __rtentry2.o(.ARM.Collect$$rtentry$$0000000D))
<BR><BR>[Stack]<UL><LI>Max Depth = 180 + Unknown Stack Size
<LI>Call Chain = __rt_entry_main &rArr; main &rArr; hardware_init &rArr; dbg_uart_init &rArr; DbgConsole_Init &rArr; CLOCK_SYS_GetUartFreq &rArr; CLOCK_SYS_GetSystemClockFreq &rArr; CLOCK_HAL_GetOutClk &rArr; CLOCK_HAL_GetFllClk &rArr; CLOCK_HAL_GetFllRefClk &rArr; CLOCK_HAL_TestFllExternalRefFreq
</UL>
<BR>[Calls]<UL><LI><a href="#[83]">&gt;&gt;</a>&nbsp;&nbsp;&nbsp;exit
<LI><a href="#[82]">&gt;&gt;</a>&nbsp;&nbsp;&nbsp;main
</UL>

<P><STRONG><a name="[138]"></a>__rt_entry_postli_1</STRONG> (Thumb, 0 bytes, Stack size unknown bytes, __rtentry2.o(.ARM.Collect$$rtentry$$0000000C))

<P><STRONG><a name="[98]"></a>__rt_exit</STRONG> (Thumb, 0 bytes, Stack size unknown bytes, rtexit.o(.ARM.Collect$$rtexit$$00000000))
<BR><BR>[Called By]<UL><LI><a href="#[83]">&gt;&gt;</a>&nbsp;&nbsp;&nbsp;exit
</UL>

<P><STRONG><a name="[84]"></a>__rt_exit_ls</STRONG> (Thumb, 0 bytes, Stack size unknown bytes, rtexit2.o(.ARM.Collect$$rtexit$$00000003))
<BR><BR>[Calls]<UL><LI><a href="#[85]">&gt;&gt;</a>&nbsp;&nbsp;&nbsp;__rt_lib_shutdown
</UL>

<P><STRONG><a name="[139]"></a>__rt_exit_prels_1</STRONG> (Thumb, 0 bytes, Stack size unknown bytes, rtexit2.o(.ARM.Collect$$rtexit$$00000002))

<P><STRONG><a name="[86]"></a>__rt_exit_exit</STRONG> (Thumb, 0 bytes, Stack size unknown bytes, rtexit2.o(.ARM.Collect$$rtexit$$00000004))
<BR><BR>[Calls]<UL><LI><a href="#[87]">&gt;&gt;</a>&nbsp;&nbsp;&nbsp;_sys_exit
</UL>

<P><STRONG><a name="[16]"></a>Reset_Handler</STRONG> (Thumb, 18 bytes, Stack size 0 bytes, startup_mk64f12.o(.text))
<BR>[Address Reference Count : 1]<UL><LI> startup_mk64f12.o(RESET)
</UL>
<P><STRONG><a name="[13a]"></a>_maybe_terminate_alloc</STRONG> (Thumb, 0 bytes, Stack size 0 bytes, maybetermalloc1.o(.emb_text), UNUSED)

<P><STRONG><a name="[17]"></a>NMI_Handler</STRONG> (Thumb, 2 bytes, Stack size 0 bytes, startup_mk64f12.o(.text))
<BR><BR>[Calls]<UL><LI><a href="#[17]">&gt;&gt;</a>&nbsp;&nbsp;&nbsp;NMI_Handler
</UL>
<BR>[Called By]<UL><LI><a href="#[17]">&gt;&gt;</a>&nbsp;&nbsp;&nbsp;NMI_Handler
</UL>
<BR>[Address Reference Count : 1]<UL><LI> startup_mk64f12.o(RESET)
</UL>
<P><STRONG><a name="[18]"></a>HardFault_Handler</STRONG> (Thumb, 2 bytes, Stack size 0 bytes, startup_mk64f12.o(.text))
<BR><BR>[Calls]<UL><LI><a href="#[18]">&gt;&gt;</a>&nbsp;&nbsp;&nbsp;HardFault_Handler
</UL>
<BR>[Called By]<UL><LI><a href="#[18]">&gt;&gt;</a>&nbsp;&nbsp;&nbsp;HardFault_Handler
</UL>
<BR>[Address Reference Count : 1]<UL><LI> startup_mk64f12.o(RESET)
</UL>
<P><STRONG><a name="[19]"></a>MemManage_Handler</STRONG> (Thumb, 2 bytes, Stack size 0 bytes, startup_mk64f12.o(.text))
<BR><BR>[Calls]<UL><LI><a href="#[19]">&gt;&gt;</a>&nbsp;&nbsp;&nbsp;MemManage_Handler
</UL>
<BR>[Called By]<UL><LI><a href="#[19]">&gt;&gt;</a>&nbsp;&nbsp;&nbsp;MemManage_Handler
</UL>
<BR>[Address Reference Count : 1]<UL><LI> startup_mk64f12.o(RESET)
</UL>
<P><STRONG><a name="[1a]"></a>BusFault_Handler</STRONG> (Thumb, 2 bytes, Stack size 0 bytes, startup_mk64f12.o(.text))
<BR><BR>[Calls]<UL><LI><a href="#[1a]">&gt;&gt;</a>&nbsp;&nbsp;&nbsp;BusFault_Handler
</UL>
<BR>[Called By]<UL><LI><a href="#[1a]">&gt;&gt;</a>&nbsp;&nbsp;&nbsp;BusFault_Handler
</UL>
<BR>[Address Reference Count : 1]<UL><LI> startup_mk64f12.o(RESET)
</UL>
<P><STRONG><a name="[1b]"></a>UsageFault_Handler</STRONG> (Thumb, 2 bytes, Stack size 0 bytes, startup_mk64f12.o(.text))
<BR><BR>[Calls]<UL><LI><a href="#[1b]">&gt;&gt;</a>&nbsp;&nbsp;&nbsp;UsageFault_Handler
</UL>
<BR>[Called By]<UL><LI><a href="#[1b]">&gt;&gt;</a>&nbsp;&nbsp;&nbsp;UsageFault_Handler
</UL>
<BR>[Address Reference Count : 1]<UL><LI> startup_mk64f12.o(RESET)
</UL>
<P><STRONG><a name="[1d]"></a>DebugMon_Handler</STRONG> (Thumb, 2 bytes, Stack size 0 bytes, startup_mk64f12.o(.text))
<BR><BR>[Calls]<UL><LI><a href="#[1d]">&gt;&gt;</a>&nbsp;&nbsp;&nbsp;DebugMon_Handler
</UL>
<BR>[Called By]<UL><LI><a href="#[1d]">&gt;&gt;</a>&nbsp;&nbsp;&nbsp;DebugMon_Handler
</UL>
<BR>[Address Reference Count : 1]<UL><LI> startup_mk64f12.o(RESET)
</UL>
<P><STRONG><a name="[1e]"></a>PendSV_Handler</STRONG> (Thumb, 2 bytes, Stack size 0 bytes, startup_mk64f12.o(.text))
<BR><BR>[Calls]<UL><LI><a href="#[1e]">&gt;&gt;</a>&nbsp;&nbsp;&nbsp;PendSV_Handler
</UL>
<BR>[Called By]<UL><LI><a href="#[1e]">&gt;&gt;</a>&nbsp;&nbsp;&nbsp;PendSV_Handler
</UL>
<BR>[Address Reference Count : 1]<UL><LI> startup_mk64f12.o(RESET)
</UL>
<P><STRONG><a name="[1f]"></a>SysTick_Handler</STRONG> (Thumb, 2 bytes, Stack size 0 bytes, startup_mk64f12.o(.text))
<BR><BR>[Calls]<UL><LI><a href="#[1f]">&gt;&gt;</a>&nbsp;&nbsp;&nbsp;SysTick_Handler
</UL>
<BR>[Called By]<UL><LI><a href="#[1f]">&gt;&gt;</a>&nbsp;&nbsp;&nbsp;SysTick_Handler
</UL>
<BR>[Address Reference Count : 1]<UL><LI> startup_mk64f12.o(RESET)
</UL>
<P><STRONG><a name="[47]"></a>ADC0_IRQHandler</STRONG> (Thumb, 0 bytes, Stack size 0 bytes, startup_mk64f12.o(.text))
<BR><BR>[Calls]<UL><LI><a href="#[75]">&gt;&gt;</a>&nbsp;&nbsp;&nbsp;DefaultISR
</UL>
<BR>[Address Reference Count : 1]<UL><LI> startup_mk64f12.o(RESET)
</UL>
<P><STRONG><a name="[68]"></a>ADC1_IRQHandler</STRONG> (Thumb, 0 bytes, Stack size 0 bytes, startup_mk64f12.o(.text))
<BR>[Address Reference Count : 1]<UL><LI> startup_mk64f12.o(RESET)
</UL>
<P><STRONG><a name="[6b]"></a>CAN0_Bus_Off_IRQHandler</STRONG> (Thumb, 0 bytes, Stack size 0 bytes, startup_mk64f12.o(.text))
<BR>[Address Reference Count : 1]<UL><LI> startup_mk64f12.o(RESET)
</UL>
<P><STRONG><a name="[6c]"></a>CAN0_Error_IRQHandler</STRONG> (Thumb, 0 bytes, Stack size 0 bytes, startup_mk64f12.o(.text))
<BR>[Address Reference Count : 1]<UL><LI> startup_mk64f12.o(RESET)
</UL>
<P><STRONG><a name="[6a]"></a>CAN0_ORed_Message_buffer_IRQHandler</STRONG> (Thumb, 0 bytes, Stack size 0 bytes, startup_mk64f12.o(.text))
<BR>[Address Reference Count : 1]<UL><LI> startup_mk64f12.o(RESET)
</UL>
<P><STRONG><a name="[6e]"></a>CAN0_Rx_Warning_IRQHandler</STRONG> (Thumb, 0 bytes, Stack size 0 bytes, startup_mk64f12.o(.text))
<BR>[Address Reference Count : 1]<UL><LI> startup_mk64f12.o(RESET)
</UL>
<P><STRONG><a name="[6d]"></a>CAN0_Tx_Warning_IRQHandler</STRONG> (Thumb, 0 bytes, Stack size 0 bytes, startup_mk64f12.o(.text))
<BR>[Address Reference Count : 1]<UL><LI> startup_mk64f12.o(RESET)
</UL>
<P><STRONG><a name="[6f]"></a>CAN0_Wake_Up_IRQHandler</STRONG> (Thumb, 0 bytes, Stack size 0 bytes, startup_mk64f12.o(.text))
<BR>[Address Reference Count : 1]<UL><LI> startup_mk64f12.o(RESET)
</UL>
<P><STRONG><a name="[48]"></a>CMP0_IRQHandler</STRONG> (Thumb, 0 bytes, Stack size 0 bytes, startup_mk64f12.o(.text))
<BR>[Address Reference Count : 1]<UL><LI> startup_mk64f12.o(RESET)
</UL>
<P><STRONG><a name="[49]"></a>CMP1_IRQHandler</STRONG> (Thumb, 0 bytes, Stack size 0 bytes, startup_mk64f12.o(.text))
<BR>[Address Reference Count : 1]<UL><LI> startup_mk64f12.o(RESET)
</UL>
<P><STRONG><a name="[65]"></a>CMP2_IRQHandler</STRONG> (Thumb, 0 bytes, Stack size 0 bytes, startup_mk64f12.o(.text))
<BR>[Address Reference Count : 1]<UL><LI> startup_mk64f12.o(RESET)
</UL>
<P><STRONG><a name="[4d]"></a>CMT_IRQHandler</STRONG> (Thumb, 0 bytes, Stack size 0 bytes, startup_mk64f12.o(.text))
<BR>[Address Reference Count : 1]<UL><LI> startup_mk64f12.o(RESET)
</UL>
<P><STRONG><a name="[57]"></a>DAC0_IRQHandler</STRONG> (Thumb, 0 bytes, Stack size 0 bytes, startup_mk64f12.o(.text))
<BR>[Address Reference Count : 1]<UL><LI> startup_mk64f12.o(RESET)
</UL>
<P><STRONG><a name="[67]"></a>DAC1_IRQHandler</STRONG> (Thumb, 0 bytes, Stack size 0 bytes, startup_mk64f12.o(.text))
<BR>[Address Reference Count : 1]<UL><LI> startup_mk64f12.o(RESET)
</UL>
<P><STRONG><a name="[20]"></a>DMA0_IRQHandler</STRONG> (Thumb, 0 bytes, Stack size 0 bytes, startup_mk64f12.o(.text))
<BR>[Address Reference Count : 1]<UL><LI> startup_mk64f12.o(RESET)
</UL>
<P><STRONG><a name="[2a]"></a>DMA10_IRQHandler</STRONG> (Thumb, 0 bytes, Stack size 0 bytes, startup_mk64f12.o(.text))
<BR>[Address Reference Count : 1]<UL><LI> startup_mk64f12.o(RESET)
</UL>
<P><STRONG><a name="[2b]"></a>DMA11_IRQHandler</STRONG> (Thumb, 0 bytes, Stack size 0 bytes, startup_mk64f12.o(.text))
<BR>[Address Reference Count : 1]<UL><LI> startup_mk64f12.o(RESET)
</UL>
<P><STRONG><a name="[2c]"></a>DMA12_IRQHandler</STRONG> (Thumb, 0 bytes, Stack size 0 bytes, startup_mk64f12.o(.text))
<BR>[Address Reference Count : 1]<UL><LI> startup_mk64f12.o(RESET)
</UL>
<P><STRONG><a name="[2d]"></a>DMA13_IRQHandler</STRONG> (Thumb, 0 bytes, Stack size 0 bytes, startup_mk64f12.o(.text))
<BR>[Address Reference Count : 1]<UL><LI> startup_mk64f12.o(RESET)
</UL>
<P><STRONG><a name="[2e]"></a>DMA14_IRQHandler</STRONG> (Thumb, 0 bytes, Stack size 0 bytes, startup_mk64f12.o(.text))
<BR>[Address Reference Count : 1]<UL><LI> startup_mk64f12.o(RESET)
</UL>
<P><STRONG><a name="[2f]"></a>DMA15_IRQHandler</STRONG> (Thumb, 0 bytes, Stack size 0 bytes, startup_mk64f12.o(.text))
<BR>[Address Reference Count : 1]<UL><LI> startup_mk64f12.o(RESET)
</UL>
<P><STRONG><a name="[21]"></a>DMA1_IRQHandler</STRONG> (Thumb, 0 bytes, Stack size 0 bytes, startup_mk64f12.o(.text))
<BR>[Address Reference Count : 1]<UL><LI> startup_mk64f12.o(RESET)
</UL>
<P><STRONG><a name="[22]"></a>DMA2_IRQHandler</STRONG> (Thumb, 0 bytes, Stack size 0 bytes, startup_mk64f12.o(.text))
<BR>[Address Reference Count : 1]<UL><LI> startup_mk64f12.o(RESET)
</UL>
<P><STRONG><a name="[23]"></a>DMA3_IRQHandler</STRONG> (Thumb, 0 bytes, Stack size 0 bytes, startup_mk64f12.o(.text))
<BR>[Address Reference Count : 1]<UL><LI> startup_mk64f12.o(RESET)
</UL>
<P><STRONG><a name="[24]"></a>DMA4_IRQHandler</STRONG> (Thumb, 0 bytes, Stack size 0 bytes, startup_mk64f12.o(.text))
<BR>[Address Reference Count : 1]<UL><LI> startup_mk64f12.o(RESET)
</UL>
<P><STRONG><a name="[25]"></a>DMA5_IRQHandler</STRONG> (Thumb, 0 bytes, Stack size 0 bytes, startup_mk64f12.o(.text))
<BR>[Address Reference Count : 1]<UL><LI> startup_mk64f12.o(RESET)
</UL>
<P><STRONG><a name="[26]"></a>DMA6_IRQHandler</STRONG> (Thumb, 0 bytes, Stack size 0 bytes, startup_mk64f12.o(.text))
<BR>[Address Reference Count : 1]<UL><LI> startup_mk64f12.o(RESET)
</UL>
<P><STRONG><a name="[27]"></a>DMA7_IRQHandler</STRONG> (Thumb, 0 bytes, Stack size 0 bytes, startup_mk64f12.o(.text))
<BR>[Address Reference Count : 1]<UL><LI> startup_mk64f12.o(RESET)
</UL>
<P><STRONG><a name="[28]"></a>DMA8_IRQHandler</STRONG> (Thumb, 0 bytes, Stack size 0 bytes, startup_mk64f12.o(.text))
<BR>[Address Reference Count : 1]<UL><LI> startup_mk64f12.o(RESET)
</UL>
<P><STRONG><a name="[29]"></a>DMA9_IRQHandler</STRONG> (Thumb, 0 bytes, Stack size 0 bytes, startup_mk64f12.o(.text))
<BR>[Address Reference Count : 1]<UL><LI> startup_mk64f12.o(RESET)
</UL>
<P><STRONG><a name="[30]"></a>DMA_Error_IRQHandler</STRONG> (Thumb, 0 bytes, Stack size 0 bytes, startup_mk64f12.o(.text))
<BR>[Address Reference Count : 1]<UL><LI> startup_mk64f12.o(RESET)
</UL>
<P><STRONG><a name="[75]"></a>DefaultISR</STRONG> (Thumb, 0 bytes, Stack size 0 bytes, startup_mk64f12.o(.text))
<BR><BR>[Called By]<UL><LI><a href="#[47]">&gt;&gt;</a>&nbsp;&nbsp;&nbsp;ADC0_IRQHandler
</UL>
<BR>[Address Reference Count : 1]<UL><LI> startup_mk64f12.o(RESET)
</UL>
<P><STRONG><a name="[71]"></a>ENET_1588_Timer_IRQHandler</STRONG> (Thumb, 0 bytes, Stack size 0 bytes, startup_mk64f12.o(.text))
<BR>[Address Reference Count : 1]<UL><LI> startup_mk64f12.o(RESET)
</UL>
<P><STRONG><a name="[74]"></a>ENET_Error_IRQHandler</STRONG> (Thumb, 0 bytes, Stack size 0 bytes, startup_mk64f12.o(.text))
<BR>[Address Reference Count : 1]<UL><LI> startup_mk64f12.o(RESET)
</UL>
<P><STRONG><a name="[73]"></a>ENET_Receive_IRQHandler</STRONG> (Thumb, 0 bytes, Stack size 0 bytes, startup_mk64f12.o(.text))
<BR>[Address Reference Count : 1]<UL><LI> startup_mk64f12.o(RESET)
</UL>
<P><STRONG><a name="[72]"></a>ENET_Transmit_IRQHandler</STRONG> (Thumb, 0 bytes, Stack size 0 bytes, startup_mk64f12.o(.text))
<BR>[Address Reference Count : 1]<UL><LI> startup_mk64f12.o(RESET)
</UL>
<P><STRONG><a name="[32]"></a>FTFE_IRQHandler</STRONG> (Thumb, 0 bytes, Stack size 0 bytes, startup_mk64f12.o(.text))
<BR>[Address Reference Count : 1]<UL><LI> startup_mk64f12.o(RESET)
</UL>
<P><STRONG><a name="[4a]"></a>FTM0_IRQHandler</STRONG> (Thumb, 0 bytes, Stack size 0 bytes, startup_mk64f12.o(.text))
<BR>[Address Reference Count : 1]<UL><LI> startup_mk64f12.o(RESET)
</UL>
<P><STRONG><a name="[4b]"></a>FTM1_IRQHandler</STRONG> (Thumb, 0 bytes, Stack size 0 bytes, startup_mk64f12.o(.text))
<BR>[Address Reference Count : 1]<UL><LI> startup_mk64f12.o(RESET)
</UL>
<P><STRONG><a name="[4c]"></a>FTM2_IRQHandler</STRONG> (Thumb, 0 bytes, Stack size 0 bytes, startup_mk64f12.o(.text))
<BR>[Address Reference Count : 1]<UL><LI> startup_mk64f12.o(RESET)
</UL>
<P><STRONG><a name="[66]"></a>FTM3_IRQHandler</STRONG> (Thumb, 0 bytes, Stack size 0 bytes, startup_mk64f12.o(.text))
<BR>[Address Reference Count : 1]<UL><LI> startup_mk64f12.o(RESET)
</UL>
<P><STRONG><a name="[38]"></a>I2C0_IRQHandler</STRONG> (Thumb, 0 bytes, Stack size 0 bytes, startup_mk64f12.o(.text))
<BR>[Address Reference Count : 1]<UL><LI> startup_mk64f12.o(RESET)
</UL>
<P><STRONG><a name="[39]"></a>I2C1_IRQHandler</STRONG> (Thumb, 0 bytes, Stack size 0 bytes, startup_mk64f12.o(.text))
<BR>[Address Reference Count : 1]<UL><LI> startup_mk64f12.o(RESET)
</UL>
<P><STRONG><a name="[69]"></a>I2C2_IRQHandler</STRONG> (Thumb, 0 bytes, Stack size 0 bytes, startup_mk64f12.o(.text))
<BR>[Address Reference Count : 1]<UL><LI> startup_mk64f12.o(RESET)
</UL>
<P><STRONG><a name="[3d]"></a>I2S0_Rx_IRQHandler</STRONG> (Thumb, 0 bytes, Stack size 0 bytes, startup_mk64f12.o(.text))
<BR>[Address Reference Count : 1]<UL><LI> startup_mk64f12.o(RESET)
</UL>
<P><STRONG><a name="[3c]"></a>I2S0_Tx_IRQHandler</STRONG> (Thumb, 0 bytes, Stack size 0 bytes, startup_mk64f12.o(.text))
<BR>[Address Reference Count : 1]<UL><LI> startup_mk64f12.o(RESET)
</UL>
<P><STRONG><a name="[35]"></a>LLWU_IRQHandler</STRONG> (Thumb, 0 bytes, Stack size 0 bytes, startup_mk64f12.o(.text))
<BR>[Address Reference Count : 1]<UL><LI> startup_mk64f12.o(RESET)
</UL>
<P><STRONG><a name="[59]"></a>LPTMR0_IRQHandler</STRONG> (Thumb, 0 bytes, Stack size 0 bytes, startup_mk64f12.o(.text))
<BR>[Address Reference Count : 1]<UL><LI> startup_mk64f12.o(RESET)
</UL>
<P><STRONG><a name="[34]"></a>LVD_LVW_IRQHandler</STRONG> (Thumb, 0 bytes, Stack size 0 bytes, startup_mk64f12.o(.text))
<BR>[Address Reference Count : 1]<UL><LI> startup_mk64f12.o(RESET)
</UL>
<P><STRONG><a name="[58]"></a>MCG_IRQHandler</STRONG> (Thumb, 0 bytes, Stack size 0 bytes, startup_mk64f12.o(.text))
<BR>[Address Reference Count : 1]<UL><LI> startup_mk64f12.o(RESET)
</UL>
<P><STRONG><a name="[31]"></a>MCM_IRQHandler</STRONG> (Thumb, 0 bytes, Stack size 0 bytes, startup_mk64f12.o(.text))
<BR>[Address Reference Count : 1]<UL><LI> startup_mk64f12.o(RESET)
</UL>
<P><STRONG><a name="[53]"></a>PDB0_IRQHandler</STRONG> (Thumb, 0 bytes, Stack size 0 bytes, startup_mk64f12.o(.text))
<BR>[Address Reference Count : 1]<UL><LI> startup_mk64f12.o(RESET)
</UL>
<P><STRONG><a name="[51]"></a>PIT2_IRQHandler</STRONG> (Thumb, 0 bytes, Stack size 0 bytes, startup_mk64f12.o(.text))
<BR>[Address Reference Count : 1]<UL><LI> startup_mk64f12.o(RESET)
</UL>
<P><STRONG><a name="[52]"></a>PIT3_IRQHandler</STRONG> (Thumb, 0 bytes, Stack size 0 bytes, startup_mk64f12.o(.text))
<BR>[Address Reference Count : 1]<UL><LI> startup_mk64f12.o(RESET)
</UL>
<P><STRONG><a name="[5a]"></a>PORTA_IRQHandler</STRONG> (Thumb, 0 bytes, Stack size 0 bytes, startup_mk64f12.o(.text))
<BR>[Address Reference Count : 1]<UL><LI> startup_mk64f12.o(RESET)
</UL>
<P><STRONG><a name="[5b]"></a>PORTB_IRQHandler</STRONG> (Thumb, 0 bytes, Stack size 0 bytes, startup_mk64f12.o(.text))
<BR>[Address Reference Count : 1]<UL><LI> startup_mk64f12.o(RESET)
</UL>
<P><STRONG><a name="[5c]"></a>PORTC_IRQHandler</STRONG> (Thumb, 0 bytes, Stack size 0 bytes, startup_mk64f12.o(.text))
<BR>[Address Reference Count : 1]<UL><LI> startup_mk64f12.o(RESET)
</UL>
<P><STRONG><a name="[5d]"></a>PORTD_IRQHandler</STRONG> (Thumb, 0 bytes, Stack size 0 bytes, startup_mk64f12.o(.text))
<BR>[Address Reference Count : 1]<UL><LI> startup_mk64f12.o(RESET)
</UL>
<P><STRONG><a name="[5e]"></a>PORTE_IRQHandler</STRONG> (Thumb, 0 bytes, Stack size 0 bytes, startup_mk64f12.o(.text))
<BR>[Address Reference Count : 1]<UL><LI> startup_mk64f12.o(RESET)
</UL>
<P><STRONG><a name="[37]"></a>RNG_IRQHandler</STRONG> (Thumb, 0 bytes, Stack size 0 bytes, startup_mk64f12.o(.text))
<BR>[Address Reference Count : 1]<UL><LI> startup_mk64f12.o(RESET)
</UL>
<P><STRONG><a name="[4e]"></a>RTC_IRQHandler</STRONG> (Thumb, 0 bytes, Stack size 0 bytes, startup_mk64f12.o(.text))
<BR>[Address Reference Count : 1]<UL><LI> startup_mk64f12.o(RESET)
</UL>
<P><STRONG><a name="[4f]"></a>RTC_Seconds_IRQHandler</STRONG> (Thumb, 0 bytes, Stack size 0 bytes, startup_mk64f12.o(.text))
<BR>[Address Reference Count : 1]<UL><LI> startup_mk64f12.o(RESET)
</UL>
<P><STRONG><a name="[33]"></a>Read_Collision_IRQHandler</STRONG> (Thumb, 0 bytes, Stack size 0 bytes, startup_mk64f12.o(.text))
<BR>[Address Reference Count : 1]<UL><LI> startup_mk64f12.o(RESET)
</UL>
<P><STRONG><a name="[56]"></a>Reserved71_IRQHandler</STRONG> (Thumb, 0 bytes, Stack size 0 bytes, startup_mk64f12.o(.text))
<BR>[Address Reference Count : 1]<UL><LI> startup_mk64f12.o(RESET)
</UL>
<P><STRONG><a name="[70]"></a>SDHC_IRQHandler</STRONG> (Thumb, 0 bytes, Stack size 0 bytes, startup_mk64f12.o(.text))
<BR>[Address Reference Count : 1]<UL><LI> startup_mk64f12.o(RESET)
</UL>
<P><STRONG><a name="[3a]"></a>SPI0_IRQHandler</STRONG> (Thumb, 0 bytes, Stack size 0 bytes, startup_mk64f12.o(.text))
<BR>[Address Reference Count : 1]<UL><LI> startup_mk64f12.o(RESET)
</UL>
<P><STRONG><a name="[3b]"></a>SPI1_IRQHandler</STRONG> (Thumb, 0 bytes, Stack size 0 bytes, startup_mk64f12.o(.text))
<BR>[Address Reference Count : 1]<UL><LI> startup_mk64f12.o(RESET)
</UL>
<P><STRONG><a name="[60]"></a>SPI2_IRQHandler</STRONG> (Thumb, 0 bytes, Stack size 0 bytes, startup_mk64f12.o(.text))
<BR>[Address Reference Count : 1]<UL><LI> startup_mk64f12.o(RESET)
</UL>
<P><STRONG><a name="[5f]"></a>SWI_IRQHandler</STRONG> (Thumb, 0 bytes, Stack size 0 bytes, startup_mk64f12.o(.text))
<BR>[Address Reference Count : 1]<UL><LI> startup_mk64f12.o(RESET)
</UL>
<P><STRONG><a name="[40]"></a>UART0_ERR_IRQHandler</STRONG> (Thumb, 0 bytes, Stack size 0 bytes, startup_mk64f12.o(.text))
<BR>[Address Reference Count : 1]<UL><LI> startup_mk64f12.o(RESET)
</UL>
<P><STRONG><a name="[3e]"></a>UART0_LON_IRQHandler</STRONG> (Thumb, 0 bytes, Stack size 0 bytes, startup_mk64f12.o(.text))
<BR>[Address Reference Count : 1]<UL><LI> startup_mk64f12.o(RESET)
</UL>
<P><STRONG><a name="[3f]"></a>UART0_RX_TX_IRQHandler</STRONG> (Thumb, 0 bytes, Stack size 0 bytes, startup_mk64f12.o(.text))
<BR>[Address Reference Count : 1]<UL><LI> startup_mk64f12.o(RESET)
</UL>
<P><STRONG><a name="[42]"></a>UART1_ERR_IRQHandler</STRONG> (Thumb, 0 bytes, Stack size 0 bytes, startup_mk64f12.o(.text))
<BR>[Address Reference Count : 1]<UL><LI> startup_mk64f12.o(RESET)
</UL>
<P><STRONG><a name="[41]"></a>UART1_RX_TX_IRQHandler</STRONG> (Thumb, 0 bytes, Stack size 0 bytes, startup_mk64f12.o(.text))
<BR>[Address Reference Count : 1]<UL><LI> startup_mk64f12.o(RESET)
</UL>
<P><STRONG><a name="[44]"></a>UART2_ERR_IRQHandler</STRONG> (Thumb, 0 bytes, Stack size 0 bytes, startup_mk64f12.o(.text))
<BR>[Address Reference Count : 1]<UL><LI> startup_mk64f12.o(RESET)
</UL>
<P><STRONG><a name="[43]"></a>UART2_RX_TX_IRQHandler</STRONG> (Thumb, 0 bytes, Stack size 0 bytes, startup_mk64f12.o(.text))
<BR>[Address Reference Count : 1]<UL><LI> startup_mk64f12.o(RESET)
</UL>
<P><STRONG><a name="[46]"></a>UART3_ERR_IRQHandler</STRONG> (Thumb, 0 bytes, Stack size 0 bytes, startup_mk64f12.o(.text))
<BR>[Address Reference Count : 1]<UL><LI> startup_mk64f12.o(RESET)
</UL>
<P><STRONG><a name="[45]"></a>UART3_RX_TX_IRQHandler</STRONG> (Thumb, 0 bytes, Stack size 0 bytes, startup_mk64f12.o(.text))
<BR>[Address Reference Count : 1]<UL><LI> startup_mk64f12.o(RESET)
</UL>
<P><STRONG><a name="[62]"></a>UART4_ERR_IRQHandler</STRONG> (Thumb, 0 bytes, Stack size 0 bytes, startup_mk64f12.o(.text))
<BR>[Address Reference Count : 1]<UL><LI> startup_mk64f12.o(RESET)
</UL>
<P><STRONG><a name="[61]"></a>UART4_RX_TX_IRQHandler</STRONG> (Thumb, 0 bytes, Stack size 0 bytes, startup_mk64f12.o(.text))
<BR>[Address Reference Count : 1]<UL><LI> startup_mk64f12.o(RESET)
</UL>
<P><STRONG><a name="[64]"></a>UART5_ERR_IRQHandler</STRONG> (Thumb, 0 bytes, Stack size 0 bytes, startup_mk64f12.o(.text))
<BR>[Address Reference Count : 1]<UL><LI> startup_mk64f12.o(RESET)
</UL>
<P><STRONG><a name="[63]"></a>UART5_RX_TX_IRQHandler</STRONG> (Thumb, 0 bytes, Stack size 0 bytes, startup_mk64f12.o(.text))
<BR>[Address Reference Count : 1]<UL><LI> startup_mk64f12.o(RESET)
</UL>
<P><STRONG><a name="[54]"></a>USB0_IRQHandler</STRONG> (Thumb, 0 bytes, Stack size 0 bytes, startup_mk64f12.o(.text))
<BR>[Address Reference Count : 1]<UL><LI> startup_mk64f12.o(RESET)
</UL>
<P><STRONG><a name="[55]"></a>USBDCD_IRQHandler</STRONG> (Thumb, 0 bytes, Stack size 0 bytes, startup_mk64f12.o(.text))
<BR>[Address Reference Count : 1]<UL><LI> startup_mk64f12.o(RESET)
</UL>
<P><STRONG><a name="[36]"></a>WDOG_EWM_IRQHandler</STRONG> (Thumb, 0 bytes, Stack size 0 bytes, startup_mk64f12.o(.text))
<BR>[Address Reference Count : 1]<UL><LI> startup_mk64f12.o(RESET)
</UL>
<P><STRONG><a name="[88]"></a>malloc</STRONG> (Thumb, 94 bytes, Stack size 16 bytes, h1_alloc.o(.text))
<BR><BR>[Stack]<UL><LI>Max Depth = 48<LI>Call Chain = malloc &rArr; __Heap_Full &rArr; __Heap_ProvideMemory &rArr; free
</UL>
<BR>[Calls]<UL><LI><a href="#[8a]">&gt;&gt;</a>&nbsp;&nbsp;&nbsp;__Heap_Full
<LI><a href="#[89]">&gt;&gt;</a>&nbsp;&nbsp;&nbsp;__rt_heap_descriptor
</UL>
<BR>[Called By]<UL><LI><a href="#[ec]">&gt;&gt;</a>&nbsp;&nbsp;&nbsp;process_rt_periodic_create
<LI><a href="#[fe]">&gt;&gt;</a>&nbsp;&nbsp;&nbsp;process_stack_init
</UL>

<P><STRONG><a name="[8b]"></a>free</STRONG> (Thumb, 78 bytes, Stack size 16 bytes, h1_free.o(.text))
<BR><BR>[Stack]<UL><LI>Max Depth = 16<LI>Call Chain = free
</UL>
<BR>[Calls]<UL><LI><a href="#[89]">&gt;&gt;</a>&nbsp;&nbsp;&nbsp;__rt_heap_descriptor
</UL>
<BR>[Called By]<UL><LI><a href="#[8f]">&gt;&gt;</a>&nbsp;&nbsp;&nbsp;__Heap_ProvideMemory
<LI><a href="#[101]">&gt;&gt;</a>&nbsp;&nbsp;&nbsp;process_stack_free
<LI><a href="#[ff]">&gt;&gt;</a>&nbsp;&nbsp;&nbsp;process_select
</UL>

<P><STRONG><a name="[8c]"></a>__aeabi_assert</STRONG> (Thumb, 86 bytes, Stack size 16 bytes, assert.o(.text))
<BR><BR>[Stack]<UL><LI>Max Depth = 64 + Unknown Stack Size
<LI>Call Chain = __aeabi_assert &rArr; abort &rArr; __rt_SIGABRT &rArr; __rt_SIGABRT_inner &rArr; __default_signal_display &rArr; _ttywrch
</UL>
<BR>[Calls]<UL><LI><a href="#[8d]">&gt;&gt;</a>&nbsp;&nbsp;&nbsp;__assert_puts
<LI><a href="#[8e]">&gt;&gt;</a>&nbsp;&nbsp;&nbsp;abort
</UL>
<BR>[Called By]<UL><LI><a href="#[b7]">&gt;&gt;</a>&nbsp;&nbsp;&nbsp;CLOCK_SYS_EnablePortClock
<LI><a href="#[d3]">&gt;&gt;</a>&nbsp;&nbsp;&nbsp;PORT_HAL_SetMuxMode
<LI><a href="#[9d]">&gt;&gt;</a>&nbsp;&nbsp;&nbsp;CLOCK_SYS_SetConfiguration
<LI><a href="#[9f]">&gt;&gt;</a>&nbsp;&nbsp;&nbsp;CLOCK_SYS_RtcOscInit
<LI><a href="#[9e]">&gt;&gt;</a>&nbsp;&nbsp;&nbsp;CLOCK_SYS_OscInit
<LI><a href="#[9a]">&gt;&gt;</a>&nbsp;&nbsp;&nbsp;BOARD_ClockInit
<LI><a href="#[b9]">&gt;&gt;</a>&nbsp;&nbsp;&nbsp;CLOCK_SYS_EnableUartClock
</UL>

<P><STRONG><a name="[13b]"></a>__assert</STRONG> (Thumb, 0 bytes, Stack size 16 bytes, assert.o(.text), UNUSED)

<P><STRONG><a name="[dd]"></a>strlen</STRONG> (Thumb, 62 bytes, Stack size 8 bytes, strlen.o(.text))
<BR><BR>[Stack]<UL><LI>Max Depth = 8<LI>Call Chain = strlen
</UL>
<BR>[Called By]<UL><LI><a href="#[d8]">&gt;&gt;</a>&nbsp;&nbsp;&nbsp;_doprint
</UL>

<P><STRONG><a name="[cd]"></a>__aeabi_memcpy4</STRONG> (Thumb, 0 bytes, Stack size 8 bytes, rt_memcpy_w.o(.text))
<BR><BR>[Stack]<UL><LI>Max Depth = 8<LI>Call Chain = __aeabi_memcpy4
</UL>
<BR>[Called By]<UL><LI><a href="#[cc]">&gt;&gt;</a>&nbsp;&nbsp;&nbsp;DbgConsole_Init
</UL>

<P><STRONG><a name="[13c]"></a>__aeabi_memcpy8</STRONG> (Thumb, 0 bytes, Stack size 8 bytes, rt_memcpy_w.o(.text), UNUSED)

<P><STRONG><a name="[13d]"></a>__rt_memcpy_w</STRONG> (Thumb, 100 bytes, Stack size 8 bytes, rt_memcpy_w.o(.text), UNUSED)

<P><STRONG><a name="[13e]"></a>_memcpy_lastbytes_aligned</STRONG> (Thumb, 0 bytes, Stack size unknown bytes, rt_memcpy_w.o(.text), UNUSED)

<P><STRONG><a name="[89]"></a>__rt_heap_descriptor</STRONG> (Thumb, 8 bytes, Stack size 0 bytes, rt_heap_descriptor_intlibspace.o(.text))
<BR><BR>[Called By]<UL><LI><a href="#[7e]">&gt;&gt;</a>&nbsp;&nbsp;&nbsp;_init_alloc
<LI><a href="#[8b]">&gt;&gt;</a>&nbsp;&nbsp;&nbsp;free
<LI><a href="#[88]">&gt;&gt;</a>&nbsp;&nbsp;&nbsp;malloc
</UL>

<P><STRONG><a name="[13f]"></a>__use_no_heap</STRONG> (Thumb, 2 bytes, Stack size 0 bytes, hguard.o(.text), UNUSED)

<P><STRONG><a name="[140]"></a>__heap$guard</STRONG> (Thumb, 2 bytes, Stack size 0 bytes, hguard.o(.text), UNUSED)

<P><STRONG><a name="[6]"></a>_terminate_user_alloc</STRONG> (Thumb, 2 bytes, Stack size 0 bytes, init_alloc.o(.text), UNUSED)

<P><STRONG><a name="[4]"></a>_init_user_alloc</STRONG> (Thumb, 2 bytes, Stack size 0 bytes, init_alloc.o(.text), UNUSED)

<P><STRONG><a name="[8a]"></a>__Heap_Full</STRONG> (Thumb, 34 bytes, Stack size 16 bytes, init_alloc.o(.text))
<BR><BR>[Stack]<UL><LI>Max Depth = 32<LI>Call Chain = __Heap_Full &rArr; __Heap_ProvideMemory &rArr; free
</UL>
<BR>[Calls]<UL><LI><a href="#[8f]">&gt;&gt;</a>&nbsp;&nbsp;&nbsp;__Heap_ProvideMemory
</UL>
<BR>[Called By]<UL><LI><a href="#[88]">&gt;&gt;</a>&nbsp;&nbsp;&nbsp;malloc
</UL>

<P><STRONG><a name="[90]"></a>__Heap_Broken</STRONG> (Thumb, 6 bytes, Stack size 0 bytes, init_alloc.o(.text), UNUSED)
<BR><BR>[Calls]<UL><LI><a href="#[91]">&gt;&gt;</a>&nbsp;&nbsp;&nbsp;__rt_SIGRTMEM
</UL>

<P><STRONG><a name="[7e]"></a>_init_alloc</STRONG> (Thumb, 94 bytes, Stack size 24 bytes, init_alloc.o(.text))
<BR><BR>[Stack]<UL><LI>Max Depth = 64<LI>Call Chain = _init_alloc &rArr; __rt_SIGRTMEM &rArr; __rt_SIGRTMEM_inner &rArr; __default_signal_display &rArr; _ttywrch
</UL>
<BR>[Calls]<UL><LI><a href="#[91]">&gt;&gt;</a>&nbsp;&nbsp;&nbsp;__rt_SIGRTMEM
<LI><a href="#[8f]">&gt;&gt;</a>&nbsp;&nbsp;&nbsp;__Heap_ProvideMemory
<LI><a href="#[92]">&gt;&gt;</a>&nbsp;&nbsp;&nbsp;__Heap_Initialize
<LI><a href="#[89]">&gt;&gt;</a>&nbsp;&nbsp;&nbsp;__rt_heap_descriptor
</UL>
<BR>[Called By]<UL><LI><a href="#[7d]">&gt;&gt;</a>&nbsp;&nbsp;&nbsp;__rt_lib_init_heap_2
</UL>

<P><STRONG><a name="[92]"></a>__Heap_Initialize</STRONG> (Thumb, 10 bytes, Stack size 0 bytes, h1_init.o(.text))
<BR><BR>[Called By]<UL><LI><a href="#[7e]">&gt;&gt;</a>&nbsp;&nbsp;&nbsp;_init_alloc
</UL>

<P><STRONG><a name="[3]"></a>__Heap_DescSize</STRONG> (Thumb, 4 bytes, Stack size 0 bytes, h1_init.o(.text), UNUSED)

<P><STRONG><a name="[8e]"></a>abort</STRONG> (Thumb, 22 bytes, Stack size 8 bytes, abort.o(.text))
<BR><BR>[Stack]<UL><LI>Max Depth = 48 + Unknown Stack Size
<LI>Call Chain = abort &rArr; __rt_SIGABRT &rArr; __rt_SIGABRT_inner &rArr; __default_signal_display &rArr; _ttywrch
</UL>
<BR>[Calls]<UL><LI><a href="#[85]">&gt;&gt;</a>&nbsp;&nbsp;&nbsp;__rt_lib_shutdown
<LI><a href="#[93]">&gt;&gt;</a>&nbsp;&nbsp;&nbsp;__rt_SIGABRT
<LI><a href="#[87]">&gt;&gt;</a>&nbsp;&nbsp;&nbsp;_sys_exit
</UL>
<BR>[Called By]<UL><LI><a href="#[8c]">&gt;&gt;</a>&nbsp;&nbsp;&nbsp;__aeabi_assert
</UL>

<P><STRONG><a name="[8d]"></a>__assert_puts</STRONG> (Thumb, 20 bytes, Stack size 8 bytes, assert_puts.o(.text))
<BR><BR>[Stack]<UL><LI>Max Depth = 16<LI>Call Chain = __assert_puts &rArr; _ttywrch
</UL>
<BR>[Calls]<UL><LI><a href="#[94]">&gt;&gt;</a>&nbsp;&nbsp;&nbsp;_ttywrch
</UL>
<BR>[Called By]<UL><LI><a href="#[8c]">&gt;&gt;</a>&nbsp;&nbsp;&nbsp;__aeabi_assert
</UL>

<P><STRONG><a name="[94]"></a>_ttywrch</STRONG> (Thumb, 14 bytes, Stack size 8 bytes, sys_wrch.o(.text))
<BR><BR>[Stack]<UL><LI>Max Depth = 8<LI>Call Chain = _ttywrch
</UL>
<BR>[Called By]<UL><LI><a href="#[99]">&gt;&gt;</a>&nbsp;&nbsp;&nbsp;__default_signal_display
<LI><a href="#[8d]">&gt;&gt;</a>&nbsp;&nbsp;&nbsp;__assert_puts
</UL>

<P><STRONG><a name="[87]"></a>_sys_exit</STRONG> (Thumb, 8 bytes, Stack size 0 bytes, sys_exit.o(.text))
<BR><BR>[Called By]<UL><LI><a href="#[86]">&gt;&gt;</a>&nbsp;&nbsp;&nbsp;__rt_exit_exit
<LI><a href="#[96]">&gt;&gt;</a>&nbsp;&nbsp;&nbsp;__sig_exit
<LI><a href="#[8e]">&gt;&gt;</a>&nbsp;&nbsp;&nbsp;abort
</UL>

<P><STRONG><a name="[8f]"></a>__Heap_ProvideMemory</STRONG> (Thumb, 52 bytes, Stack size 0 bytes, h1_extend.o(.text))
<BR><BR>[Stack]<UL><LI>Max Depth = 16<LI>Call Chain = __Heap_ProvideMemory &rArr; free
</UL>
<BR>[Calls]<UL><LI><a href="#[8b]">&gt;&gt;</a>&nbsp;&nbsp;&nbsp;free
</UL>
<BR>[Called By]<UL><LI><a href="#[7e]">&gt;&gt;</a>&nbsp;&nbsp;&nbsp;_init_alloc
<LI><a href="#[8a]">&gt;&gt;</a>&nbsp;&nbsp;&nbsp;__Heap_Full
</UL>

<P><STRONG><a name="[93]"></a>__rt_SIGABRT</STRONG> (Thumb, 14 bytes, Stack size 8 bytes, defsig_abrt_outer.o(.text))
<BR><BR>[Stack]<UL><LI>Max Depth = 40<LI>Call Chain = __rt_SIGABRT &rArr; __rt_SIGABRT_inner &rArr; __default_signal_display &rArr; _ttywrch
</UL>
<BR>[Calls]<UL><LI><a href="#[95]">&gt;&gt;</a>&nbsp;&nbsp;&nbsp;__rt_SIGABRT_inner
<LI><a href="#[96]">&gt;&gt;</a>&nbsp;&nbsp;&nbsp;__sig_exit
</UL>
<BR>[Called By]<UL><LI><a href="#[8e]">&gt;&gt;</a>&nbsp;&nbsp;&nbsp;abort
</UL>

<P><STRONG><a name="[91]"></a>__rt_SIGRTMEM</STRONG> (Thumb, 14 bytes, Stack size 8 bytes, defsig_rtmem_outer.o(.text))
<BR><BR>[Stack]<UL><LI>Max Depth = 40<LI>Call Chain = __rt_SIGRTMEM &rArr; __rt_SIGRTMEM_inner &rArr; __default_signal_display &rArr; _ttywrch
</UL>
<BR>[Calls]<UL><LI><a href="#[97]">&gt;&gt;</a>&nbsp;&nbsp;&nbsp;__rt_SIGRTMEM_inner
<LI><a href="#[96]">&gt;&gt;</a>&nbsp;&nbsp;&nbsp;__sig_exit
</UL>
<BR>[Called By]<UL><LI><a href="#[7e]">&gt;&gt;</a>&nbsp;&nbsp;&nbsp;_init_alloc
<LI><a href="#[90]">&gt;&gt;</a>&nbsp;&nbsp;&nbsp;__Heap_Broken
</UL>

<P><STRONG><a name="[141]"></a>__I$use$semihosting</STRONG> (Thumb, 0 bytes, Stack size 0 bytes, use_no_semi.o(.text), UNUSED)

<P><STRONG><a name="[142]"></a>__use_no_semihosting_swi</STRONG> (Thumb, 2 bytes, Stack size 0 bytes, use_no_semi.o(.text), UNUSED)

<P><STRONG><a name="[143]"></a>__semihosting_library_function</STRONG> (Thumb, 0 bytes, Stack size 8 bytes, indicate_semi.o(.text), UNUSED)

<P><STRONG><a name="[83]"></a>exit</STRONG> (Thumb, 18 bytes, Stack size 8 bytes, exit.o(.text))
<BR><BR>[Stack]<UL><LI>Max Depth = 8 + Unknown Stack Size
<LI>Call Chain = exit
</UL>
<BR>[Calls]<UL><LI><a href="#[98]">&gt;&gt;</a>&nbsp;&nbsp;&nbsp;__rt_exit
</UL>
<BR>[Called By]<UL><LI><a href="#[81]">&gt;&gt;</a>&nbsp;&nbsp;&nbsp;__rt_entry_main
</UL>

<P><STRONG><a name="[96]"></a>__sig_exit</STRONG> (Thumb, 10 bytes, Stack size 0 bytes, defsig_exit.o(.text))
<BR><BR>[Calls]<UL><LI><a href="#[87]">&gt;&gt;</a>&nbsp;&nbsp;&nbsp;_sys_exit
</UL>
<BR>[Called By]<UL><LI><a href="#[91]">&gt;&gt;</a>&nbsp;&nbsp;&nbsp;__rt_SIGRTMEM
<LI><a href="#[93]">&gt;&gt;</a>&nbsp;&nbsp;&nbsp;__rt_SIGABRT
</UL>

<P><STRONG><a name="[95]"></a>__rt_SIGABRT_inner</STRONG> (Thumb, 14 bytes, Stack size 8 bytes, defsig_abrt_inner.o(.text))
<BR><BR>[Stack]<UL><LI>Max Depth = 32<LI>Call Chain = __rt_SIGABRT_inner &rArr; __default_signal_display &rArr; _ttywrch
</UL>
<BR>[Calls]<UL><LI><a href="#[99]">&gt;&gt;</a>&nbsp;&nbsp;&nbsp;__default_signal_display
</UL>
<BR>[Called By]<UL><LI><a href="#[93]">&gt;&gt;</a>&nbsp;&nbsp;&nbsp;__rt_SIGABRT
</UL>

<P><STRONG><a name="[97]"></a>__rt_SIGRTMEM_inner</STRONG> (Thumb, 22 bytes, Stack size 8 bytes, defsig_rtmem_inner.o(.text))
<BR><BR>[Stack]<UL><LI>Max Depth = 32<LI>Call Chain = __rt_SIGRTMEM_inner &rArr; __default_signal_display &rArr; _ttywrch
</UL>
<BR>[Calls]<UL><LI><a href="#[99]">&gt;&gt;</a>&nbsp;&nbsp;&nbsp;__default_signal_display
</UL>
<BR>[Called By]<UL><LI><a href="#[91]">&gt;&gt;</a>&nbsp;&nbsp;&nbsp;__rt_SIGRTMEM
</UL>

<P><STRONG><a name="[99]"></a>__default_signal_display</STRONG> (Thumb, 50 bytes, Stack size 16 bytes, defsig_general.o(.text))
<BR><BR>[Stack]<UL><LI>Max Depth = 24<LI>Call Chain = __default_signal_display &rArr; _ttywrch
</UL>
<BR>[Calls]<UL><LI><a href="#[94]">&gt;&gt;</a>&nbsp;&nbsp;&nbsp;_ttywrch
</UL>
<BR>[Called By]<UL><LI><a href="#[97]">&gt;&gt;</a>&nbsp;&nbsp;&nbsp;__rt_SIGRTMEM_inner
<LI><a href="#[95]">&gt;&gt;</a>&nbsp;&nbsp;&nbsp;__rt_SIGABRT_inner
</UL>

<P><STRONG><a name="[f9]"></a>ADC_read16b</STRONG> (Thumb, 46 bytes, Stack size 0 bytes, utils.o(i.ADC_read16b))
<BR><BR>[Called By]<UL><LI><a href="#[11]">&gt;&gt;</a>&nbsp;&nbsp;&nbsp;p3
<LI><a href="#[10]">&gt;&gt;</a>&nbsp;&nbsp;&nbsp;p2
<LI><a href="#[f]">&gt;&gt;</a>&nbsp;&nbsp;&nbsp;p1
</UL>

<P><STRONG><a name="[9a]"></a>BOARD_ClockInit</STRONG> (Thumb, 72 bytes, Stack size 16 bytes, board.o(i.BOARD_ClockInit))
<BR><BR>[Stack]<UL><LI>Max Depth = 144 + Unknown Stack Size
<LI>Call Chain = BOARD_ClockInit &rArr; CLOCK_SYS_SetConfiguration &rArr; CLOCK_SYS_SetMcgMode &rArr; CLOCK_HAL_SetPbeMode &rArr; CLOCK_HAL_GetMcgMode
</UL>
<BR>[Calls]<UL><LI><a href="#[8c]">&gt;&gt;</a>&nbsp;&nbsp;&nbsp;__aeabi_assert
<LI><a href="#[9d]">&gt;&gt;</a>&nbsp;&nbsp;&nbsp;CLOCK_SYS_SetConfiguration
<LI><a href="#[9c]">&gt;&gt;</a>&nbsp;&nbsp;&nbsp;BOARD_InitRtcOsc
<LI><a href="#[9b]">&gt;&gt;</a>&nbsp;&nbsp;&nbsp;BOARD_InitOsc0
</UL>
<BR>[Called By]<UL><LI><a href="#[e1]">&gt;&gt;</a>&nbsp;&nbsp;&nbsp;hardware_init
</UL>

<P><STRONG><a name="[9b]"></a>BOARD_InitOsc0</STRONG> (Thumb, 20 bytes, Stack size 24 bytes, board.o(i.BOARD_InitOsc0))
<BR><BR>[Stack]<UL><LI>Max Depth = 104 + Unknown Stack Size
<LI>Call Chain = BOARD_InitOsc0 &rArr; CLOCK_SYS_OscInit &rArr; __aeabi_assert &rArr; abort &rArr; __rt_SIGABRT &rArr; __rt_SIGABRT_inner &rArr; __default_signal_display &rArr; _ttywrch
</UL>
<BR>[Calls]<UL><LI><a href="#[9e]">&gt;&gt;</a>&nbsp;&nbsp;&nbsp;CLOCK_SYS_OscInit
</UL>
<BR>[Called By]<UL><LI><a href="#[9a]">&gt;&gt;</a>&nbsp;&nbsp;&nbsp;BOARD_ClockInit
</UL>

<P><STRONG><a name="[9c]"></a>BOARD_InitRtcOsc</STRONG> (Thumb, 20 bytes, Stack size 16 bytes, board.o(i.BOARD_InitRtcOsc))
<BR><BR>[Stack]<UL><LI>Max Depth = 104 + Unknown Stack Size
<LI>Call Chain = BOARD_InitRtcOsc &rArr; CLOCK_SYS_RtcOscInit &rArr; __aeabi_assert &rArr; abort &rArr; __rt_SIGABRT &rArr; __rt_SIGABRT_inner &rArr; __default_signal_display &rArr; _ttywrch
</UL>
<BR>[Calls]<UL><LI><a href="#[9f]">&gt;&gt;</a>&nbsp;&nbsp;&nbsp;CLOCK_SYS_RtcOscInit
</UL>
<BR>[Called By]<UL><LI><a href="#[9a]">&gt;&gt;</a>&nbsp;&nbsp;&nbsp;BOARD_ClockInit
</UL>

<P><STRONG><a name="[c9]"></a>CLOCK_HAL_EnablePll0InFllMode</STRONG> (Thumb, 64 bytes, Stack size 12 bytes, fsl_mcg_hal.o(i.CLOCK_HAL_EnablePll0InFllMode))
<BR><BR>[Stack]<UL><LI>Max Depth = 12<LI>Call Chain = CLOCK_HAL_EnablePll0InFllMode
</UL>
<BR>[Called By]<UL><LI><a href="#[c3]">&gt;&gt;</a>&nbsp;&nbsp;&nbsp;CLOCK_SYS_SetMcgMode
</UL>

<P><STRONG><a name="[a0]"></a>CLOCK_HAL_GetFllClk</STRONG> (Thumb, 82 bytes, Stack size 24 bytes, fsl_mcg_hal.o(i.CLOCK_HAL_GetFllClk))
<BR><BR>[Stack]<UL><LI>Max Depth = 68<LI>Call Chain = CLOCK_HAL_GetFllClk &rArr; CLOCK_HAL_GetFllRefClk &rArr; CLOCK_HAL_TestFllExternalRefFreq
</UL>
<BR>[Calls]<UL><LI><a href="#[a2]">&gt;&gt;</a>&nbsp;&nbsp;&nbsp;CLOCK_HAL_TestFllFreq
<LI><a href="#[a1]">&gt;&gt;</a>&nbsp;&nbsp;&nbsp;CLOCK_HAL_GetFllRefClk
</UL>
<BR>[Called By]<UL><LI><a href="#[aa]">&gt;&gt;</a>&nbsp;&nbsp;&nbsp;CLOCK_HAL_GetOutClk
</UL>

<P><STRONG><a name="[a1]"></a>CLOCK_HAL_GetFllRefClk</STRONG> (Thumb, 72 bytes, Stack size 32 bytes, fsl_mcg_hal.o(i.CLOCK_HAL_GetFllRefClk))
<BR><BR>[Stack]<UL><LI>Max Depth = 44<LI>Call Chain = CLOCK_HAL_GetFllRefClk &rArr; CLOCK_HAL_TestFllExternalRefFreq
</UL>
<BR>[Calls]<UL><LI><a href="#[a4]">&gt;&gt;</a>&nbsp;&nbsp;&nbsp;CLOCK_HAL_TestFllExternalRefFreq
<LI><a href="#[a3]">&gt;&gt;</a>&nbsp;&nbsp;&nbsp;CLOCK_HAL_GetMcgExternalClkFreq
</UL>
<BR>[Called By]<UL><LI><a href="#[a0]">&gt;&gt;</a>&nbsp;&nbsp;&nbsp;CLOCK_HAL_GetFllClk
</UL>

<P><STRONG><a name="[ac]"></a>CLOCK_HAL_GetInternalRefClk</STRONG> (Thumb, 52 bytes, Stack size 0 bytes, fsl_mcg_hal.o(i.CLOCK_HAL_GetInternalRefClk))
<BR><BR>[Called By]<UL><LI><a href="#[aa]">&gt;&gt;</a>&nbsp;&nbsp;&nbsp;CLOCK_HAL_GetOutClk
</UL>

<P><STRONG><a name="[a6]"></a>CLOCK_HAL_GetMcgMode</STRONG> (Thumb, 150 bytes, Stack size 32 bytes, fsl_mcg_hal_modes.o(i.CLOCK_HAL_GetMcgMode))
<BR><BR>[Stack]<UL><LI>Max Depth = 32<LI>Call Chain = CLOCK_HAL_GetMcgMode
</UL>
<BR>[Calls]<UL><LI><a href="#[a9]">&gt;&gt;</a>&nbsp;&nbsp;&nbsp;CLOCK_HAL_IsPllSelected
<LI><a href="#[a8]">&gt;&gt;</a>&nbsp;&nbsp;&nbsp;CLOCK_HAL_GetFllSrc
<LI><a href="#[a7]">&gt;&gt;</a>&nbsp;&nbsp;&nbsp;CLOCK_HAL_GetClkOutStat
</UL>
<BR>[Called By]<UL><LI><a href="#[b4]">&gt;&gt;</a>&nbsp;&nbsp;&nbsp;CLOCK_HAL_SetPbeMode
<LI><a href="#[b1]">&gt;&gt;</a>&nbsp;&nbsp;&nbsp;CLOCK_HAL_SetFbiMode
<LI><a href="#[b0]">&gt;&gt;</a>&nbsp;&nbsp;&nbsp;CLOCK_HAL_SetFbeMode
<LI><a href="#[c3]">&gt;&gt;</a>&nbsp;&nbsp;&nbsp;CLOCK_SYS_SetMcgMode
</UL>

<P><STRONG><a name="[aa]"></a>CLOCK_HAL_GetOutClk</STRONG> (Thumb, 78 bytes, Stack size 16 bytes, fsl_mcg_hal.o(i.CLOCK_HAL_GetOutClk))
<BR><BR>[Stack]<UL><LI>Max Depth = 84<LI>Call Chain = CLOCK_HAL_GetOutClk &rArr; CLOCK_HAL_GetFllClk &rArr; CLOCK_HAL_GetFllRefClk &rArr; CLOCK_HAL_TestFllExternalRefFreq
</UL>
<BR>[Calls]<UL><LI><a href="#[ab]">&gt;&gt;</a>&nbsp;&nbsp;&nbsp;CLOCK_HAL_GetPll0Clk
<LI><a href="#[ac]">&gt;&gt;</a>&nbsp;&nbsp;&nbsp;CLOCK_HAL_GetInternalRefClk
<LI><a href="#[a0]">&gt;&gt;</a>&nbsp;&nbsp;&nbsp;CLOCK_HAL_GetFllClk
<LI><a href="#[a3]">&gt;&gt;</a>&nbsp;&nbsp;&nbsp;CLOCK_HAL_GetMcgExternalClkFreq
</UL>
<BR>[Called By]<UL><LI><a href="#[bc]">&gt;&gt;</a>&nbsp;&nbsp;&nbsp;CLOCK_SYS_GetSystemClockFreq
<LI><a href="#[ba]">&gt;&gt;</a>&nbsp;&nbsp;&nbsp;CLOCK_SYS_GetCoreClockFreq
<LI><a href="#[bb]">&gt;&gt;</a>&nbsp;&nbsp;&nbsp;CLOCK_SYS_GetBusClockFreq
</UL>

<P><STRONG><a name="[ab]"></a>CLOCK_HAL_GetPll0Clk</STRONG> (Thumb, 68 bytes, Stack size 16 bytes, fsl_mcg_hal.o(i.CLOCK_HAL_GetPll0Clk))
<BR><BR>[Stack]<UL><LI>Max Depth = 32<LI>Call Chain = CLOCK_HAL_GetPll0Clk &rArr; CLOCK_HAL_GetPll0RefFreq &rArr; CLOCK_HAL_GetMcgExternalClkFreq
</UL>
<BR>[Calls]<UL><LI><a href="#[ad]">&gt;&gt;</a>&nbsp;&nbsp;&nbsp;CLOCK_HAL_GetPll0RefFreq
</UL>
<BR>[Called By]<UL><LI><a href="#[aa]">&gt;&gt;</a>&nbsp;&nbsp;&nbsp;CLOCK_HAL_GetOutClk
</UL>

<P><STRONG><a name="[ad]"></a>CLOCK_HAL_GetPll0RefFreq</STRONG> (Thumb, 12 bytes, Stack size 8 bytes, fsl_mcg_hal.o(i.CLOCK_HAL_GetPll0RefFreq))
<BR><BR>[Stack]<UL><LI>Max Depth = 16<LI>Call Chain = CLOCK_HAL_GetPll0RefFreq &rArr; CLOCK_HAL_GetMcgExternalClkFreq
</UL>
<BR>[Calls]<UL><LI><a href="#[a3]">&gt;&gt;</a>&nbsp;&nbsp;&nbsp;CLOCK_HAL_GetMcgExternalClkFreq
</UL>
<BR>[Called By]<UL><LI><a href="#[ab]">&gt;&gt;</a>&nbsp;&nbsp;&nbsp;CLOCK_HAL_GetPll0Clk
</UL>

<P><STRONG><a name="[b0]"></a>CLOCK_HAL_SetFbeMode</STRONG> (Thumb, 228 bytes, Stack size 40 bytes, fsl_mcg_hal_modes.o(i.CLOCK_HAL_SetFbeMode))
<BR><BR>[Stack]<UL><LI>Max Depth = 72<LI>Call Chain = CLOCK_HAL_SetFbeMode &rArr; CLOCK_HAL_GetMcgMode
</UL>
<BR>[Calls]<UL><LI><a href="#[a6]">&gt;&gt;</a>&nbsp;&nbsp;&nbsp;CLOCK_HAL_GetMcgMode
<LI><a href="#[a9]">&gt;&gt;</a>&nbsp;&nbsp;&nbsp;CLOCK_HAL_IsPllSelected
<LI><a href="#[af]">&gt;&gt;</a>&nbsp;&nbsp;&nbsp;CLOCK_HAL_IsOsc0Stable
<LI><a href="#[a8]">&gt;&gt;</a>&nbsp;&nbsp;&nbsp;CLOCK_HAL_GetFllSrc
<LI><a href="#[a7]">&gt;&gt;</a>&nbsp;&nbsp;&nbsp;CLOCK_HAL_GetClkOutStat
<LI><a href="#[a5]">&gt;&gt;</a>&nbsp;&nbsp;&nbsp;CLOCK_HAL_TestOscFreq
</UL>
<BR>[Called By]<UL><LI><a href="#[c3]">&gt;&gt;</a>&nbsp;&nbsp;&nbsp;CLOCK_SYS_SetMcgMode
</UL>

<P><STRONG><a name="[b1]"></a>CLOCK_HAL_SetFbiMode</STRONG> (Thumb, 170 bytes, Stack size 32 bytes, fsl_mcg_hal_modes.o(i.CLOCK_HAL_SetFbiMode))
<BR><BR>[Stack]<UL><LI>Max Depth = 64<LI>Call Chain = CLOCK_HAL_SetFbiMode &rArr; CLOCK_HAL_GetMcgMode
</UL>
<BR>[Calls]<UL><LI><a href="#[a6]">&gt;&gt;</a>&nbsp;&nbsp;&nbsp;CLOCK_HAL_GetMcgMode
<LI><a href="#[b3]">&gt;&gt;</a>&nbsp;&nbsp;&nbsp;CLOCK_HAL_GetInternalRefClkMode
<LI><a href="#[a8]">&gt;&gt;</a>&nbsp;&nbsp;&nbsp;CLOCK_HAL_GetFllSrc
<LI><a href="#[a7]">&gt;&gt;</a>&nbsp;&nbsp;&nbsp;CLOCK_HAL_GetClkOutStat
<LI><a href="#[b2]">&gt;&gt;</a>&nbsp;&nbsp;&nbsp;CLOCK_HAL_UpdateFastClkInternalRefDiv
</UL>
<BR>[Called By]<UL><LI><a href="#[c3]">&gt;&gt;</a>&nbsp;&nbsp;&nbsp;CLOCK_SYS_SetMcgMode
</UL>

<P><STRONG><a name="[c0]"></a>CLOCK_HAL_SetOsc0Mode</STRONG> (Thumb, 36 bytes, Stack size 12 bytes, fsl_mcg_hal.o(i.CLOCK_HAL_SetOsc0Mode))
<BR><BR>[Stack]<UL><LI>Max Depth = 12<LI>Call Chain = CLOCK_HAL_SetOsc0Mode
</UL>
<BR>[Called By]<UL><LI><a href="#[9e]">&gt;&gt;</a>&nbsp;&nbsp;&nbsp;CLOCK_SYS_OscInit
</UL>

<P><STRONG><a name="[c2]"></a>CLOCK_HAL_SetOutDiv</STRONG> (Thumb, 56 bytes, Stack size 16 bytes, fsl_sim_hal_mk64f12.o(i.CLOCK_HAL_SetOutDiv))
<BR><BR>[Stack]<UL><LI>Max Depth = 16<LI>Call Chain = CLOCK_HAL_SetOutDiv
</UL>
<BR>[Called By]<UL><LI><a href="#[c4]">&gt;&gt;</a>&nbsp;&nbsp;&nbsp;CLOCK_SYS_SetSimConfigration
<LI><a href="#[9d]">&gt;&gt;</a>&nbsp;&nbsp;&nbsp;CLOCK_SYS_SetConfiguration
</UL>

<P><STRONG><a name="[b4]"></a>CLOCK_HAL_SetPbeMode</STRONG> (Thumb, 228 bytes, Stack size 40 bytes, fsl_mcg_hal_modes.o(i.CLOCK_HAL_SetPbeMode))
<BR><BR>[Stack]<UL><LI>Max Depth = 72<LI>Call Chain = CLOCK_HAL_SetPbeMode &rArr; CLOCK_HAL_GetMcgMode
</UL>
<BR>[Calls]<UL><LI><a href="#[a6]">&gt;&gt;</a>&nbsp;&nbsp;&nbsp;CLOCK_HAL_GetMcgMode
<LI><a href="#[ae]">&gt;&gt;</a>&nbsp;&nbsp;&nbsp;CLOCK_HAL_PrepareOsc
<LI><a href="#[a9]">&gt;&gt;</a>&nbsp;&nbsp;&nbsp;CLOCK_HAL_IsPllSelected
<LI><a href="#[a7]">&gt;&gt;</a>&nbsp;&nbsp;&nbsp;CLOCK_HAL_GetClkOutStat
<LI><a href="#[a5]">&gt;&gt;</a>&nbsp;&nbsp;&nbsp;CLOCK_HAL_TestOscFreq
</UL>
<BR>[Called By]<UL><LI><a href="#[c3]">&gt;&gt;</a>&nbsp;&nbsp;&nbsp;CLOCK_SYS_SetMcgMode
</UL>

<P><STRONG><a name="[a4]"></a>CLOCK_HAL_TestFllExternalRefFreq</STRONG> (Thumb, 70 bytes, Stack size 12 bytes, fsl_mcg_hal.o(i.CLOCK_HAL_TestFllExternalRefFreq))
<BR><BR>[Stack]<UL><LI>Max Depth = 12<LI>Call Chain = CLOCK_HAL_TestFllExternalRefFreq
</UL>
<BR>[Called By]<UL><LI><a href="#[a1]">&gt;&gt;</a>&nbsp;&nbsp;&nbsp;CLOCK_HAL_GetFllRefClk
</UL>

<P><STRONG><a name="[a2]"></a>CLOCK_HAL_TestFllFreq</STRONG> (Thumb, 50 bytes, Stack size 8 bytes, fsl_mcg_hal.o(i.CLOCK_HAL_TestFllFreq))
<BR><BR>[Stack]<UL><LI>Max Depth = 8<LI>Call Chain = CLOCK_HAL_TestFllFreq
</UL>
<BR>[Called By]<UL><LI><a href="#[a0]">&gt;&gt;</a>&nbsp;&nbsp;&nbsp;CLOCK_HAL_GetFllClk
</UL>

<P><STRONG><a name="[a5]"></a>CLOCK_HAL_TestOscFreq</STRONG> (Thumb, 38 bytes, Stack size 0 bytes, fsl_mcg_hal.o(i.CLOCK_HAL_TestOscFreq))
<BR><BR>[Called By]<UL><LI><a href="#[b4]">&gt;&gt;</a>&nbsp;&nbsp;&nbsp;CLOCK_HAL_SetPbeMode
<LI><a href="#[b0]">&gt;&gt;</a>&nbsp;&nbsp;&nbsp;CLOCK_HAL_SetFbeMode
<LI><a href="#[a3]">&gt;&gt;</a>&nbsp;&nbsp;&nbsp;CLOCK_HAL_GetMcgExternalClkFreq
</UL>

<P><STRONG><a name="[b2]"></a>CLOCK_HAL_UpdateFastClkInternalRefDiv</STRONG> (Thumb, 104 bytes, Stack size 16 bytes, fsl_mcg_hal.o(i.CLOCK_HAL_UpdateFastClkInternalRefDiv))
<BR><BR>[Stack]<UL><LI>Max Depth = 16<LI>Call Chain = CLOCK_HAL_UpdateFastClkInternalRefDiv
</UL>
<BR>[Calls]<UL><LI><a href="#[b5]">&gt;&gt;</a>&nbsp;&nbsp;&nbsp;CLOCK_HAL_SetInternalRefClkMode
<LI><a href="#[b6]">&gt;&gt;</a>&nbsp;&nbsp;&nbsp;CLOCK_HAL_GetInternalRefClkMode
</UL>
<BR>[Called By]<UL><LI><a href="#[b1]">&gt;&gt;</a>&nbsp;&nbsp;&nbsp;CLOCK_HAL_SetFbiMode
<LI><a href="#[c3]">&gt;&gt;</a>&nbsp;&nbsp;&nbsp;CLOCK_SYS_SetMcgMode
</UL>

<P><STRONG><a name="[b7]"></a>CLOCK_SYS_EnablePortClock</STRONG> (Thumb, 34 bytes, Stack size 8 bytes, fsl_clock_mk64f12.o(i.CLOCK_SYS_EnablePortClock))
<BR><BR>[Stack]<UL><LI>Max Depth = 72 + Unknown Stack Size
<LI>Call Chain = CLOCK_SYS_EnablePortClock &rArr; __aeabi_assert &rArr; abort &rArr; __rt_SIGABRT &rArr; __rt_SIGABRT_inner &rArr; __default_signal_display &rArr; _ttywrch
</UL>
<BR>[Calls]<UL><LI><a href="#[b8]">&gt;&gt;</a>&nbsp;&nbsp;&nbsp;SIM_HAL_EnableClock
<LI><a href="#[8c]">&gt;&gt;</a>&nbsp;&nbsp;&nbsp;__aeabi_assert
</UL>
<BR>[Called By]<UL><LI><a href="#[e1]">&gt;&gt;</a>&nbsp;&nbsp;&nbsp;hardware_init
</UL>

<P><STRONG><a name="[b9]"></a>CLOCK_SYS_EnableUartClock</STRONG> (Thumb, 34 bytes, Stack size 8 bytes, fsl_clock_mk64f12.o(i.CLOCK_SYS_EnableUartClock))
<BR><BR>[Stack]<UL><LI>Max Depth = 72 + Unknown Stack Size
<LI>Call Chain = CLOCK_SYS_EnableUartClock &rArr; __aeabi_assert &rArr; abort &rArr; __rt_SIGABRT &rArr; __rt_SIGABRT_inner &rArr; __default_signal_display &rArr; _ttywrch
</UL>
<BR>[Calls]<UL><LI><a href="#[b8]">&gt;&gt;</a>&nbsp;&nbsp;&nbsp;SIM_HAL_EnableClock
<LI><a href="#[8c]">&gt;&gt;</a>&nbsp;&nbsp;&nbsp;__aeabi_assert
</UL>
<BR>[Called By]<UL><LI><a href="#[cc]">&gt;&gt;</a>&nbsp;&nbsp;&nbsp;DbgConsole_Init
</UL>

<P><STRONG><a name="[bb]"></a>CLOCK_SYS_GetBusClockFreq</STRONG> (Thumb, 26 bytes, Stack size 8 bytes, fsl_clock_mk64f12.o(i.CLOCK_SYS_GetBusClockFreq))
<BR><BR>[Stack]<UL><LI>Max Depth = 92<LI>Call Chain = CLOCK_SYS_GetBusClockFreq &rArr; CLOCK_HAL_GetOutClk &rArr; CLOCK_HAL_GetFllClk &rArr; CLOCK_HAL_GetFllRefClk &rArr; CLOCK_HAL_TestFllExternalRefFreq
</UL>
<BR>[Calls]<UL><LI><a href="#[aa]">&gt;&gt;</a>&nbsp;&nbsp;&nbsp;CLOCK_HAL_GetOutClk
</UL>
<BR>[Called By]<UL><LI><a href="#[bd]">&gt;&gt;</a>&nbsp;&nbsp;&nbsp;CLOCK_SYS_GetUartFreq
</UL>

<P><STRONG><a name="[ba]"></a>CLOCK_SYS_GetCoreClockFreq</STRONG> (Thumb, 24 bytes, Stack size 8 bytes, fsl_clock_mk64f12.o(i.CLOCK_SYS_GetCoreClockFreq))
<BR><BR>[Stack]<UL><LI>Max Depth = 92<LI>Call Chain = CLOCK_SYS_GetCoreClockFreq &rArr; CLOCK_HAL_GetOutClk &rArr; CLOCK_HAL_GetFllClk &rArr; CLOCK_HAL_GetFllRefClk &rArr; CLOCK_HAL_TestFllExternalRefFreq
</UL>
<BR>[Calls]<UL><LI><a href="#[aa]">&gt;&gt;</a>&nbsp;&nbsp;&nbsp;CLOCK_HAL_GetOutClk
</UL>
<BR>[Called By]<UL><LI><a href="#[b]">&gt;&gt;</a>&nbsp;&nbsp;&nbsp;CLOCK_SYS_FllStableDelay
<LI><a href="#[9d]">&gt;&gt;</a>&nbsp;&nbsp;&nbsp;CLOCK_SYS_SetConfiguration
</UL>

<P><STRONG><a name="[bc]"></a>CLOCK_SYS_GetSystemClockFreq</STRONG> (Thumb, 24 bytes, Stack size 8 bytes, fsl_clock_mk64f12.o(i.CLOCK_SYS_GetSystemClockFreq))
<BR><BR>[Stack]<UL><LI>Max Depth = 92<LI>Call Chain = CLOCK_SYS_GetSystemClockFreq &rArr; CLOCK_HAL_GetOutClk &rArr; CLOCK_HAL_GetFllClk &rArr; CLOCK_HAL_GetFllRefClk &rArr; CLOCK_HAL_TestFllExternalRefFreq
</UL>
<BR>[Calls]<UL><LI><a href="#[aa]">&gt;&gt;</a>&nbsp;&nbsp;&nbsp;CLOCK_HAL_GetOutClk
</UL>
<BR>[Called By]<UL><LI><a href="#[bd]">&gt;&gt;</a>&nbsp;&nbsp;&nbsp;CLOCK_SYS_GetUartFreq
</UL>

<P><STRONG><a name="[bd]"></a>CLOCK_SYS_GetUartFreq</STRONG> (Thumb, 46 bytes, Stack size 8 bytes, fsl_clock_mk64f12.o(i.CLOCK_SYS_GetUartFreq))
<BR><BR>[Stack]<UL><LI>Max Depth = 100<LI>Call Chain = CLOCK_SYS_GetUartFreq &rArr; CLOCK_SYS_GetSystemClockFreq &rArr; CLOCK_HAL_GetOutClk &rArr; CLOCK_HAL_GetFllClk &rArr; CLOCK_HAL_GetFllRefClk &rArr; CLOCK_HAL_TestFllExternalRefFreq
</UL>
<BR>[Calls]<UL><LI><a href="#[bc]">&gt;&gt;</a>&nbsp;&nbsp;&nbsp;CLOCK_SYS_GetSystemClockFreq
<LI><a href="#[bb]">&gt;&gt;</a>&nbsp;&nbsp;&nbsp;CLOCK_SYS_GetBusClockFreq
</UL>
<BR>[Called By]<UL><LI><a href="#[cc]">&gt;&gt;</a>&nbsp;&nbsp;&nbsp;DbgConsole_Init
</UL>

<P><STRONG><a name="[9e]"></a>CLOCK_SYS_OscInit</STRONG> (Thumb, 160 bytes, Stack size 16 bytes, fsl_clock_manager.o(i.CLOCK_SYS_OscInit))
<BR><BR>[Stack]<UL><LI>Max Depth = 80 + Unknown Stack Size
<LI>Call Chain = CLOCK_SYS_OscInit &rArr; __aeabi_assert &rArr; abort &rArr; __rt_SIGABRT &rArr; __rt_SIGABRT_inner &rArr; __default_signal_display &rArr; _ttywrch
</UL>
<BR>[Calls]<UL><LI><a href="#[be]">&gt;&gt;</a>&nbsp;&nbsp;&nbsp;OSC_HAL_SetCapacitor
<LI><a href="#[c0]">&gt;&gt;</a>&nbsp;&nbsp;&nbsp;CLOCK_HAL_SetOsc0Mode
<LI><a href="#[8c]">&gt;&gt;</a>&nbsp;&nbsp;&nbsp;__aeabi_assert
<LI><a href="#[bf]">&gt;&gt;</a>&nbsp;&nbsp;&nbsp;CLOCK_SYS_SetOscerConfigration
</UL>
<BR>[Called By]<UL><LI><a href="#[9b]">&gt;&gt;</a>&nbsp;&nbsp;&nbsp;BOARD_InitOsc0
</UL>

<P><STRONG><a name="[9f]"></a>CLOCK_SYS_RtcOscInit</STRONG> (Thumb, 204 bytes, Stack size 24 bytes, fsl_clock_manager.o(i.CLOCK_SYS_RtcOscInit))
<BR><BR>[Stack]<UL><LI>Max Depth = 88 + Unknown Stack Size
<LI>Call Chain = CLOCK_SYS_RtcOscInit &rArr; __aeabi_assert &rArr; abort &rArr; __rt_SIGABRT &rArr; __rt_SIGABRT_inner &rArr; __default_signal_display &rArr; _ttywrch
</UL>
<BR>[Calls]<UL><LI><a href="#[8c]">&gt;&gt;</a>&nbsp;&nbsp;&nbsp;__aeabi_assert
<LI><a href="#[c1]">&gt;&gt;</a>&nbsp;&nbsp;&nbsp;RTC_HAL_SetOscillatorCmd
</UL>
<BR>[Called By]<UL><LI><a href="#[9c]">&gt;&gt;</a>&nbsp;&nbsp;&nbsp;BOARD_InitRtcOsc
</UL>

<P><STRONG><a name="[9d]"></a>CLOCK_SYS_SetConfiguration</STRONG> (Thumb, 72 bytes, Stack size 16 bytes, fsl_clock_mk64f12.o(i.CLOCK_SYS_SetConfiguration))
<BR><BR>[Stack]<UL><LI>Max Depth = 128 + Unknown Stack Size
<LI>Call Chain = CLOCK_SYS_SetConfiguration &rArr; CLOCK_SYS_SetMcgMode &rArr; CLOCK_HAL_SetPbeMode &rArr; CLOCK_HAL_GetMcgMode
</UL>
<BR>[Calls]<UL><LI><a href="#[c4]">&gt;&gt;</a>&nbsp;&nbsp;&nbsp;CLOCK_SYS_SetSimConfigration
<LI><a href="#[c2]">&gt;&gt;</a>&nbsp;&nbsp;&nbsp;CLOCK_HAL_SetOutDiv
<LI><a href="#[8c]">&gt;&gt;</a>&nbsp;&nbsp;&nbsp;__aeabi_assert
<LI><a href="#[bf]">&gt;&gt;</a>&nbsp;&nbsp;&nbsp;CLOCK_SYS_SetOscerConfigration
<LI><a href="#[c3]">&gt;&gt;</a>&nbsp;&nbsp;&nbsp;CLOCK_SYS_SetMcgMode
<LI><a href="#[ba]">&gt;&gt;</a>&nbsp;&nbsp;&nbsp;CLOCK_SYS_GetCoreClockFreq
</UL>
<BR>[Called By]<UL><LI><a href="#[9a]">&gt;&gt;</a>&nbsp;&nbsp;&nbsp;BOARD_ClockInit
</UL>

<P><STRONG><a name="[c3]"></a>CLOCK_SYS_SetMcgMode</STRONG> (Thumb, 340 bytes, Stack size 40 bytes, fsl_clock_manager.o(i.CLOCK_SYS_SetMcgMode))
<BR><BR>[Stack]<UL><LI>Max Depth = 112<LI>Call Chain = CLOCK_SYS_SetMcgMode &rArr; CLOCK_HAL_SetPbeMode &rArr; CLOCK_HAL_GetMcgMode
</UL>
<BR>[Calls]<UL><LI><a href="#[b4]">&gt;&gt;</a>&nbsp;&nbsp;&nbsp;CLOCK_HAL_SetPbeMode
<LI><a href="#[b1]">&gt;&gt;</a>&nbsp;&nbsp;&nbsp;CLOCK_HAL_SetFbiMode
<LI><a href="#[b0]">&gt;&gt;</a>&nbsp;&nbsp;&nbsp;CLOCK_HAL_SetFbeMode
<LI><a href="#[a6]">&gt;&gt;</a>&nbsp;&nbsp;&nbsp;CLOCK_HAL_GetMcgMode
<LI><a href="#[b2]">&gt;&gt;</a>&nbsp;&nbsp;&nbsp;CLOCK_HAL_UpdateFastClkInternalRefDiv
<LI><a href="#[c9]">&gt;&gt;</a>&nbsp;&nbsp;&nbsp;CLOCK_HAL_EnablePll0InFllMode
<LI><a href="#[c5]">&gt;&gt;</a>&nbsp;&nbsp;&nbsp;CLOCK_SYS_SetMcgPeeToFbe
<LI><a href="#[c6]">&gt;&gt;</a>&nbsp;&nbsp;&nbsp;CLOCK_HAL_SetLowPowerModeCmd
<LI><a href="#[c7]">&gt;&gt;</a>&nbsp;&nbsp;&nbsp;CLOCK_HAL_SetClkOutSrc
<LI><a href="#[c8]">&gt;&gt;</a>&nbsp;&nbsp;&nbsp;CLOCK_HAL_GetClkOutStat
</UL>
<BR>[Called By]<UL><LI><a href="#[9d]">&gt;&gt;</a>&nbsp;&nbsp;&nbsp;CLOCK_SYS_SetConfiguration
</UL>

<P><STRONG><a name="[bf]"></a>CLOCK_SYS_SetOscerConfigration</STRONG> (Thumb, 32 bytes, Stack size 16 bytes, fsl_clock_manager.o(i.CLOCK_SYS_SetOscerConfigration))
<BR><BR>[Stack]<UL><LI>Max Depth = 16<LI>Call Chain = CLOCK_SYS_SetOscerConfigration
</UL>
<BR>[Calls]<UL><LI><a href="#[cb]">&gt;&gt;</a>&nbsp;&nbsp;&nbsp;OSC_HAL_SetExternalRefClkInStopModeCmd
<LI><a href="#[ca]">&gt;&gt;</a>&nbsp;&nbsp;&nbsp;OSC_HAL_SetExternalRefClkCmd
</UL>
<BR>[Called By]<UL><LI><a href="#[9d]">&gt;&gt;</a>&nbsp;&nbsp;&nbsp;CLOCK_SYS_SetConfiguration
<LI><a href="#[9e]">&gt;&gt;</a>&nbsp;&nbsp;&nbsp;CLOCK_SYS_OscInit
</UL>

<P><STRONG><a name="[cc]"></a>DbgConsole_Init</STRONG> (Thumb, 172 bytes, Stack size 48 bytes, fsl_debug_console.o(i.DbgConsole_Init))
<BR><BR>[Stack]<UL><LI>Max Depth = 148 + Unknown Stack Size
<LI>Call Chain = DbgConsole_Init &rArr; CLOCK_SYS_GetUartFreq &rArr; CLOCK_SYS_GetSystemClockFreq &rArr; CLOCK_HAL_GetOutClk &rArr; CLOCK_HAL_GetFllClk &rArr; CLOCK_HAL_GetFllRefClk &rArr; CLOCK_HAL_TestFllExternalRefFreq
</UL>
<BR>[Calls]<UL><LI><a href="#[cf]">&gt;&gt;</a>&nbsp;&nbsp;&nbsp;UART_HAL_SetParityMode
<LI><a href="#[ce]">&gt;&gt;</a>&nbsp;&nbsp;&nbsp;UART_HAL_SetBaudRate
<LI><a href="#[cd]">&gt;&gt;</a>&nbsp;&nbsp;&nbsp;__aeabi_memcpy4
<LI><a href="#[bd]">&gt;&gt;</a>&nbsp;&nbsp;&nbsp;CLOCK_SYS_GetUartFreq
<LI><a href="#[b9]">&gt;&gt;</a>&nbsp;&nbsp;&nbsp;CLOCK_SYS_EnableUartClock
</UL>
<BR>[Called By]<UL><LI><a href="#[df]">&gt;&gt;</a>&nbsp;&nbsp;&nbsp;dbg_uart_init
</UL>

<P><STRONG><a name="[fb]"></a>LEDBlue_Toggle</STRONG> (Thumb, 10 bytes, Stack size 0 bytes, utils.o(i.LEDBlue_Toggle))
<BR><BR>[Called By]<UL><LI><a href="#[f]">&gt;&gt;</a>&nbsp;&nbsp;&nbsp;p1
</UL>

<P><STRONG><a name="[fd]"></a>LEDGreen_Toggle</STRONG> (Thumb, 10 bytes, Stack size 0 bytes, utils.o(i.LEDGreen_Toggle))
<BR><BR>[Called By]<UL><LI><a href="#[11]">&gt;&gt;</a>&nbsp;&nbsp;&nbsp;p3
</UL>

<P><STRONG><a name="[fc]"></a>LEDRed_Toggle</STRONG> (Thumb, 10 bytes, Stack size 0 bytes, utils.o(i.LEDRed_Toggle))
<BR><BR>[Called By]<UL><LI><a href="#[10]">&gt;&gt;</a>&nbsp;&nbsp;&nbsp;p2
</UL>

<P><STRONG><a name="[e9]"></a>LED_Initialize</STRONG> (Thumb, 50 bytes, Stack size 0 bytes, utils.o(i.LED_Initialize))
<BR><BR>[Called By]<UL><LI><a href="#[82]">&gt;&gt;</a>&nbsp;&nbsp;&nbsp;main
</UL>

<P><STRONG><a name="[d0]"></a>LED_Off</STRONG> (Thumb, 36 bytes, Stack size 8 bytes, utils.o(i.LED_Off))
<BR><BR>[Stack]<UL><LI>Max Depth = 8<LI>Call Chain = LED_Off
</UL>
<BR>[Calls]<UL><LI><a href="#[d2]">&gt;&gt;</a>&nbsp;&nbsp;&nbsp;__set_PRIMASK
<LI><a href="#[d1]">&gt;&gt;</a>&nbsp;&nbsp;&nbsp;__get_PRIMASK
</UL>
<BR>[Called By]<UL><LI><a href="#[82]">&gt;&gt;</a>&nbsp;&nbsp;&nbsp;main
</UL>

<P><STRONG><a name="[be]"></a>OSC_HAL_SetCapacitor</STRONG> (Thumb, 12 bytes, Stack size 0 bytes, fsl_osc_hal.o(i.OSC_HAL_SetCapacitor))
<BR><BR>[Called By]<UL><LI><a href="#[9e]">&gt;&gt;</a>&nbsp;&nbsp;&nbsp;CLOCK_SYS_OscInit
</UL>

<P><STRONG><a name="[50]"></a>PIT1_IRQHandler</STRONG> (Thumb, 72 bytes, Stack size 0 bytes, process.o(i.PIT1_IRQHandler))
<BR>[Address Reference Count : 1]<UL><LI> startup_mk64f12.o(RESET)
</UL>
<P><STRONG><a name="[8]"></a>SystemInit</STRONG> (Thumb, 34 bytes, Stack size 0 bytes, system_mk64f12.o(i.SystemInit))
<BR>[Address Reference Count : 1]<UL><LI> startup_mk64f12.o(.text)
</UL>
<P><STRONG><a name="[d4]"></a>UART_HAL_Getchar</STRONG> (Thumb, 12 bytes, Stack size 0 bytes, fsl_uart_hal.o(i.UART_HAL_Getchar))
<BR><BR>[Called By]<UL><LI><a href="#[d]">&gt;&gt;</a>&nbsp;&nbsp;&nbsp;UART_HAL_ReceiveDataPolling
</UL>

<P><STRONG><a name="[d5]"></a>UART_HAL_Putchar</STRONG> (Thumb, 10 bytes, Stack size 0 bytes, fsl_uart_hal.o(i.UART_HAL_Putchar))
<BR><BR>[Called By]<UL><LI><a href="#[c]">&gt;&gt;</a>&nbsp;&nbsp;&nbsp;UART_HAL_SendDataPolling
</UL>

<P><STRONG><a name="[d]"></a>UART_HAL_ReceiveDataPolling</STRONG> (Thumb, 86 bytes, Stack size 24 bytes, fsl_uart_hal.o(i.UART_HAL_ReceiveDataPolling))
<BR><BR>[Stack]<UL><LI>Max Depth = 24<LI>Call Chain = UART_HAL_ReceiveDataPolling
</UL>
<BR>[Calls]<UL><LI><a href="#[d4]">&gt;&gt;</a>&nbsp;&nbsp;&nbsp;UART_HAL_Getchar
</UL>
<BR>[Address Reference Count : 1]<UL><LI> fsl_debug_console.o(i.DbgConsole_Init)
</UL>
<P><STRONG><a name="[c]"></a>UART_HAL_SendDataPolling</STRONG> (Thumb, 46 bytes, Stack size 16 bytes, fsl_uart_hal.o(i.UART_HAL_SendDataPolling))
<BR><BR>[Stack]<UL><LI>Max Depth = 16<LI>Call Chain = UART_HAL_SendDataPolling
</UL>
<BR>[Calls]<UL><LI><a href="#[d5]">&gt;&gt;</a>&nbsp;&nbsp;&nbsp;UART_HAL_Putchar
</UL>
<BR>[Address Reference Count : 1]<UL><LI> fsl_debug_console.o(i.DbgConsole_Init)
</UL>
<P><STRONG><a name="[ce]"></a>UART_HAL_SetBaudRate</STRONG> (Thumb, 68 bytes, Stack size 16 bytes, fsl_uart_hal.o(i.UART_HAL_SetBaudRate))
<BR><BR>[Stack]<UL><LI>Max Depth = 16<LI>Call Chain = UART_HAL_SetBaudRate
</UL>
<BR>[Called By]<UL><LI><a href="#[cc]">&gt;&gt;</a>&nbsp;&nbsp;&nbsp;DbgConsole_Init
</UL>

<P><STRONG><a name="[cf]"></a>UART_HAL_SetParityMode</STRONG> (Thumb, 28 bytes, Stack size 0 bytes, fsl_uart_hal.o(i.UART_HAL_SetParityMode))
<BR><BR>[Called By]<UL><LI><a href="#[cc]">&gt;&gt;</a>&nbsp;&nbsp;&nbsp;DbgConsole_Init
</UL>

[...]
</UL>
<P><STRONG><a name="[108]"></a>process_begin</STRONG> (Thumb, 0 bytes, Stack size unknown bytes, 3140.o(myProg))
<BR><BR>[Called By]<UL><LI><a href="#[ed]">&gt;&gt;</a>&nbsp;&nbsp;&nbsp;process_start
</UL>

<P><STRONG><a name="[e5]"></a>process_blocked</STRONG> (Thumb, 0 bytes, Stack size unknown bytes, 3140.o(myProg))
<BR><BR>[Called By]<UL><LI><a href="#[e2]">&gt;&gt;</a>&nbsp;&nbsp;&nbsp;l_lock
</UL>

<P><STRONG><a name="[15]"></a>PIT0_IRQHandler</STRONG> (Thumb, 0 bytes, Stack size unknown bytes, 3140.o(myProg))
<BR><BR>[Stack]<UL><LI>Max Depth = 48 + Unknown Stack Size
<LI>Call Chain = PIT0_IRQHandler &rArr; process_select &rArr; process_stack_free &rArr; free
</UL>
<BR>[Calls]<UL><LI><a href="#[ff]">&gt;&gt;</a>&nbsp;&nbsp;&nbsp;process_select
</UL>
<BR>[Address Reference Count : 2]<UL><LI> startup_mk64f12.o(RESET)
<LI> 3140.o(myProg)
</UL>
<P><STRONG><a name="[f3]"></a>__aeabi_dadd</STRONG> (Thumb, 0 bytes, Stack size 16 bytes, daddsub_clz.o(x$fpl$dadd))
<BR><BR>[Stack]<UL><LI>Max Depth = 16<LI>Call Chain = __aeabi_dadd
</UL>
<BR>[Called By]<UL><LI><a href="#[db]">&gt;&gt;</a>&nbsp;&nbsp;&nbsp;mkfloatnumstr
</UL>

<P><STRONG><a name="[109]"></a>_dadd</STRONG> (Thumb, 332 bytes, Stack size 16 bytes, daddsub_clz.o(x$fpl$dadd), UNUSED)
<BR><BR>[Calls]<UL><LI><a href="#[10b]">&gt;&gt;</a>&nbsp;&nbsp;&nbsp;__fpl_dretinf
<LI><a href="#[10c]">&gt;&gt;</a>&nbsp;&nbsp;&nbsp;__fpl_dnaninf
<LI><a href="#[10a]">&gt;&gt;</a>&nbsp;&nbsp;&nbsp;_dsub1
</UL>

<P><STRONG><a name="[10f]"></a>__fpl_dcmp_Inf</STRONG> (Thumb, 24 bytes, Stack size 0 bytes, dcmpi.o(x$fpl$dcmpinf), UNUSED)
<BR><BR>[Called By]<UL><LI><a href="#[111]">&gt;&gt;</a>&nbsp;&nbsp;&nbsp;_dcmple
<LI><a href="#[10e]">&gt;&gt;</a>&nbsp;&nbsp;&nbsp;_dcmpeq
</UL>

<P><STRONG><a name="[f4]"></a>__aeabi_ddiv</STRONG> (Thumb, 0 bytes, Stack size 32 bytes, ddiv.o(x$fpl$ddiv))
<BR><BR>[Stack]<UL><LI>Max Depth = 32<LI>Call Chain = __aeabi_ddiv
</UL>
<BR>[Called By]<UL><LI><a href="#[db]">&gt;&gt;</a>&nbsp;&nbsp;&nbsp;mkfloatnumstr
</UL>

<P><STRONG><a name="[10d]"></a>_ddiv</STRONG> (Thumb, 552 bytes, Stack size 32 bytes, ddiv.o(x$fpl$ddiv), UNUSED)
<BR><BR>[Calls]<UL><LI><a href="#[10b]">&gt;&gt;</a>&nbsp;&nbsp;&nbsp;__fpl_dretinf
<LI><a href="#[10c]">&gt;&gt;</a>&nbsp;&nbsp;&nbsp;__fpl_dnaninf
</UL>

<P><STRONG><a name="[f0]"></a>__aeabi_cdcmpeq</STRONG> (Thumb, 0 bytes, Stack size 32 bytes, deqf.o(x$fpl$deqf))
<BR><BR>[Stack]<UL><LI>Max Depth = 32<LI>Call Chain = __aeabi_cdcmpeq
</UL>
<BR>[Called By]<UL><LI><a href="#[db]">&gt;&gt;</a>&nbsp;&nbsp;&nbsp;mkfloatnumstr
</UL>

<P><STRONG><a name="[10e]"></a>_dcmpeq</STRONG> (Thumb, 120 bytes, Stack size 32 bytes, deqf.o(x$fpl$deqf), UNUSED)
<BR><BR>[Calls]<UL><LI><a href="#[10c]">&gt;&gt;</a>&nbsp;&nbsp;&nbsp;__fpl_dnaninf
<LI><a href="#[10f]">&gt;&gt;</a>&nbsp;&nbsp;&nbsp;__fpl_dcmp_Inf
</UL>

<P><STRONG><a name="[f8]"></a>__aeabi_d2iz</STRONG> (Thumb, 0 bytes, Stack size 32 bytes, dfix.o(x$fpl$dfix))
<BR><BR>[Stack]<UL><LI>Max Depth = 32<LI>Call Chain = __aeabi_d2iz
</UL>
<BR>[Called By]<UL><LI><a href="#[db]">&gt;&gt;</a>&nbsp;&nbsp;&nbsp;mkfloatnumstr
</UL>

<P><STRONG><a name="[110]"></a>_dfix</STRONG> (Thumb, 94 bytes, Stack size 32 bytes, dfix.o(x$fpl$dfix), UNUSED)
<BR><BR>[Calls]<UL><LI><a href="#[10c]">&gt;&gt;</a>&nbsp;&nbsp;&nbsp;__fpl_dnaninf
</UL>

<P><STRONG><a name="[f1]"></a>__aeabi_i2d</STRONG> (Thumb, 0 bytes, Stack size 0 bytes, dflt_clz.o(x$fpl$dflt))
<BR><BR>[Called By]<UL><LI><a href="#[db]">&gt;&gt;</a>&nbsp;&nbsp;&nbsp;mkfloatnumstr
</UL>

<P><STRONG><a name="[144]"></a>_dflt</STRONG> (Thumb, 46 bytes, Stack size 0 bytes, dflt_clz.o(x$fpl$dflt), UNUSED)

<P><STRONG><a name="[f6]"></a>__aeabi_ul2d</STRONG> (Thumb, 0 bytes, Stack size 8 bytes, dfltll_clz.o(x$fpl$dfltull))
<BR><BR>[Stack]<UL><LI>Max Depth = 8<LI>Call Chain = __aeabi_ul2d
</UL>
<BR>[Called By]<UL><LI><a href="#[db]">&gt;&gt;</a>&nbsp;&nbsp;&nbsp;mkfloatnumstr
</UL>

<P><STRONG><a name="[145]"></a>_ll_uto_d</STRONG> (Thumb, 138 bytes, Stack size 8 bytes, dfltll_clz.o(x$fpl$dfltull), UNUSED)

<P><STRONG><a name="[dc]"></a>__aeabi_cdcmple</STRONG> (Thumb, 0 bytes, Stack size 32 bytes, dleqf.o(x$fpl$dleqf))
<BR><BR>[Stack]<UL><LI>Max Depth = 32<LI>Call Chain = __aeabi_cdcmple
</UL>
<BR>[Called By]<UL><LI><a href="#[d8]">&gt;&gt;</a>&nbsp;&nbsp;&nbsp;_doprint
</UL>

<P><STRONG><a name="[111]"></a>_dcmple</STRONG> (Thumb, 120 bytes, Stack size 32 bytes, dleqf.o(x$fpl$dleqf), UNUSED)
<BR><BR>[Calls]<UL><LI><a href="#[10c]">&gt;&gt;</a>&nbsp;&nbsp;&nbsp;__fpl_dnaninf
<LI><a href="#[10f]">&gt;&gt;</a>&nbsp;&nbsp;&nbsp;__fpl_dcmp_Inf
</UL>

<P><STRONG><a name="[146]"></a>__fpl_dcmple_InfNaN</STRONG> (Thumb, 0 bytes, Stack size unknown bytes, dleqf.o(x$fpl$dleqf), UNUSED)

<P><STRONG><a name="[f2]"></a>__aeabi_dmul</STRONG> (Thumb, 0 bytes, Stack size 32 bytes, dmul.o(x$fpl$dmul))
<BR><BR>[Stack]<UL><LI>Max Depth = 32<LI>Call Chain = __aeabi_dmul
</UL>
<BR>[Called By]<UL><LI><a href="#[db]">&gt;&gt;</a>&nbsp;&nbsp;&nbsp;mkfloatnumstr
</UL>

<P><STRONG><a name="[112]"></a>_dmul</STRONG> (Thumb, 332 bytes, Stack size 32 bytes, dmul.o(x$fpl$dmul), UNUSED)
<BR><BR>[Calls]<UL><LI><a href="#[10b]">&gt;&gt;</a>&nbsp;&nbsp;&nbsp;__fpl_dretinf
<LI><a href="#[10c]">&gt;&gt;</a>&nbsp;&nbsp;&nbsp;__fpl_dnaninf
</UL>

<P><STRONG><a name="[10c]"></a>__fpl_dnaninf</STRONG> (Thumb, 156 bytes, Stack size 16 bytes, dnaninf.o(x$fpl$dnaninf), UNUSED)
<BR><BR>[Called By]<UL><LI><a href="#[112]">&gt;&gt;</a>&nbsp;&nbsp;&nbsp;_dmul
<LI><a href="#[111]">&gt;&gt;</a>&nbsp;&nbsp;&nbsp;_dcmple
<LI><a href="#[116]">&gt;&gt;</a>&nbsp;&nbsp;&nbsp;_ll_ufrom_d
<LI><a href="#[110]">&gt;&gt;</a>&nbsp;&nbsp;&nbsp;_dfix
<LI><a href="#[10e]">&gt;&gt;</a>&nbsp;&nbsp;&nbsp;_dcmpeq
<LI><a href="#[10d]">&gt;&gt;</a>&nbsp;&nbsp;&nbsp;_ddiv
<LI><a href="#[115]">&gt;&gt;</a>&nbsp;&nbsp;&nbsp;_dsub
<LI><a href="#[109]">&gt;&gt;</a>&nbsp;&nbsp;&nbsp;_dadd
</UL>

<P><STRONG><a name="[10b]"></a>__fpl_dretinf</STRONG> (Thumb, 12 bytes, Stack size 0 bytes, dretinf.o(x$fpl$dretinf), UNUSED)
<BR><BR>[Called By]<UL><LI><a href="#[112]">&gt;&gt;</a>&nbsp;&nbsp;&nbsp;_dmul
<LI><a href="#[10d]">&gt;&gt;</a>&nbsp;&nbsp;&nbsp;_ddiv
<LI><a href="#[109]">&gt;&gt;</a>&nbsp;&nbsp;&nbsp;_dadd
</UL>

<P><STRONG><a name="[f7]"></a>__aeabi_drsub</STRONG> (Thumb, 0 bytes, Stack size 8 bytes, daddsub_clz.o(x$fpl$drsb))
<BR><BR>[Stack]<UL><LI>Max Depth = 8<LI>Call Chain = __aeabi_drsub
</UL>
<BR>[Called By]<UL><LI><a href="#[db]">&gt;&gt;</a>&nbsp;&nbsp;&nbsp;mkfloatnumstr
</UL>

<P><STRONG><a name="[113]"></a>_drsb</STRONG> (Thumb, 22 bytes, Stack size 8 bytes, daddsub_clz.o(x$fpl$drsb), UNUSED)
<BR><BR>[Calls]<UL><LI><a href="#[10a]">&gt;&gt;</a>&nbsp;&nbsp;&nbsp;_dsub1
<LI><a href="#[114]">&gt;&gt;</a>&nbsp;&nbsp;&nbsp;_dadd1
</UL>

<P><STRONG><a name="[d7]"></a>__aeabi_dsub</STRONG> (Thumb, 0 bytes, Stack size 32 bytes, daddsub_clz.o(x$fpl$dsub))
<BR><BR>[Stack]<UL><LI>Max Depth = 32<LI>Call Chain = __aeabi_dsub
</UL>
<BR>[Called By]<UL><LI><a href="#[d6]">&gt;&gt;</a>&nbsp;&nbsp;&nbsp;__hardfp_modf
</UL>

<P><STRONG><a name="[115]"></a>_dsub</STRONG> (Thumb, 464 bytes, Stack size 32 bytes, daddsub_clz.o(x$fpl$dsub), UNUSED)
<BR><BR>[Calls]<UL><LI><a href="#[10c]">&gt;&gt;</a>&nbsp;&nbsp;&nbsp;__fpl_dnaninf
<LI><a href="#[114]">&gt;&gt;</a>&nbsp;&nbsp;&nbsp;_dadd1
</UL>

<P><STRONG><a name="[7c]"></a>_fp_init</STRONG> (Thumb, 10 bytes, Stack size 0 bytes, fpinit.o(x$fpl$fpinit))
<BR><BR>[Called By]<UL><LI><a href="#[7b]">&gt;&gt;</a>&nbsp;&nbsp;&nbsp;__rt_lib_init_fp_1
</UL>

<P><STRONG><a name="[147]"></a>__fplib_config_fpu_vfp</STRONG> (Thumb, 0 bytes, Stack size unknown bytes, fpinit.o(x$fpl$fpinit), UNUSED)

<P><STRONG><a name="[148]"></a>__fplib_config_pureend_doubles</STRONG> (Thumb, 0 bytes, Stack size unknown bytes, fpinit.o(x$fpl$fpinit), UNUSED)

<P><STRONG><a name="[f5]"></a>__aeabi_d2ulz</STRONG> (Thumb, 0 bytes, Stack size 32 bytes, dfixull.o(x$fpl$llufromd))
<BR><BR>[Stack]<UL><LI>Max Depth = 32<LI>Call Chain = __aeabi_d2ulz
</UL>
<BR>[Called By]<UL><LI><a href="#[db]">&gt;&gt;</a>&nbsp;&nbsp;&nbsp;mkfloatnumstr
</UL>

<P><STRONG><a name="[116]"></a>_ll_ufrom_d</STRONG> (Thumb, 120 bytes, Stack size 32 bytes, dfixull.o(x$fpl$llufromd), UNUSED)
<BR><BR>[Calls]<UL><LI><a href="#[10c]">&gt;&gt;</a>&nbsp;&nbsp;&nbsp;__fpl_dnaninf
</UL>
<P>
<H3>
Local Symbols
</H3>
<P><STRONG><a name="[13]"></a>SVC0_begin</STRONG> (Thumb, 0 bytes, Stack size unknown bytes, 3140.o(myProg))
<BR>[Address Reference Count : 1]<UL><LI> 3140.o(myProg)
</UL>
<P><STRONG><a name="[14]"></a>SVC1_terminate</STRONG> (Thumb, 0 bytes, Stack size unknown bytes, 3140.o(myProg))
<BR>[Address Reference Count : 1]<UL><LI> 3140.o(myProg)
</UL>
<P><STRONG><a name="[d1]"></a>__get_PRIMASK</STRONG> (Thumb, 6 bytes, Stack size 0 bytes, utils.o(i.__get_PRIMASK))
<BR><BR>[Called By]<UL><LI><a href="#[d0]">&gt;&gt;</a>&nbsp;&nbsp;&nbsp;LED_Off
</UL>

<P><STRONG><a name="[d2]"></a>__set_PRIMASK</STRONG> (Thumb, 6 bytes, Stack size 0 bytes, utils.o(i.__set_PRIMASK))
<BR><BR>[Called By]<UL><LI><a href="#[d0]">&gt;&gt;</a>&nbsp;&nbsp;&nbsp;LED_Off
</UL>

<P><STRONG><a name="[106]"></a>__NVIC_EnableIRQ</STRONG> (Thumb, 26 bytes, Stack size 0 bytes, process.o(i.__NVIC_EnableIRQ))
<BR><BR>[Called By]<UL><LI><a href="#[ed]">&gt;&gt;</a>&nbsp;&nbsp;&nbsp;process_start
</UL>

<P><STRONG><a name="[107]"></a>__NVIC_SetPriority</STRONG> (Thumb, 32 bytes, Stack size 8 bytes, process.o(i.__NVIC_SetPriority))
<BR><BR>[Stack]<UL><LI>Max Depth = 8<LI>Call Chain = __NVIC_SetPriority
</UL>
<BR>[Called By]<UL><LI><a href="#[ed]">&gt;&gt;</a>&nbsp;&nbsp;&nbsp;process_start
</UL>

<P><STRONG><a name="[d3]"></a>PORT_HAL_SetMuxMode</STRONG> (Thumb, 48 bytes, Stack size 16 bytes, pin_mux.o(i.PORT_HAL_SetMuxMode))
<BR><BR>[Stack]<UL><LI>Max Depth = 80 + Unknown Stack Size
<LI>Call Chain = PORT_HAL_SetMuxMode &rArr; __aeabi_assert &rArr; abort &rArr; __rt_SIGABRT &rArr; __rt_SIGABRT_inner &rArr; __default_signal_display &rArr; _ttywrch
</UL>
<BR>[Calls]<UL><LI><a href="#[8c]">&gt;&gt;</a>&nbsp;&nbsp;&nbsp;__aeabi_assert
</UL>
<BR>[Called By]<UL><LI><a href="#[de]">&gt;&gt;</a>&nbsp;&nbsp;&nbsp;configure_uart_pins
</UL>

<P><STRONG><a name="[b6]"></a>CLOCK_HAL_GetInternalRefClkMode</STRONG> (Thumb, 14 bytes, Stack size 0 bytes, fsl_mcg_hal.o(i.CLOCK_HAL_GetInternalRefClkMode))
<BR><BR>[Called By]<UL><LI><a href="#[b2]">&gt;&gt;</a>&nbsp;&nbsp;&nbsp;CLOCK_HAL_UpdateFastClkInternalRefDiv
</UL>

<P><STRONG><a name="[a3]"></a>CLOCK_HAL_GetMcgExternalClkFreq</STRONG> (Thumb, 18 bytes, Stack size 8 bytes, fsl_mcg_hal.o(i.CLOCK_HAL_GetMcgExternalClkFreq))
<BR><BR>[Stack]<UL><LI>Max Depth = 8<LI>Call Chain = CLOCK_HAL_GetMcgExternalClkFreq
</UL>
<BR>[Calls]<UL><LI><a href="#[a5]">&gt;&gt;</a>&nbsp;&nbsp;&nbsp;CLOCK_HAL_TestOscFreq
</UL>
<BR>[Called By]<UL><LI><a href="#[ad]">&gt;&gt;</a>&nbsp;&nbsp;&nbsp;CLOCK_HAL_GetPll0RefFreq
<LI><a href="#[aa]">&gt;&gt;</a>&nbsp;&nbsp;&nbsp;CLOCK_HAL_GetOutClk
<LI><a href="#[a1]">&gt;&gt;</a>&nbsp;&nbsp;&nbsp;CLOCK_HAL_GetFllRefClk
</UL>

<P><STRONG><a name="[b5]"></a>CLOCK_HAL_SetInternalRefClkMode</STRONG> (Thumb, 12 bytes, Stack size 0 bytes, fsl_mcg_hal.o(i.CLOCK_HAL_SetInternalRefClkMode))
<BR><BR>[Called By]<UL><LI><a href="#[b2]">&gt;&gt;</a>&nbsp;&nbsp;&nbsp;CLOCK_HAL_UpdateFastClkInternalRefDiv
</UL>

<P><STRONG><a name="[a7]"></a>CLOCK_HAL_GetClkOutStat</STRONG> (Thumb, 10 bytes, Stack size 0 bytes, fsl_mcg_hal_modes.o(i.CLOCK_HAL_GetClkOutStat))
<BR><BR>[Called By]<UL><LI><a href="#[b4]">&gt;&gt;</a>&nbsp;&nbsp;&nbsp;CLOCK_HAL_SetPbeMode
<LI><a href="#[b1]">&gt;&gt;</a>&nbsp;&nbsp;&nbsp;CLOCK_HAL_SetFbiMode
<LI><a href="#[b0]">&gt;&gt;</a>&nbsp;&nbsp;&nbsp;CLOCK_HAL_SetFbeMode
<LI><a href="#[a6]">&gt;&gt;</a>&nbsp;&nbsp;&nbsp;CLOCK_HAL_GetMcgMode
</UL>

<P><STRONG><a name="[a8]"></a>CLOCK_HAL_GetFllSrc</STRONG> (Thumb, 14 bytes, Stack size 0 bytes, fsl_mcg_hal_modes.o(i.CLOCK_HAL_GetFllSrc))
<BR><BR>[Called By]<UL><LI><a href="#[b1]">&gt;&gt;</a>&nbsp;&nbsp;&nbsp;CLOCK_HAL_SetFbiMode
<LI><a href="#[b0]">&gt;&gt;</a>&nbsp;&nbsp;&nbsp;CLOCK_HAL_SetFbeMode
<LI><a href="#[a6]">&gt;&gt;</a>&nbsp;&nbsp;&nbsp;CLOCK_HAL_GetMcgMode
</UL>

<P><STRONG><a name="[b3]"></a>CLOCK_HAL_GetInternalRefClkMode</STRONG> (Thumb, 14 bytes, Stack size 0 bytes, fsl_mcg_hal_modes.o(i.CLOCK_HAL_GetInternalRefClkMode))
<BR><BR>[Called By]<UL><LI><a href="#[b1]">&gt;&gt;</a>&nbsp;&nbsp;&nbsp;CLOCK_HAL_SetFbiMode
</UL>

<P><STRONG><a name="[af]"></a>CLOCK_HAL_IsOsc0Stable</STRONG> (Thumb, 22 bytes, Stack size 0 bytes, fsl_mcg_hal_modes.o(i.CLOCK_HAL_IsOsc0Stable))
<BR><BR>[Called By]<UL><LI><a href="#[b0]">&gt;&gt;</a>&nbsp;&nbsp;&nbsp;CLOCK_HAL_SetFbeMode
<LI><a href="#[ae]">&gt;&gt;</a>&nbsp;&nbsp;&nbsp;CLOCK_HAL_PrepareOsc
</UL>

<P><STRONG><a name="[a9]"></a>CLOCK_HAL_IsPllSelected</STRONG> (Thumb, 22 bytes, Stack size 0 bytes, fsl_mcg_hal_modes.o(i.CLOCK_HAL_IsPllSelected))
<BR><BR>[Called By]<UL><LI><a href="#[b4]">&gt;&gt;</a>&nbsp;&nbsp;&nbsp;CLOCK_HAL_SetPbeMode
<LI><a href="#[b0]">&gt;&gt;</a>&nbsp;&nbsp;&nbsp;CLOCK_HAL_SetFbeMode
<LI><a href="#[a6]">&gt;&gt;</a>&nbsp;&nbsp;&nbsp;CLOCK_HAL_GetMcgMode
</UL>

<P><STRONG><a name="[ae]"></a>CLOCK_HAL_PrepareOsc</STRONG> (Thumb, 42 bytes, Stack size 16 bytes, fsl_mcg_hal_modes.o(i.CLOCK_HAL_PrepareOsc))
<BR><BR>[Stack]<UL><LI>Max Depth = 16<LI>Call Chain = CLOCK_HAL_PrepareOsc
</UL>
<BR>[Calls]<UL><LI><a href="#[af]">&gt;&gt;</a>&nbsp;&nbsp;&nbsp;CLOCK_HAL_IsOsc0Stable
</UL>
<BR>[Called By]<UL><LI><a href="#[b4]">&gt;&gt;</a>&nbsp;&nbsp;&nbsp;CLOCK_HAL_SetPbeMode
</UL>

<P><STRONG><a name="[b]"></a>CLOCK_SYS_FllStableDelay</STRONG> (Thumb, 30 bytes, Stack size 8 bytes, fsl_clock_mk64f12.o(i.CLOCK_SYS_FllStableDelay))
<BR><BR>[Stack]<UL><LI>Max Depth = 100<LI>Call Chain = CLOCK_SYS_FllStableDelay &rArr; CLOCK_SYS_GetCoreClockFreq &rArr; CLOCK_HAL_GetOutClk &rArr; CLOCK_HAL_GetFllClk &rArr; CLOCK_HAL_GetFllRefClk &rArr; CLOCK_HAL_TestFllExternalRefFreq
</UL>
<BR>[Calls]<UL><LI><a href="#[ba]">&gt;&gt;</a>&nbsp;&nbsp;&nbsp;CLOCK_SYS_GetCoreClockFreq
</UL>
<BR>[Address Reference Count : 1]<UL><LI> fsl_clock_mk64f12.o(i.CLOCK_SYS_SetConfiguration)
</UL>
<P><STRONG><a name="[c4]"></a>CLOCK_SYS_SetSimConfigration</STRONG> (Thumb, 54 bytes, Stack size 16 bytes, fsl_clock_mk64f12.o(i.CLOCK_SYS_SetSimConfigration))
<BR><BR>[Stack]<UL><LI>Max Depth = 32<LI>Call Chain = CLOCK_SYS_SetSimConfigration &rArr; CLOCK_HAL_SetOutDiv
</UL>
<BR>[Calls]<UL><LI><a href="#[c2]">&gt;&gt;</a>&nbsp;&nbsp;&nbsp;CLOCK_HAL_SetOutDiv
</UL>
<BR>[Called By]<UL><LI><a href="#[9d]">&gt;&gt;</a>&nbsp;&nbsp;&nbsp;CLOCK_SYS_SetConfiguration
</UL>

<P><STRONG><a name="[b8]"></a>SIM_HAL_EnableClock</STRONG> (Thumb, 34 bytes, Stack size 8 bytes, fsl_clock_mk64f12.o(i.SIM_HAL_EnableClock))
<BR><BR>[Stack]<UL><LI>Max Depth = 8<LI>Call Chain = SIM_HAL_EnableClock
</UL>
<BR>[Called By]<UL><LI><a href="#[b7]">&gt;&gt;</a>&nbsp;&nbsp;&nbsp;CLOCK_SYS_EnablePortClock
<LI><a href="#[b9]">&gt;&gt;</a>&nbsp;&nbsp;&nbsp;CLOCK_SYS_EnableUartClock
</UL>

<P><STRONG><a name="[c8]"></a>CLOCK_HAL_GetClkOutStat</STRONG> (Thumb, 10 bytes, Stack size 0 bytes, fsl_clock_manager.o(i.CLOCK_HAL_GetClkOutStat))
<BR><BR>[Called By]<UL><LI><a href="#[c5]">&gt;&gt;</a>&nbsp;&nbsp;&nbsp;CLOCK_SYS_SetMcgPeeToFbe
<LI><a href="#[c3]">&gt;&gt;</a>&nbsp;&nbsp;&nbsp;CLOCK_SYS_SetMcgMode
</UL>

<P><STRONG><a name="[c7]"></a>CLOCK_HAL_SetClkOutSrc</STRONG> (Thumb, 10 bytes, Stack size 0 bytes, fsl_clock_manager.o(i.CLOCK_HAL_SetClkOutSrc))
<BR><BR>[Called By]<UL><LI><a href="#[c5]">&gt;&gt;</a>&nbsp;&nbsp;&nbsp;CLOCK_SYS_SetMcgPeeToFbe
<LI><a href="#[c3]">&gt;&gt;</a>&nbsp;&nbsp;&nbsp;CLOCK_SYS_SetMcgMode
</UL>

<P><STRONG><a name="[c6]"></a>CLOCK_HAL_SetLowPowerModeCmd</STRONG> (Thumb, 12 bytes, Stack size 0 bytes, fsl_clock_manager.o(i.CLOCK_HAL_SetLowPowerModeCmd))
<BR><BR>[Called By]<UL><LI><a href="#[c3]">&gt;&gt;</a>&nbsp;&nbsp;&nbsp;CLOCK_SYS_SetMcgMode
</UL>

<P><STRONG><a name="[c5]"></a>CLOCK_SYS_SetMcgPeeToFbe</STRONG> (Thumb, 66 bytes, Stack size 8 bytes, fsl_clock_manager.o(i.CLOCK_SYS_SetMcgPeeToFbe))
<BR><BR>[Stack]<UL><LI>Max Depth = 8<LI>Call Chain = CLOCK_SYS_SetMcgPeeToFbe
</UL>
<BR>[Calls]<UL><LI><a href="#[c7]">&gt;&gt;</a>&nbsp;&nbsp;&nbsp;CLOCK_HAL_SetClkOutSrc
<LI><a href="#[c8]">&gt;&gt;</a>&nbsp;&nbsp;&nbsp;CLOCK_HAL_GetClkOutStat
</UL>
<BR>[Called By]<UL><LI><a href="#[c3]">&gt;&gt;</a>&nbsp;&nbsp;&nbsp;CLOCK_SYS_SetMcgMode
</UL>

<P><STRONG><a name="[ca]"></a>OSC_HAL_SetExternalRefClkCmd</STRONG> (Thumb, 10 bytes, Stack size 0 bytes, fsl_clock_manager.o(i.OSC_HAL_SetExternalRefClkCmd))
<BR><BR>[Called By]<UL><LI><a href="#[bf]">&gt;&gt;</a>&nbsp;&nbsp;&nbsp;CLOCK_SYS_SetOscerConfigration
</UL>

<P><STRONG><a name="[cb]"></a>OSC_HAL_SetExternalRefClkInStopModeCmd</STRONG> (Thumb, 10 bytes, Stack size 0 bytes, fsl_clock_manager.o(i.OSC_HAL_SetExternalRefClkInStopModeCmd))
<BR><BR>[Called By]<UL><LI><a href="#[bf]">&gt;&gt;</a>&nbsp;&nbsp;&nbsp;CLOCK_SYS_SetOscerConfigration
</UL>

<P><STRONG><a name="[c1]"></a>RTC_HAL_SetOscillatorCmd</STRONG> (Thumb, 14 bytes, Stack size 0 bytes, fsl_clock_manager.o(i.RTC_HAL_SetOscillatorCmd))
<BR><BR>[Called By]<UL><LI><a href="#[9f]">&gt;&gt;</a>&nbsp;&nbsp;&nbsp;CLOCK_SYS_RtcOscInit
</UL>

<P><STRONG><a name="[e]"></a>debug_putc</STRONG> (Thumb, 38 bytes, Stack size 16 bytes, fsl_debug_console.o(i.debug_putc))
<BR><BR>[Stack]<UL><LI>Max Depth = 16<LI>Call Chain = debug_putc
</UL>
<BR>[Address Reference Count : 1]<UL><LI> fsl_debug_console.o(i.debug_printf)
</UL>
<P><STRONG><a name="[da]"></a>fput_pad</STRONG> (Thumb, 48 bytes, Stack size 40 bytes, print_scan.o(i.fput_pad))
<BR><BR>[Stack]<UL><LI>Max Depth = 40<LI>Call Chain = fput_pad
</UL>
<BR>[Called By]<UL><LI><a href="#[d8]">&gt;&gt;</a>&nbsp;&nbsp;&nbsp;_doprint
</UL>

<P><STRONG><a name="[db]"></a>mkfloatnumstr</STRONG> (Thumb, 348 bytes, Stack size 120 bytes, print_scan.o(i.mkfloatnumstr))
<BR><BR>[Stack]<UL><LI>Max Depth = 176<LI>Call Chain = mkfloatnumstr &rArr; __hardfp_modf &rArr; __aeabi_dsub
</UL>
<BR>[Calls]<UL><LI><a href="#[d6]">&gt;&gt;</a>&nbsp;&nbsp;&nbsp;__hardfp_modf
<LI><a href="#[f2]">&gt;&gt;</a>&nbsp;&nbsp;&nbsp;__aeabi_dmul
<LI><a href="#[f6]">&gt;&gt;</a>&nbsp;&nbsp;&nbsp;__aeabi_ul2d
<LI><a href="#[f1]">&gt;&gt;</a>&nbsp;&nbsp;&nbsp;__aeabi_i2d
<LI><a href="#[f5]">&gt;&gt;</a>&nbsp;&nbsp;&nbsp;__aeabi_d2ulz
<LI><a href="#[f8]">&gt;&gt;</a>&nbsp;&nbsp;&nbsp;__aeabi_d2iz
<LI><a href="#[f0]">&gt;&gt;</a>&nbsp;&nbsp;&nbsp;__aeabi_cdcmpeq
<LI><a href="#[f4]">&gt;&gt;</a>&nbsp;&nbsp;&nbsp;__aeabi_ddiv
<LI><a href="#[f7]">&gt;&gt;</a>&nbsp;&nbsp;&nbsp;__aeabi_drsub
<LI><a href="#[f3]">&gt;&gt;</a>&nbsp;&nbsp;&nbsp;__aeabi_dadd
</UL>
<BR>[Called By]<UL><LI><a href="#[d8]">&gt;&gt;</a>&nbsp;&nbsp;&nbsp;_doprint
</UL>

<P><STRONG><a name="[d9]"></a>mknumstr</STRONG> (Thumb, 166 bytes, Stack size 36 bytes, print_scan.o(i.mknumstr))
<BR><BR>[Stack]<UL><LI>Max Depth = 36<LI>Call Chain = mknumstr
</UL>
<BR>[Called By]<UL><LI><a href="#[d8]">&gt;&gt;</a>&nbsp;&nbsp;&nbsp;_doprint
</UL>

<P><STRONG><a name="[114]"></a>_dadd1</STRONG> (Thumb, 0 bytes, Stack size unknown bytes, daddsub_clz.o(x$fpl$dadd), UNUSED)
<BR><BR>[Called By]<UL><LI><a href="#[115]">&gt;&gt;</a>&nbsp;&nbsp;&nbsp;_dsub
<LI><a href="#[113]">&gt;&gt;</a>&nbsp;&nbsp;&nbsp;_drsb
</UL>

<P><STRONG><a name="[10a]"></a>_dsub1</STRONG> (Thumb, 0 bytes, Stack size unknown bytes, daddsub_clz.o(x$fpl$dsub), UNUSED)
<BR><BR>[Called By]<UL><LI><a href="#[113]">&gt;&gt;</a>&nbsp;&nbsp;&nbsp;_drsb
<LI><a href="#[109]">&gt;&gt;</a>&nbsp;&nbsp;&nbsp;_dadd
</UL>
<P>
<H3>
Undefined Global Symbols
</H3><HR></body></html>
