Component: ARM Compiler 5.06 update 4 (build 422) Tool: armlink [4d35d2]

==============================================================================

Section Cross References

    3140.o(myProg) refers to process.o(i.process_select) for process_select
    3140.o(myProg) refers to 3140.o(myData) for OrigStackPointer
    3140_concur.o(i.process_stack_free) refers to h1_free.o(.text) for free
    3140_concur.o(i.process_stack_init) refers to h1_alloc.o(.text) for malloc
    3140_concur.o(i.process_stack_init) refers to 3140.o(myProg) for process_terminated
    utils.o(i.LEDBlue_On) refers to utils.o(i.__get_PRIMASK) for __get_PRIMASK
    utils.o(i.LEDBlue_On) refers to utils.o(i.__set_PRIMASK) for __set_PRIMASK
    utils.o(i.LEDGreen_On) refers to utils.o(i.__get_PRIMASK) for __get_PRIMASK
    utils.o(i.LEDGreen_On) refers to utils.o(i.__set_PRIMASK) for __set_PRIMASK
    utils.o(i.LEDRed_On) refers to utils.o(i.__get_PRIMASK) for __get_PRIMASK
    utils.o(i.LEDRed_On) refers to utils.o(i.__set_PRIMASK) for __set_PRIMASK
    utils.o(i.LED_Off) refers to utils.o(i.__get_PRIMASK) for __get_PRIMASK
    utils.o(i.LED_Off) refers to utils.o(i.__set_PRIMASK) for __set_PRIMASK
    process.o(i.PIT1_IRQHandler) refers to process.o(.data) for currentTime
    process.o(i.l_lock) refers to process.o(i.rem_rt_start_queue) for rem_rt_start_queue
    process.o(i.l_lock) refers to process.o(i.push_rt_start_queue) for push_rt_start_queue
    process.o(i.l_lock) refers to 3140.o(myProg) for process_blocked
    process.o(i.l_lock) refers to process.o(.data) for current_process
    process.o(i.l_unlock) refers to process.o(i.time_lt) for time_lt
    process.o(i.l_unlock) refers to process.o(i.push_rt_wait_queue) for push_rt_wait_queue
    process.o(i.l_unlock) refers to process.o(i.push_rt_start_queue) for push_rt_start_queue
    process.o(i.l_unlock) refers to process.o(.data) for priority_protocol
    process.o(i.pop_rt_start_queue) refers to process.o(.data) for rt_start_queue_head
    process.o(i.pop_rt_wait_queue) refers to process.o(.data) for rt_wait_queue_head
    process.o(i.process_rt_periodic_create) refers to 3140_concur.o(i.process_stack_init) for process_stack_init
    process.o(i.process_rt_periodic_create) refers to h1_alloc.o(.text) for malloc
    process.o(i.process_rt_periodic_create) refers to process.o(i.time_lt) for time_lt
    process.o(i.process_rt_periodic_create) refers to process.o(i.push_rt_wait_queue) for push_rt_wait_queue
    process.o(i.process_rt_periodic_create) refers to process.o(i.push_rt_start_queue) for push_rt_start_queue
    process.o(i.process_rt_periodic_create) refers to process.o(.data) for currentTime
    process.o(i.process_select) refers to process.o(i.push_rt_start_queue) for push_rt_start_queue
    process.o(i.process_select) refers to process.o(i.add_time) for add_time
    process.o(i.process_select) refers to h1_free.o(.text) for free
    process.o(i.process_select) refers to 3140_concur.o(i.process_stack_free) for process_stack_free
    process.o(i.process_select) refers to process.o(i.process_stack_reinit) for process_stack_reinit
    process.o(i.process_select) refers to process.o(i.push_rt_wait_queue) for push_rt_wait_queue
    process.o(i.process_select) refers to process.o(i.pop_rt_wait_queue) for pop_rt_wait_queue
    process.o(i.process_select) refers to process.o(i.time_lte) for time_lte
    process.o(i.process_select) refers to process.o(i.pop_rt_start_queue) for pop_rt_start_queue
    process.o(i.process_select) refers to process.o(.data) for current_process
    process.o(i.process_stack_reinit) refers to process.o(i.add_time) for add_time
    process.o(i.process_stack_reinit) refers to 3140.o(myProg) for process_terminated
    process.o(i.process_start) refers to process.o(i.__NVIC_EnableIRQ) for __NVIC_EnableIRQ
    process.o(i.process_start) refers to process.o(i.__NVIC_SetPriority) for __NVIC_SetPriority
    process.o(i.process_start) refers to 3140.o(myProg) for process_begin
    process.o(i.push_rt_start_queue) refers to process.o(.data) for rt_start_queue_head
    process.o(i.push_rt_wait_queue) refers to process.o(i.time_lte) for time_lte
    process.o(i.push_rt_wait_queue) refers to process.o(.data) for rt_wait_queue_head
    process.o(i.rem_rt_start_queue) refers to process.o(.data) for rt_start_queue_head
    main_t1.o(i.main) refers to hardware_init.o(i.hardware_init) for hardware_init
    main_t1.o(i.main) refers to utils.o(i.LED_Initialize) for LED_Initialize
    main_t1.o(i.main) refers to main_t1.o(i.setup) for setup
    main_t1.o(i.main) refers to process.o(i.l_init) for l_init
    main_t1.o(i.main) refers to process.o(i.process_rt_periodic_create) for process_rt_periodic_create
    main_t1.o(i.main) refers to process.o(i.process_start) for process_start
    main_t1.o(i.main) refers to utils.o(i.LED_Off) for LED_Off
    main_t1.o(i.main) refers to main_t1.o(.bss) for l
[...]
    .text                                    0x0000075e   Section        0  h1_init.o(.text)
    .text                                    0x0000076c   Section        0  abort.o(.text)
    .text                                    0x00000782   Section        0  assert_puts.o(.text)
    .text                                    0x00000796   Section        0  sys_wrch.o(.text)
    .text                                    0x000007a4   Section        0  sys_exit.o(.text)
    .text                                    0x000007b0   Section        0  h1_extend.o(.text)
    .text                                    0x000007e4   Section        0  defsig_abrt_outer.o(.text)
    .text                                    0x000007f2   Section        0  defsig_rtmem_outer.o(.text)
    .text                                    0x00000800   Section        2  use_no_semi.o(.text)
    .text                                    0x00000802   Section        0  indicate_semi.o(.text)
    .text                                    0x00000802   Section        0  exit.o(.text)
    .text                                    0x00000814   Section        0  defsig_exit.o(.text)
    .text                                    0x00000820   Section        0  defsig_abrt_inner.o(.text)
    .text                                    0x00000850   Section        0  defsig_rtmem_inner.o(.text)
    .text                                    0x000008a0   Section        0  defsig_general.o(.text)
    i.ADC_read16b                            0x000008d4   Section        0  utils.o(i.ADC_read16b)
    i.BOARD_ClockInit                        0x00000908   Section        0  board.o(i.BOARD_ClockInit)
    i.BOARD_InitOsc0                         0x00000970   Section        0  board.o(i.BOARD_InitOsc0)
    i.BOARD_InitRtcOsc                       0x00000988   Section        0  board.o(i.BOARD_InitRtcOsc)
    i.CLOCK_HAL_EnablePll0InFllMode          0x000009a0   Section        0  fsl_mcg_hal.o(i.CLOCK_HAL_EnablePll0InFllMode)
    i.CLOCK_HAL_GetClkOutStat                0x000009e0   Section        0  fsl_mcg_hal_modes.o(i.CLOCK_HAL_GetClkOutStat)
    CLOCK_HAL_GetClkOutStat                  0x000009e1   Thumb Code    10  fsl_mcg_hal_modes.o(i.CLOCK_HAL_GetClkOutStat)
    i.CLOCK_HAL_GetClkOutStat                0x000009ea   Section        0  fsl_clock_manager.o(i.CLOCK_HAL_GetClkOutStat)
    CLOCK_HAL_GetClkOutStat                  0x000009eb   Thumb Code    10  fsl_clock_manager.o(i.CLOCK_HAL_GetClkOutStat)
    i.CLOCK_HAL_GetFllClk                    0x000009f4   Section        0  fsl_mcg_hal.o(i.CLOCK_HAL_GetFllClk)
    i.CLOCK_HAL_GetFllRefClk                 0x00000a48   Section        0  fsl_mcg_hal.o(i.CLOCK_HAL_GetFllRefClk)
    i.CLOCK_HAL_GetFllSrc                    0x00000a94   Section        0  fsl_mcg_hal_modes.o(i.CLOCK_HAL_GetFllSrc)
    CLOCK_HAL_GetFllSrc                      0x00000a95   Thumb Code    14  fsl_mcg_hal_modes.o(i.CLOCK_HAL_GetFllSrc)
    i.CLOCK_HAL_GetInternalRefClk            0x00000aa4   Section        0  fsl_mcg_hal.o(i.CLOCK_HAL_GetInternalRefClk)
    i.CLOCK_HAL_GetInternalRefClkMode        0x00000ae0   Section        0  fsl_mcg_hal.o(i.CLOCK_HAL_GetInternalRefClkMode)
    CLOCK_HAL_GetInternalRefClkMode          0x00000ae1   Thumb Code    14  fsl_mcg_hal.o(i.CLOCK_HAL_GetInternalRefClkMode)
    i.CLOCK_HAL_GetInternalRefClkMode        0x00000aee   Section        0  fsl_mcg_hal_modes.o(i.CLOCK_HAL_GetInternalRefClkMode)
    CLOCK_HAL_GetInternalRefClkMode          0x00000aef   Thumb Code    14  fsl_mcg_hal_modes.o(i.CLOCK_HAL_GetInternalRefClkMode)
    i.CLOCK_HAL_GetMcgExternalClkFreq        0x00000afc   Section        0  fsl_mcg_hal.o(i.CLOCK_HAL_GetMcgExternalClkFreq)
    CLOCK_HAL_GetMcgExternalClkFreq          0x00000afd   Thumb Code    18  fsl_mcg_hal.o(i.CLOCK_HAL_GetMcgExternalClkFreq)
    i.CLOCK_HAL_GetMcgMode                   0x00000b0e   Section        0  fsl_mcg_hal_modes.o(i.CLOCK_HAL_GetMcgMode)
    i.CLOCK_HAL_GetOutClk                    0x00000ba4   Section        0  fsl_mcg_hal.o(i.CLOCK_HAL_GetOutClk)
    i.CLOCK_HAL_GetPll0Clk                   0x00000bf2   Section        0  fsl_mcg_hal.o(i.CLOCK_HAL_GetPll0Clk)
    i.CLOCK_HAL_GetPll0RefFreq               0x00000c36   Section        0  fsl_mcg_hal.o(i.CLOCK_HAL_GetPll0RefFreq)
    i.CLOCK_HAL_IsOsc0Stable                 0x00000c42   Section        0  fsl_mcg_hal_modes.o(i.CLOCK_HAL_IsOsc0Stable)
    CLOCK_HAL_IsOsc0Stable                   0x00000c43   Thumb Code    22  fsl_mcg_hal_modes.o(i.CLOCK_HAL_IsOsc0Stable)
    i.CLOCK_HAL_IsPllSelected                0x00000c58   Section        0  fsl_mcg_hal_modes.o(i.CLOCK_HAL_IsPllSelected)
    CLOCK_HAL_IsPllSelected                  0x00000c59   Thumb Code    22  fsl_mcg_hal_modes.o(i.CLOCK_HAL_IsPllSelected)
    i.CLOCK_HAL_PrepareOsc                   0x00000c6e   Section        0  fsl_mcg_hal_modes.o(i.CLOCK_HAL_PrepareOsc)
    CLOCK_HAL_PrepareOsc                     0x00000c6f   Thumb Code    42  fsl_mcg_hal_modes.o(i.CLOCK_HAL_PrepareOsc)
    i.CLOCK_HAL_SetClkOutSrc                 0x00000c98   Section        0  fsl_clock_manager.o(i.CLOCK_HAL_SetClkOutSrc)
    CLOCK_HAL_SetClkOutSrc                   0x00000c99   Thumb Code    10  fsl_clock_manager.o(i.CLOCK_HAL_SetClkOutSrc)
    i.CLOCK_HAL_SetFbeMode                   0x00000ca2   Section        0  fsl_mcg_hal_modes.o(i.CLOCK_HAL_SetFbeMode)
    i.CLOCK_HAL_SetFbiMode                   0x00000d88   Section        0  fsl_mcg_hal_modes.o(i.CLOCK_HAL_SetFbiMode)
    i.CLOCK_HAL_SetInternalRefClkMode        0x00000e3c   Section        0  fsl_mcg_hal.o(i.CLOCK_HAL_SetInternalRefClkMode)
    CLOCK_HAL_SetInternalRefClkMode          0x00000e3d   Thumb Code    12  fsl_mcg_hal.o(i.CLOCK_HAL_SetInternalRefClkMode)
    i.CLOCK_HAL_SetLowPowerModeCmd           0x00000e48   Section        0  fsl_clock_manager.o(i.CLOCK_HAL_SetLowPowerModeCmd)
    CLOCK_HAL_SetLowPowerModeCmd             0x00000e49   Thumb Code    12  fsl_clock_manager.o(i.CLOCK_HAL_SetLowPowerModeCmd)
    i.CLOCK_HAL_SetOsc0Mode                  0x00000e54   Section        0  fsl_mcg_hal.o(i.CLOCK_HAL_SetOsc0Mode)
    i.CLOCK_HAL_SetOutDiv                    0x00000e78   Section        0  fsl_sim_hal_mk64f12.o(i.CLOCK_HAL_SetOutDiv)
    i.CLOCK_HAL_SetPbeMode                   0x00000eb0   Section        0  fsl_mcg_hal_modes.o(i.CLOCK_HAL_SetPbeMode)
    i.CLOCK_HAL_TestFllExternalRefFreq       0x00000f98   Section        0  fsl_mcg_hal.o(i.CLOCK_HAL_TestFllExternalRefFreq)
    i.CLOCK_HAL_TestFllFreq                  0x00000fe0   Section        0  fsl_mcg_hal.o(i.CLOCK_HAL_TestFllFreq)
    i.CLOCK_HAL_TestOscFreq                  0x00001018   Section        0  fsl_mcg_hal.o(i.CLOCK_HAL_TestOscFreq)
    i.CLOCK_HAL_UpdateFastClkInternalRefDiv  0x0000104c   Section        0  fsl_mcg_hal.o(i.CLOCK_HAL_UpdateFastClkInternalRefDiv)
    i.CLOCK_SYS_EnablePortClock              0x000010b4   Section        0  fsl_clock_mk64f12.o(i.CLOCK_SYS_EnablePortClock)
    i.CLOCK_SYS_EnableUartClock              0x00001120   Section        0  fsl_clock_mk64f12.o(i.CLOCK_SYS_EnableUartClock)
    i.CLOCK_SYS_FllStableDelay               0x0000118c   Section        0  fsl_clock_mk64f12.o(i.CLOCK_SYS_FllStableDelay)
    CLOCK_SYS_FllStableDelay                 0x0000118d   Thumb Code    30  fsl_clock_mk64f12.o(i.CLOCK_SYS_FllStableDelay)
    i.CLOCK_SYS_GetBusClockFreq              0x000011ac   Section        0  fsl_clock_mk64f12.o(i.CLOCK_SYS_GetBusClockFreq)
    i.CLOCK_SYS_GetCoreClockFreq             0x000011d0   Section        0  fsl_clock_mk64f12.o(i.CLOCK_SYS_GetCoreClockFreq)
    i.CLOCK_SYS_GetSystemClockFreq           0x000011f0   Section        0  fsl_clock_mk64f12.o(i.CLOCK_SYS_GetSystemClockFreq)
    i.CLOCK_SYS_GetUartFreq                  0x00001210   Section        0  fsl_clock_mk64f12.o(i.CLOCK_SYS_GetUartFreq)
    i.CLOCK_SYS_OscInit                      0x00001240   Section        0  fsl_clock_manager.o(i.CLOCK_SYS_OscInit)
    i.CLOCK_SYS_RtcOscInit                   0x00001310   Section        0  fsl_clock_manager.o(i.CLOCK_SYS_RtcOscInit)
    i.CLOCK_SYS_SetConfiguration             0x0000140c   Section        0  fsl_clock_mk64f12.o(i.CLOCK_SYS_SetConfiguration)
    i.CLOCK_SYS_SetMcgMode                   0x00001474   Section        0  fsl_clock_manager.o(i.CLOCK_SYS_SetMcgMode)
    i.CLOCK_SYS_SetMcgPeeToFbe               0x000015cc   Section        0  fsl_clock_manager.o(i.CLOCK_SYS_SetMcgPeeToFbe)
    CLOCK_SYS_SetMcgPeeToFbe                 0x000015cd   Thumb Code    66  fsl_clock_manager.o(i.CLOCK_SYS_SetMcgPeeToFbe)
    i.CLOCK_SYS_SetOscerConfigration         0x00001614   Section        0  fsl_clock_manager.o(i.CLOCK_SYS_SetOscerConfigration)
    i.CLOCK_SYS_SetSimConfigration           0x00001638   Section        0  fsl_clock_mk64f12.o(i.CLOCK_SYS_SetSimConfigration)
    CLOCK_SYS_SetSimConfigration             0x00001639   Thumb Code    54  fsl_clock_mk64f12.o(i.CLOCK_SYS_SetSimConfigration)
    i.DbgConsole_Init                        0x00001678   Section        0  fsl_debug_console.o(i.DbgConsole_Init)
    i.LEDBlue_Toggle                         0x00001734   Section        0  utils.o(i.LEDBlue_Toggle)
    i.LEDGreen_Toggle                        0x00001744   Section        0  utils.o(i.LEDGreen_Toggle)
    i.LEDRed_Toggle                          0x00001754   Section        0  utils.o(i.LEDRed_Toggle)
    i.LED_Initialize                         0x00001764   Section        0  utils.o(i.LED_Initialize)
    i.LED_Off                                0x000017ac   Section        0  utils.o(i.LED_Off)
    i.OSC_HAL_SetCapacitor                   0x000017d8   Section        0  fsl_osc_hal.o(i.OSC_HAL_SetCapacitor)
    i.OSC_HAL_SetExternalRefClkCmd           0x000017e4   Section        0  fsl_clock_manager.o(i.OSC_HAL_SetExternalRefClkCmd)
    OSC_HAL_SetExternalRefClkCmd             0x000017e5   Thumb Code    10  fsl_clock_manager.o(i.OSC_HAL_SetExternalRefClkCmd)
    i.OSC_HAL_SetExternalRefClkInStopModeCmd 0x000017ee   Section        0  fsl_clock_manager.o(i.OSC_HAL_SetExternalRefClkInStopModeCmd)
    OSC_HAL_SetExternalRefClkInStopModeCmd   0x000017ef   Thumb Code    10  fsl_clock_manager.o(i.OSC_HAL_SetExternalRefClkInStopModeCmd)
    i.PIT1_IRQHandler                        0x000017f8   Section        0  process.o(i.PIT1_IRQHandler)
    i.PORT_HAL_SetMuxMode                    0x00001848   Section        0  pin_mux.o(i.PORT_HAL_SetMuxMode)
    PORT_HAL_SetMuxMode                      0x00001849   Thumb Code    48  pin_mux.o(i.PORT_HAL_SetMuxMode)
    i.RTC_HAL_SetOscillatorCmd               0x0000188c   Section        0  fsl_clock_manager.o(i.RTC_HAL_SetOscillatorCmd)
    RTC_HAL_SetOscillatorCmd                 0x0000188d   Thumb Code    14  fsl_clock_manager.o(i.RTC_HAL_SetOscillatorCmd)
    i.SIM_HAL_EnableClock                    0x0000189a   Section        0  fsl_clock_mk64f12.o(i.SIM_HAL_EnableClock)
    SIM_HAL_EnableClock                      0x0000189b   Thumb Code    34  fsl_clock_mk64f12.o(i.SIM_HAL_EnableClock)
    i.SystemInit                             0x000018bc   Section        0  system_mk64f12.o(i.SystemInit)
    i.UART_HAL_Getchar                       0x000018e8   Section        0  fsl_uart_hal.o(i.UART_HAL_Getchar)
    i.UART_HAL_Putchar                       0x000018f4   Section        0  fsl_uart_hal.o(i.UART_HAL_Putchar)
    i.UART_HAL_ReceiveDataPolling            0x000018fe   Section        0  fsl_uart_hal.o(i.UART_HAL_ReceiveDataPolling)
    i.UART_HAL_SendDataPolling               0x00001954   Section        0  fsl_uart_hal.o(i.UART_HAL_SendDataPolling)
    i.UART_HAL_SetBaudRate                   0x00001982   Section        0  fsl_uart_hal.o(i.UART_HAL_SetBaudRate)
    i.UART_HAL_SetParityMode                 0x000019c6   Section        0  fsl_uart_hal.o(i.UART_HAL_SetParityMode)
    i.__NVIC_EnableIRQ                       0x000019e2   Section        0  process.o(i.__NVIC_EnableIRQ)
    __NVIC_EnableIRQ                         0x000019e3   Thumb Code    26  process.o(i.__NVIC_EnableIRQ)
    i.__NVIC_SetPriority                     0x000019fc   Section        0  process.o(i.__NVIC_SetPriority)
    __NVIC_SetPriority                       0x000019fd   Thumb Code    32  process.o(i.__NVIC_SetPriority)
    i.__get_PRIMASK                          0x00001a24   Section        0  utils.o(i.__get_PRIMASK)
    __get_PRIMASK                            0x00001a25   Thumb Code     6  utils.o(i.__get_PRIMASK)
    i.__hardfp_modf                          0x00001a2c   Section        0  modf.o(i.__hardfp_modf)
    i.__set_PRIMASK                          0x00001afc   Section        0  utils.o(i.__set_PRIMASK)
    __set_PRIMASK                            0x00001afd   Thumb Code     6  utils.o(i.__set_PRIMASK)
    i._doprint                               0x00001b04   Section        0  print_scan.o(i._doprint)
    i.add_time                               0x00002170   Section        0  process.o(i.add_time)
    i.calculateCapacitance                   0x00002198   Section        0  utils.o(i.calculateCapacitance)
    i.configure_uart_pins                    0x000021a8   Section        0  pin_mux.o(i.configure_uart_pins)
    i.dbg_uart_init                          0x000021f0   Section        0  board.o(i.dbg_uart_init)
    i.debug_printf                           0x00002208   Section        0  fsl_debug_console.o(i.debug_printf)
    i.debug_putc                             0x00002244   Section        0  fsl_debug_console.o(i.debug_putc)
    debug_putc                               0x00002245   Thumb Code    38  fsl_debug_console.o(i.debug_putc)
    i.delay                                  0x00002270   Section        0  utils.o(i.delay)
    i.fput_pad                               0x00002284   Section        0  print_scan.o(i.fput_pad)
    fput_pad                                 0x00002285   Thumb Code    48  print_scan.o(i.fput_pad)
    i.hardware_init                          0x000022b4   Section        0  hardware_init.o(i.hardware_init)
    i.init_data_bss                          0x000022cc   Section        0  startup.o(i.init_data_bss)
    i.l_init                                 0x00002314   Section        0  process.o(i.l_init)
    i.l_lock                                 0x00002320   Section        0  process.o(i.l_lock)
    i.l_unlock                               0x00002414   Section        0  process.o(i.l_unlock)
    i.main                                   0x0000248c   Section        0  main_t1.o(i.main)
    i.mediumDelay                            0x00002550   Section        0  main_t1.o(i.mediumDelay)
    i.mkfloatnumstr                          0x0000255c   Section        0  print_scan.o(i.mkfloatnumstr)
    mkfloatnumstr                            0x0000255d   Thumb Code   348  print_scan.o(i.mkfloatnumstr)
    i.mknumstr                               0x000026c8   Section        0  print_scan.o(i.mknumstr)
    mknumstr                                 0x000026c9   Thumb Code   166  print_scan.o(i.mknumstr)
    i.p1                                     0x00002770   Section        0  main_t1.o(i.p1)
    i.p2                                     0x00002804   Section        0  main_t1.o(i.p2)
    i.p3                                     0x00002904   Section        0  main_t1.o(i.p3)
    i.pop_rt_start_queue                     0x00002a3c   Section        0  process.o(i.pop_rt_start_queue)
    i.pop_rt_wait_queue                      0x00002a5c   Section        0  process.o(i.pop_rt_wait_queue)
    i.process_rt_periodic_create             0x00002a7c   Section        0  process.o(i.process_rt_periodic_create)
    i.process_select                         0x00002aec   Section        0  process.o(i.process_select)
    i.process_stack_free                     0x00002c38   Section        0  3140_concur.o(i.process_stack_free)
    i.process_stack_init                     0x00002c4c   Section        0  3140_concur.o(i.process_stack_init)
    i.process_stack_reinit                   0x00002cac   Section        0  process.o(i.process_stack_reinit)
    i.process_start                          0x00002d18   Section        0  process.o(i.process_start)
    i.push_rt_start_queue                    0x00002d7c   Section        0  process.o(i.push_rt_start_queue)
    i.push_rt_wait_queue                     0x00002dcc   Section        0  process.o(i.push_rt_wait_queue)
    i.rem_rt_start_queue                     0x00002e24   Section        0  process.o(i.rem_rt_start_queue)
    i.setup                                  0x00002e68   Section        0  main_t1.o(i.setup)
    i.time_lt                                0x00002ebc   Section        0  process.o(i.time_lt)
    i.time_lte                               0x00002eec   Section        0  process.o(i.time_lte)
    myProg                                   0x00002f1c   Section      124  3140.o(myProg)
    $v0                                      0x00002f1c   Number         0  3140.o(myProg)
    SVC0_begin                               0x00002f35   Thumb Code     0  3140.o(myProg)
    SVC1_terminate                           0x00002f3f   Thumb Code     0  3140.o(myProg)
    x$fpl$dadd                               0x00002f98   Section      336  daddsub_clz.o(x$fpl$dadd)
    $v0                                      0x00002f98   Number         0  daddsub_clz.o(x$fpl$dadd)
    _dadd1                                   0x00002fa9   Thumb Code     0  daddsub_clz.o(x$fpl$dadd)
    x$fpl$dcmpinf                            0x000030e8   Section       24  dcmpi.o(x$fpl$dcmpinf)
    $v0                                      0x000030e8   Number         0  dcmpi.o(x$fpl$dcmpinf)
    x$fpl$ddiv                               0x00003100   Section      688  ddiv.o(x$fpl$ddiv)
    $v0                                      0x00003100   Number         0  ddiv.o(x$fpl$ddiv)
    ddiv_entry                               0x00003107   Thumb Code     0  ddiv.o(x$fpl$ddiv)
    x$fpl$deqf                               0x000033b0   Section      120  deqf.o(x$fpl$deqf)
    $v0                                      0x000033b0   Number         0  deqf.o(x$fpl$deqf)
    x$fpl$dfix                               0x00003428   Section       94  dfix.o(x$fpl$dfix)
    $v0                                      0x00003428   Number         0  dfix.o(x$fpl$dfix)
    x$fpl$dflt                               0x00003486   Section       46  dflt_clz.o(x$fpl$dflt)
    $v0                                      0x00003486   Number         0  dflt_clz.o(x$fpl$dflt)
    x$fpl$dfltull                            0x000034b4   Section      138  dfltll_clz.o(x$fpl$dfltull)
    $v0                                      0x000034b4   Number         0  dfltll_clz.o(x$fpl$dfltull)
    x$fpl$dleqf                              0x00003540   Section      120  dleqf.o(x$fpl$dleqf)
    $v0                                      0x00003540   Number         0  dleqf.o(x$fpl$dleqf)
    x$fpl$dmul                               0x000035b8   Section      340  dmul.o(x$fpl$dmul)
    $v0                                      0x000035b8   Number         0  dmul.o(x$fpl$dmul)
    x$fpl$dnaninf                            0x0000370c   Section      156  dnaninf.o(x$fpl$dnaninf)
    $v0                                      0x0000370c   Number         0  dnaninf.o(x$fpl$dnaninf)
    x$fpl$dretinf                            0x000037a8   Section       12  dretinf.o(x$fpl$dretinf)
    $v0                                      0x000037a8   Number         0  dretinf.o(x$fpl$dretinf)
    x$fpl$drsb                               0x000037b4   Section       22  daddsub_clz.o(x$fpl$drsb)
    $v0                                      0x000037b4   Number         0  daddsub_clz.o(x$fpl$drsb)
    x$fpl$dsub                               0x000037cc   Section      468  daddsub_clz.o(x$fpl$dsub)
    $v0                                      0x000037cc   Number         0  daddsub_clz.o(x$fpl$dsub)
    _dsub1                                   0x000037dd   Thumb Code     0  daddsub_clz.o(x$fpl$dsub)
    x$fpl$fpinit                             0x000039a0   Section       10  fpinit.o(x$fpl$fpinit)
    $v0                                      0x000039a0   Number         0  fpinit.o(x$fpl$fpinit)
    x$fpl$llufromd                           0x000039ac   Section      120  dfixull.o(x$fpl$llufromd)
    $v0                                      0x000039ac   Number         0  dfixull.o(x$fpl$llufromd)
    .constdata                               0x00003a24   Section       72  board.o(.constdata)
    x$fpl$usenofp                            0x00003a24   Section        0  usenofp.o(x$fpl$usenofp)
    .constdata                               0x00003a6c   Section        6  fsl_rtc_common.o(.constdata)
    .constdata                               0x00003a72   Section       48  fsl_mcg_hal.o(.constdata)
    fllFactorTable                           0x00003a72   Data          16  fsl_mcg_hal.o(.constdata)
    freq_kHz                                 0x00003a82   Data          16  fsl_mcg_hal.o(.constdata)
    freqLow_kHz                              0x00003a92   Data          16  fsl_mcg_hal.o(.constdata)
    .constdata                               0x00003aa2   Section       25  fsl_clock_mk64f12.o(.constdata)
    portGateTable                            0x00003aa2   Data           5  fsl_clock_mk64f12.o(.constdata)
    adcGateTable                             0x00003aa7   Data           2  fsl_clock_mk64f12.o(.constdata)
    dacGateTable                             0x00003aa9   Data           2  fsl_clock_mk64f12.o(.constdata)
    ftmGateTable                             0x00003aab   Data           4  fsl_clock_mk64f12.o(.constdata)
    spiGateTable                             0x00003aaf   Data           3  fsl_clock_mk64f12.o(.constdata)
    i2cGateTable                             0x00003ab2   Data           3  fsl_clock_mk64f12.o(.constdata)
    uartGateTable                            0x00003ab5   Data           6  fsl_clock_mk64f12.o(.constdata)
    .constdata                               0x00003abc   Section       12  fsl_clock_manager_common.o(.constdata)
    .constdata                               0x00003ac8   Section       24  fsl_debug_console.o(.constdata)
    .conststring                             0x00003ae0   Section       78  board.o(.conststring)
    .conststring                             0x00003b30   Section      100  fsl_clock_mk64f12.o(.conststring)
    .conststring                             0x00003b94   Section       92  fsl_clock_manager.o(.conststring)
    .data                                    0x20000000   Section       44  process.o(.data)
    .data                                    0x2000002c   Section       56  main_t1.o(.data)
    .data                                    0x20000064   Section       16  fsl_mcg_hal.o(.data)
    .data                                    0x20000074   Section        4  system_mk64f12.o(.data)
    myData                                   0x20000078   Section        4  3140.o(myData)
    OrigStackPointer                         0x20000078   Data           4  3140.o(myData)
    .bss                                     0x2000007c   Section       40  main_t1.o(.bss)
    .bss                                     0x200000a4   Section       16  fsl_debug_console.o(.bss)
    s_debugConsole                           0x200000a4   Data          16  fsl_debug_console.o(.bss)
    .bss                                     0x200000b4   Section       96  libspace.o(.bss)

    Global Symbols

    Symbol Name                              Value     Ov Type        Size  Object(Section)

    BuildAttributes$$THM_ISAv4$E$P$D$K$B$S$7EM$VFPi3$EXTD16$VFPS$VFMA$PE$A:L22UL41UL21$X:L11$S22US41US21$IEEE1$IW$USESV6$~STKCKD$USESV7$~SHL$OTIME$ROPI$IEEEJ$EBA8$UX$STANDARDLIB$REQ8$PRES8$EABIv2 0x00000000   Number         0  anon$$obj.o ABSOLUTE
    Image$$VECTOR_RAM$$Base                  0x00000000   Number         0  anon$$obj.o ABSOLUTE
    Image$$VECTOR_ROM$$Base                  0x00000000   Number         0  anon$$obj.o ABSOLUTE
    __ARM_use_no_argv                        0x00000000   Number         0  main_t1.o ABSOLUTE
    __Vectors                                0x00000000   Data           4  startup_mk64f12.o(RESET)
    Image$$ZI$$Limit                          - Undefined Weak Reference
    __ARM_exceptions_init                     - Undefined Weak Reference
    __alloca_initialize                       - Undefined Weak Reference
    __arm_preinit_                            - Undefined Weak Reference
    __cpp_initialize__aeabi_                  - Undefined Weak Reference
    __cxa_finalize                            - Undefined Weak Reference
    __rt_locale                               - Undefined Weak Reference
    __sigvec_lookup                           - Undefined Weak Reference
    __user_heap_extent                        - Undefined Weak Reference
    _atexit_init                              - Undefined Weak Reference
    _call_atexit_fns                          - Undefined Weak Reference
    _clock_init                               - Undefined Weak Reference
    _fp_trap_init                             - Undefined Weak Reference
    _fp_trap_shutdown                         - Undefined Weak Reference
    _get_lc_collate                           - Undefined Weak Reference
    _get_lc_ctype                             - Undefined Weak Reference
    _get_lc_monetary                          - Undefined Weak Reference
    _get_lc_numeric                           - Undefined Weak Reference
    _get_lc_time                              - Undefined Weak Reference
    _getenv_init                              - Undefined Weak Reference
    _handle_redirection                       - Undefined Weak Reference
    _initio                                   - Undefined Weak Reference
    _mutex_acquire                            - Undefined Weak Reference
    _mutex_free                               - Undefined Weak Reference
    _mutex_release                            - Undefined Weak Reference
    _rand_init                                - Undefined Weak Reference
    _signal_finish                            - Undefined Weak Reference
    _signal_init                              - Undefined Weak Reference
    _terminateio                              - Undefined Weak Reference
    __Vectors_End                            0x00000400   Data           0  startup_mk64f12.o(RESET)
    __Vectors_Size                           0x00000400   Number         0  startup_mk64f12.o ABSOLUTE
    __main                                   0x00000411   Thumb Code     8  __main.o(!!!main)
    __scatterload                            0x00000419   Thumb Code     0  __scatter.o(!!!scatter)
    __scatterload_rt2                        0x00000419   Thumb Code    44  __scatter.o(!!!scatter)
    __scatterload_rt2_thumb_only             0x00000419   Thumb Code     0  __scatter.o(!!!scatter)
    __scatterload_null                       0x00000427   Thumb Code     0  __scatter.o(!!!scatter)
    __scatterload_copy                       0x0000044d   Thumb Code    26  __scatter_copy.o(!!handler_copy)
    __scatterload_zeroinit                   0x00000469   Thumb Code    28  __scatter_zi.o(!!handler_zi)
    __rt_lib_init                            0x00000485   Thumb Code     0  libinit.o(.ARM.Collect$$libinit$$00000000)
    __rt_lib_init_fp_1                       0x00000487   Thumb Code     0  libinit2.o(.ARM.Collect$$libinit$$00000001)
    __rt_lib_init_heap_2                     0x0000048b   Thumb Code     0  libinit5.o(.ARM.Collect$$libinit$$00000008)
    __rt_lib_init_preinit_1                  0x0000048b   Thumb Code     0  libinit2.o(.ARM.Collect$$libinit$$00000004)
    __rt_lib_init_alloca_1                   0x00000493   Thumb Code     0  libinit2.o(.ARM.Collect$$libinit$$0000002E)
    __rt_lib_init_argv_1                     0x00000493   Thumb Code     0  libinit2.o(.ARM.Collect$$libinit$$0000002C)
    __rt_lib_init_atexit_1                   0x00000493   Thumb Code     0  libinit2.o(.ARM.Collect$$libinit$$0000001B)
    __rt_lib_init_clock_1                    0x00000493   Thumb Code     0  libinit2.o(.ARM.Collect$$libinit$$00000021)
    __rt_lib_init_cpp_1                      0x00000493   Thumb Code     0  libinit2.o(.ARM.Collect$$libinit$$00000032)
    __rt_lib_init_exceptions_1               0x00000493   Thumb Code     0  libinit2.o(.ARM.Collect$$libinit$$00000030)
    __rt_lib_init_fp_trap_1                  0x00000493   Thumb Code     0  libinit2.o(.ARM.Collect$$libinit$$0000001F)
    __rt_lib_init_getenv_1                   0x00000493   Thumb Code     0  libinit2.o(.ARM.Collect$$libinit$$00000023)
    __rt_lib_init_heap_1                     0x00000493   Thumb Code     0  libinit2.o(.ARM.Collect$$libinit$$0000000A)
    __rt_lib_init_lc_collate_1               0x00000493   Thumb Code     0  libinit2.o(.ARM.Collect$$libinit$$00000011)
    __rt_lib_init_lc_ctype_1                 0x00000493   Thumb Code     0  libinit2.o(.ARM.Collect$$libinit$$00000013)
    __rt_lib_init_lc_monetary_1              0x00000493   Thumb Code     0  libinit2.o(.ARM.Collect$$libinit$$00000015)
    __rt_lib_init_lc_numeric_1               0x00000493   Thumb Code     0  libinit2.o(.ARM.Collect$$libinit$$00000017)
    __rt_lib_init_lc_time_1                  0x00000493   Thumb Code     0  libinit2.o(.ARM.Collect$$libinit$$00000019)
    __rt_lib_init_rand_1                     0x00000493   Thumb Code     0  libinit2.o(.ARM.Collect$$libinit$$0000000E)
    __rt_lib_init_return                     0x00000493   Thumb Code     0  libinit2.o(.ARM.Collect$$libinit$$00000033)
    __rt_lib_init_signal_1                   0x00000493   Thumb Code     0  libinit2.o(.ARM.Collect$$libinit$$0000001D)
    __rt_lib_init_stdio_1                    0x00000493   Thumb Code     0  libinit2.o(.ARM.Collect$$libinit$$00000025)
    __rt_lib_init_user_alloc_1               0x00000493   Thumb Code     0  libinit2.o(.ARM.Collect$$libinit$$0000000C)
    __rt_lib_shutdown                        0x0000049d   Thumb Code     0  libshutdown.o(.ARM.Collect$$libshutdown$$00000000)
    __rt_lib_shutdown_cpp_1                  0x0000049f   Thumb Code     0  libshutdown2.o(.ARM.Collect$$libshutdown$$00000002)
    __rt_lib_shutdown_fp_trap_1              0x0000049f   Thumb Code     0  libshutdown2.o(.ARM.Collect$$libshutdown$$00000007)
    __rt_lib_shutdown_heap_1                 0x0000049f   Thumb Code     0  libshutdown2.o(.ARM.Collect$$libshutdown$$0000000F)
    __rt_lib_shutdown_return                 0x0000049f   Thumb Code     0  libshutdown2.o(.ARM.Collect$$libshutdown$$00000010)
    __rt_lib_shutdown_signal_1               0x0000049f   Thumb Code     0  libshutdown2.o(.ARM.Collect$$libshutdown$$0000000A)
    __rt_lib_shutdown_stdio_1                0x0000049f   Thumb Code     0  libshutdown2.o(.ARM.Collect$$libshutdown$$00000004)
    __rt_lib_shutdown_user_alloc_1           0x0000049f   Thumb Code     0  libshutdown2.o(.ARM.Collect$$libshutdown$$0000000C)
    __rt_entry                               0x000004a1   Thumb Code     0  __rtentry.o(.ARM.Collect$$rtentry$$00000000)
    __rt_entry_presh_1                       0x000004a1   Thumb Code     0  __rtentry2.o(.ARM.Collect$$rtentry$$00000002)
    __rt_entry_sh                            0x000004a1   Thumb Code     0  __rtentry7.o(.ARM.Collect$$rtentry$$00000007)
    __rt_entry_li                            0x000004a5   Thumb Code     0  __rtentry2.o(.ARM.Collect$$rtentry$$0000000A)
    __rt_entry_postsh_1                      0x000004a5   Thumb Code     0  __rtentry2.o(.ARM.Collect$$rtentry$$00000009)
    __rt_entry_main                          0x000004a9   Thumb Code     0  __rtentry2.o(.ARM.Collect$$rtentry$$0000000D)
    __rt_entry_postli_1                      0x000004a9   Thumb Code     0  __rtentry2.o(.ARM.Collect$$rtentry$$0000000C)
    __rt_exit                                0x000004b5   Thumb Code     0  rtexit.o(.ARM.Collect$$rtexit$$00000000)
    __rt_exit_ls                             0x000004b7   Thumb Code     0  rtexit2.o(.ARM.Collect$$rtexit$$00000003)
    __rt_exit_prels_1                        0x000004b7   Thumb Code     0  rtexit2.o(.ARM.Collect$$rtexit$$00000002)
    __rt_exit_exit                           0x000004bb   Thumb Code     0  rtexit2.o(.ARM.Collect$$rtexit$$00000004)
    Reset_Handler                            0x000004c1   Thumb Code    18  startup_mk64f12.o(.text)
    _maybe_terminate_alloc                   0x000004c1   Thumb Code     0  maybetermalloc1.o(.emb_text)
    NMI_Handler                              0x000004d3   Thumb Code     2  startup_mk64f12.o(.text)
    HardFault_Handler                        0x000004d5   Thumb Code     2  startup_mk64f12.o(.text)
    MemManage_Handler                        0x000004d7   Thumb Code     2  startup_mk64f12.o(.text)
    BusFault_Handler                         0x000004d9   Thumb Code     2  startup_mk64f12.o(.text)
    UsageFault_Handler                       0x000004db   Thumb Code     2  startup_mk64f12.o(.text)
    DebugMon_Handler                         0x000004df   Thumb Code     2  startup_mk64f12.o(.text)
    PendSV_Handler                           0x000004e1   Thumb Code     2  startup_mk64f12.o(.text)
    SysTick_Handler                          0x000004e3   Thumb Code     2  startup_mk64f12.o(.text)
    ADC0_IRQHandler                          0x000004e5   Thumb Code     0  startup_mk64f12.o(.text)
    ADC1_IRQHandler                          0x000004e5   Thumb Code     0  startup_mk64f12.o(.text)
    CAN0_Bus_Off_IRQHandler                  0x000004e5   Thumb Code     0  startup_mk64f12.o(.text)
    CAN0_Error_IRQHandler                    0x000004e5   Thumb Code     0  startup_mk64f12.o(.text)
    CAN0_ORed_Message_buffer_IRQHandler      0x000004e5   Thumb Code     0  startup_mk64f12.o(.text)
    CAN0_Rx_Warning_IRQHandler               0x000004e5   Thumb Code     0  startup_mk64f12.o(.text)
    CAN0_Tx_Warning_IRQHandler               0x000004e5   Thumb Code     0  startup_mk64f12.o(.text)
    CAN0_Wake_Up_IRQHandler                  0x000004e5   Thumb Code     0  startup_mk64f12.o(.text)
    CMP0_IRQHandler                          0x000004e5   Thumb Code     0  startup_mk64f12.o(.text)
    CMP1_IRQHandler                          0x000004e5   Thumb Code     0  startup_mk64f12.o(.text)
    CMP2_IRQHandler                          0x000004e5   Thumb Code     0  startup_mk64f12.o(.text)
    CMT_IRQHandler                           0x000004e5   Thumb Code     0  startup_mk64f12.o(.text)
    DAC0_IRQHandler                          0x000004e5   Thumb Code     0  startup_mk64f12.o(.text)
    DAC1_IRQHandler                          0x000004e5   Thumb Code     0  startup_mk64f12.o(.text)
    DMA0_IRQHandler                          0x000004e5   Thumb Code     0  startup_mk64f12.o(.text)
    DMA10_IRQHandler                         0x000004e5   Thumb Code     0  startup_mk64f12.o(.text)
    DMA11_IRQHandler                         0x000004e5   Thumb Code     0  startup_mk64f12.o(.text)
    DMA12_IRQHandler                         0x000004e5   Thumb Code     0  startup_mk64f12.o(.text)
    DMA13_IRQHandler                         0x000004e5   Thumb Code     0  startup_mk64f12.o(.text)
    DMA14_IRQHandler                         0x000004e5   Thumb Code     0  startup_mk64f12.o(.text)
    DMA15_IRQHandler                         0x000004e5   Thumb Code     0  startup_mk64f12.o(.text)
    DMA1_IRQHandler                          0x000004e5   Thumb Code     0  startup_mk64f12.o(.text)
    DMA2_IRQHandler                          0x000004e5   Thumb Code     0  startup_mk64f12.o(.text)
    DMA3_IRQHandler                          0x000004e5   Thumb Code     0  startup_mk64f12.o(.text)
    DMA4_IRQHandler                          0x000004e5   Thumb Code     0  startup_mk64f12.o(.text)
    DMA5_IRQHandler                          0x000004e5   Thumb Code     0  startup_mk64f12.o(.text)
    DMA6_IRQHandler                          0x000004e5   Thumb Code     0  startup_mk64f12.o(.text)
    DMA7_IRQHandler                          0x000004e5   Thumb Code     0  startup_mk64f12.o(.text)
    DMA8_IRQHandler                          0x000004e5   Thumb Code     0  startup_mk64f12.o(.text)
    DMA9_IRQHandler                          0x000004e5   Thumb Code     0  startup_mk64f12.o(.text)
    DMA_Error_IRQHandler                     0x000004e5   Thumb Code     0  startup_mk64f12.o(.text)
    DefaultISR                               0x000004e5   Thumb Code     0  startup_mk64f12.o(.text)
    ENET_1588_Timer_IRQHandler               0x000004e5   Thumb Code     0  startup_mk64f12.o(.text)
    ENET_Error_IRQHandler                    0x000004e5   Thumb Code     0  startup_mk64f12.o(.text)
    ENET_Receive_IRQHandler                  0x000004e5   Thumb Code     0  startup_mk64f12.o(.text)
    ENET_Transmit_IRQHandler                 0x000004e5   Thumb Code     0  startup_mk64f12.o(.text)
    FTFE_IRQHandler                          0x000004e5   Thumb Code     0  startup_mk64f12.o(.text)
    FTM0_IRQHandler                          0x000004e5   Thumb Code     0  startup_mk64f12.o(.text)
    FTM1_IRQHandler                          0x000004e5   Thumb Code     0  startup_mk64f12.o(.text)
    FTM2_IRQHandler                          0x000004e5   Thumb Code     0  startup_mk64f12.o(.text)
    FTM3_IRQHandler                          0x000004e5   Thumb Code     0  startup_mk64f12.o(.text)
    I2C0_IRQHandler                          0x000004e5   Thumb Code     0  startup_mk64f12.o(.text)
    I2C1_IRQHandler                          0x000004e5   Thumb Code     0  startup_mk64f12.o(.text)
    I2C2_IRQHandler                          0x000004e5   Thumb Code     0  startup_mk64f12.o(.text)
    I2S0_Rx_IRQHandler                       0x000004e5   Thumb Code     0  startup_mk64f12.o(.text)
    I2S0_Tx_IRQHandler                       0x000004e5   Thumb Code     0  startup_mk64f12.o(.text)
    LLWU_IRQHandler                          0x000004e5   Thumb Code     0  startup_mk64f12.o(.text)
    LPTMR0_IRQHandler                        0x000004e5   Thumb Code     0  startup_mk64f12.o(.text)
    LVD_LVW_IRQHandler                       0x000004e5   Thumb Code     0  startup_mk64f12.o(.text)
    MCG_IRQHandler                           0x000004e5   Thumb Code     0  startup_mk64f12.o(.text)
    MCM_IRQHandler                           0x000004e5   Thumb Code     0  startup_mk64f12.o(.text)
    PDB0_IRQHandler                          0x000004e5   Thumb Code     0  startup_mk64f12.o(.text)
    PIT2_IRQHandler                          0x000004e5   Thumb Code     0  startup_mk64f12.o(.text)
    PIT3_IRQHandler                          0x000004e5   Thumb Code     0  startup_mk64f12.o(.text)
    PORTA_IRQHandler                         0x000004e5   Thumb Code     0  startup_mk64f12.o(.text)
    PORTB_IRQHandler                         0x000004e5   Thumb Code     0  startup_mk64f12.o(.text)
    PORTC_IRQHandler                         0x000004e5   Thumb Code     0  startup_mk64f12.o(.text)
    PORTD_IRQHandler                         0x000004e5   Thumb Code     0  startup_mk64f12.o(.text)
    PORTE_IRQHandler                         0x000004e5   Thumb Code     0  startup_mk64f12.o(.text)
    RNG_IRQHandler                           0x000004e5   Thumb Code     0  startup_mk64f12.o(.text)
    RTC_IRQHandler                           0x000004e5   Thumb Code     0  startup_mk64f12.o(.text)
    RTC_Seconds_IRQHandler                   0x000004e5   Thumb Code     0  startup_mk64f12.o(.text)
    Read_Collision_IRQHandler                0x000004e5   Thumb Code     0  startup_mk64f12.o(.text)
    Reserved71_IRQHandler                    0x000004e5   Thumb Code     0  startup_mk64f12.o(.text)
    SDHC_IRQHandler                          0x000004e5   Thumb Code     0  startup_mk64f12.o(.text)
    SPI0_IRQHandler                          0x000004e5   Thumb Code     0  startup_mk64f12.o(.text)
    SPI1_IRQHandler                          0x000004e5   Thumb Code     0  startup_mk64f12.o(.text)
    SPI2_IRQHandler                          0x000004e5   Thumb Code     0  startup_mk64f12.o(.text)
    SWI_IRQHandler                           0x000004e5   Thumb Code     0  startup_mk64f12.o(.text)
    UART0_ERR_IRQHandler                     0x000004e5   Thumb Code     0  startup_mk64f12.o(.text)
    UART0_LON_IRQHandler                     0x000004e5   Thumb Code     0  startup_mk64f12.o(.text)
    UART0_RX_TX_IRQHandler                   0x000004e5   Thumb Code     0  startup_mk64f12.o(.text)
    UART1_ERR_IRQHandler                     0x000004e5   Thumb Code     0  startup_mk64f12.o(.text)
    UART1_RX_TX_IRQHandler                   0x000004e5   Thumb Code     0  startup_mk64f12.o(.text)
    UART2_ERR_IRQHandler                     0x000004e5   Thumb Code     0  startup_mk64f12.o(.text)
    UART2_RX_TX_IRQHandler                   0x000004e5   Thumb Code     0  startup_mk64f12.o(.text)
    UART3_ERR_IRQHandler                     0x000004e5   Thumb Code     0  startup_mk64f12.o(.text)
    UART3_RX_TX_IRQHandler                   0x000004e5   Thumb Code     0  startup_mk64f12.o(.text)
    UART4_ERR_IRQHandler                     0x000004e5   Thumb Code     0  startup_mk64f12.o(.text)
    UART4_RX_TX_IRQHandler                   0x000004e5   Thumb Code     0  startup_mk64f12.o(.text)
    UART5_ERR_IRQHandler                     0x000004e5   Thumb Code     0  startup_mk64f12.o(.text)
    UART5_RX_TX_IRQHandler                   0x000004e5   Thumb Code     0  startup_mk64f12.o(.text)
    USB0_IRQHandler                          0x000004e5   Thumb Code     0  startup_mk64f12.o(.text)
    USBDCD_IRQHandler                        0x000004e5   Thumb Code     0  startup_mk64f12.o(.text)
    WDOG_EWM_IRQHandler                      0x000004e5   Thumb Code     0  startup_mk64f12.o(.text)
    malloc                                   0x000004f9   Thumb Code    94  h1_alloc.o(.text)
    free                                     0x00000557   Thumb Code    78  h1_free.o(.text)
    __aeabi_assert                           0x000005a5   Thumb Code    86  assert.o(.text)
    __assert                                 0x000005a5   Thumb Code     0  assert.o(.text)
    strlen                                   0x00000625   Thumb Code    62  strlen.o(.text)
    __aeabi_memcpy4                          0x00000663   Thumb Code     0  rt_memcpy_w.o(.text)
    __aeabi_memcpy8                          0x00000663   Thumb Code     0  rt_memcpy_w.o(.text)
    __rt_memcpy_w                            0x00000663   Thumb Code   100  rt_memcpy_w.o(.text)
    _memcpy_lastbytes_aligned                0x000006ab   Thumb Code     0  rt_memcpy_w.o(.text)
    __rt_heap_descriptor                     0x000006c9   Thumb Code     8  rt_heap_descriptor_intlibspace.o(.text)
    __use_no_heap                            0x000006d1   Thumb Code     2  hguard.o(.text)
    __heap$guard                             0x000006d3   Thumb Code     2  hguard.o(.text)
    _terminate_user_alloc                    0x000006d5   Thumb Code     2  init_alloc.o(.text)
    _init_user_alloc                         0x000006d7   Thumb Code     2  init_alloc.o(.text)
    __Heap_Full                              0x000006d9   Thumb Code    34  init_alloc.o(.text)
    __Heap_Broken                            0x000006fb   Thumb Code     6  init_alloc.o(.text)
    _init_alloc                              0x00000701   Thumb Code    94  init_alloc.o(.text)
    __Heap_Initialize                        0x0000075f   Thumb Code    10  h1_init.o(.text)
    __Heap_DescSize                          0x00000769   Thumb Code     4  h1_init.o(.text)
    abort                                    0x0000076d   Thumb Code    22  abort.o(.text)
    __assert_puts                            0x00000783   Thumb Code    20  assert_puts.o(.text)
    _ttywrch                                 0x00000797   Thumb Code    14  sys_wrch.o(.text)
    _sys_exit                                0x000007a5   Thumb Code     8  sys_exit.o(.text)
    __Heap_ProvideMemory                     0x000007b1   Thumb Code    52  h1_extend.o(.text)
    __rt_SIGABRT                             0x000007e5   Thumb Code    14  defsig_abrt_outer.o(.text)
    __rt_SIGRTMEM                            0x000007f3   Thumb Code    14  defsig_rtmem_outer.o(.text)
    __I$use$semihosting                      0x00000801   Thumb Code     0  use_no_semi.o(.text)
    __use_no_semihosting_swi                 0x00000801   Thumb Code     2  use_no_semi.o(.text)
    __semihosting_library_function           0x00000803   Thumb Code     0  indicate_semi.o(.text)
    exit                                     0x00000803   Thumb Code    18  exit.o(.text)
    __sig_exit                               0x00000815   Thumb Code    10  defsig_exit.o(.text)
    __rt_SIGABRT_inner                       0x00000821   Thumb Code    14  defsig_abrt_inner.o(.text)
    __rt_SIGRTMEM_inner                      0x00000851   Thumb Code    22  defsig_rtmem_inner.o(.text)
    __default_signal_display                 0x000008a1   Thumb Code    50  defsig_general.o(.text)
    ADC_read16b                              0x000008d5   Thumb Code    46  utils.o(i.ADC_read16b)
    BOARD_ClockInit                          0x00000909   Thumb Code    72  board.o(i.BOARD_ClockInit)
    BOARD_InitOsc0                           0x00000971   Thumb Code    20  board.o(i.BOARD_InitOsc0)
    BOARD_InitRtcOsc                         0x00000989   Thumb Code    20  board.o(i.BOARD_InitRtcOsc)
    CLOCK_HAL_EnablePll0InFllMode            0x000009a1   Thumb Code    64  fsl_mcg_hal.o(i.CLOCK_HAL_EnablePll0InFllMode)
    CLOCK_HAL_GetFllClk                      0x000009f5   Thumb Code    82  fsl_mcg_hal.o(i.CLOCK_HAL_GetFllClk)
    CLOCK_HAL_GetFllRefClk                   0x00000a49   Thumb Code    72  fsl_mcg_hal.o(i.CLOCK_HAL_GetFllRefClk)
    CLOCK_HAL_GetInternalRefClk              0x00000aa5   Thumb Code    52  fsl_mcg_hal.o(i.CLOCK_HAL_GetInternalRefClk)
    CLOCK_HAL_GetMcgMode                     0x00000b0f   Thumb Code   150  fsl_mcg_hal_modes.o(i.CLOCK_HAL_GetMcgMode)
    CLOCK_HAL_GetOutClk                      0x00000ba5   Thumb Code    78  fsl_mcg_hal.o(i.CLOCK_HAL_GetOutClk)
    CLOCK_HAL_GetPll0Clk                     0x00000bf3   Thumb Code    68  fsl_mcg_hal.o(i.CLOCK_HAL_GetPll0Clk)
    CLOCK_HAL_GetPll0RefFreq                 0x00000c37   Thumb Code    12  fsl_mcg_hal.o(i.CLOCK_HAL_GetPll0RefFreq)
    CLOCK_HAL_SetFbeMode                     0x00000ca3   Thumb Code   228  fsl_mcg_hal_modes.o(i.CLOCK_HAL_SetFbeMode)
    CLOCK_HAL_SetFbiMode                     0x00000d89   Thumb Code   170  fsl_mcg_hal_modes.o(i.CLOCK_HAL_SetFbiMode)
    CLOCK_HAL_SetOsc0Mode                    0x00000e55   Thumb Code    36  fsl_mcg_hal.o(i.CLOCK_HAL_SetOsc0Mode)
    CLOCK_HAL_SetOutDiv                      0x00000e79   Thumb Code    56  fsl_sim_hal_mk64f12.o(i.CLOCK_HAL_SetOutDiv)
    CLOCK_HAL_SetPbeMode                     0x00000eb1   Thumb Code   228  fsl_mcg_hal_modes.o(i.CLOCK_HAL_SetPbeMode)
    CLOCK_HAL_TestFllExternalRefFreq         0x00000f99   Thumb Code    70  fsl_mcg_hal.o(i.CLOCK_HAL_TestFllExternalRefFreq)
    CLOCK_HAL_TestFllFreq                    0x00000fe1   Thumb Code    50  fsl_mcg_hal.o(i.CLOCK_HAL_TestFllFreq)
    CLOCK_HAL_TestOscFreq                    0x00001019   Thumb Code    38  fsl_mcg_hal.o(i.CLOCK_HAL_TestOscFreq)
    CLOCK_HAL_UpdateFastClkInternalRefDiv    0x0000104d   Thumb Code   104  fsl_mcg_hal.o(i.CLOCK_HAL_UpdateFastClkInternalRefDiv)
    CLOCK_SYS_EnablePortClock                0x000010b5   Thumb Code    34  fsl_clock_mk64f12.o(i.CLOCK_SYS_EnablePortClock)
    CLOCK_SYS_EnableUartClock                0x00001121   Thumb Code    34  fsl_clock_mk64f12.o(i.CLOCK_SYS_EnableUartClock)
    CLOCK_SYS_GetBusClockFreq                0x000011ad   Thumb Code    26  fsl_clock_mk64f12.o(i.CLOCK_SYS_GetBusClockFreq)
    CLOCK_SYS_GetCoreClockFreq               0x000011d1   Thumb Code    24  fsl_clock_mk64f12.o(i.CLOCK_SYS_GetCoreClockFreq)
    CLOCK_SYS_GetSystemClockFreq             0x000011f1   Thumb Code    24  fsl_clock_mk64f12.o(i.CLOCK_SYS_GetSystemClockFreq)
    CLOCK_SYS_GetUartFreq                    0x00001211   Thumb Code    46  fsl_clock_mk64f12.o(i.CLOCK_SYS_GetUartFreq)
    CLOCK_SYS_OscInit                        0x00001241   Thumb Code   160  fsl_clock_manager.o(i.CLOCK_SYS_OscInit)
    CLOCK_SYS_RtcOscInit                     0x00001311   Thumb Code   204  fsl_clock_manager.o(i.CLOCK_SYS_RtcOscInit)
    CLOCK_SYS_SetConfiguration               0x0000140d   Thumb Code    72  fsl_clock_mk64f12.o(i.CLOCK_SYS_SetConfiguration)
    CLOCK_SYS_SetMcgMode                     0x00001475   Thumb Code   340  fsl_clock_manager.o(i.CLOCK_SYS_SetMcgMode)
    CLOCK_SYS_SetOscerConfigration           0x00001615   Thumb Code    32  fsl_clock_manager.o(i.CLOCK_SYS_SetOscerConfigration)
    DbgConsole_Init                          0x00001679   Thumb Code   172  fsl_debug_console.o(i.DbgConsole_Init)
    LEDBlue_Toggle                           0x00001735   Thumb Code    10  utils.o(i.LEDBlue_Toggle)
    LEDGreen_Toggle                          0x00001745   Thumb Code    10  utils.o(i.LEDGreen_Toggle)
    LEDRed_Toggle                            0x00001755   Thumb Code    10  utils.o(i.LEDRed_Toggle)
    LED_Initialize                           0x00001765   Thumb Code    50  utils.o(i.LED_Initialize)
    LED_Off                                  0x000017ad   Thumb Code    36  utils.o(i.LED_Off)
    OSC_HAL_SetCapacitor                     0x000017d9   Thumb Code    12  fsl_osc_hal.o(i.OSC_HAL_SetCapacitor)
    PIT1_IRQHandler                          0x000017f9   Thumb Code    72  process.o(i.PIT1_IRQHandler)
    SystemInit                               0x000018bd   Thumb Code    34  system_mk64f12.o(i.SystemInit)
    UART_HAL_Getchar                         0x000018e9   Thumb Code    12  fsl_uart_hal.o(i.UART_HAL_Getchar)
    UART_HAL_Putchar                         0x000018f5   Thumb Code    10  fsl_uart_hal.o(i.UART_HAL_Putchar)
    UART_HAL_ReceiveDataPolling              0x000018ff   Thumb Code    86  fsl_uart_hal.o(i.UART_HAL_ReceiveDataPolling)
    UART_HAL_SendDataPolling                 0x00001955   Thumb Code    46  fsl_uart_hal.o(i.UART_HAL_SendDataPolling)
    UART_HAL_SetBaudRate                     0x00001983   Thumb Code    68  fsl_uart_hal.o(i.UART_HAL_SetBaudRate)
    UART_HAL_SetParityMode                   0x000019c7   Thumb Code    28  fsl_uart_hal.o(i.UART_HAL_SetParityMode)
    __hardfp_modf                            0x00001a2d   Thumb Code   202  modf.o(i.__hardfp_modf)
    _doprint                                 0x00001b05   Thumb Code  1644  print_scan.o(i._doprint)
    add_time                                 0x00002171   Thumb Code    40  process.o(i.add_time)
    calculateCapacitance                     0x00002199   Thumb Code    14  utils.o(i.calculateCapacitance)
    configure_uart_pins                      0x000021a9   Thumb Code    62  pin_mux.o(i.configure_uart_pins)
    dbg_uart_init                            0x000021f1   Thumb Code    22  board.o(i.dbg_uart_init)
    debug_printf                             0x00002209   Thumb Code    52  fsl_debug_console.o(i.debug_printf)
    delay                                    0x00002271   Thumb Code    14  utils.o(i.delay)
    hardware_init                            0x000022b5   Thumb Code    24  hardware_init.o(i.hardware_init)
    init_data_bss                            0x000022cd   Thumb Code    54  startup.o(i.init_data_bss)
    l_init                                   0x00002315   Thumb Code    10  process.o(i.l_init)
    l_lock                                   0x00002321   Thumb Code   232  process.o(i.l_lock)
    l_unlock                                 0x00002415   Thumb Code   102  process.o(i.l_unlock)
    main                                     0x0000248d   Thumb Code   146  main_t1.o(i.main)
    mediumDelay                              0x00002551   Thumb Code    12  main_t1.o(i.mediumDelay)
    p1                                       0x00002771   Thumb Code    92  main_t1.o(i.p1)
    p2                                       0x00002805   Thumb Code   148  main_t1.o(i.p2)
    p3                                       0x00002905   Thumb Code   204  main_t1.o(i.p3)
    pop_rt_start_queue                       0x00002a3d   Thumb Code    26  process.o(i.pop_rt_start_queue)
    pop_rt_wait_queue                        0x00002a5d   Thumb Code    26  process.o(i.pop_rt_wait_queue)
    process_rt_periodic_create               0x00002a7d   Thumb Code   106  process.o(i.process_rt_periodic_create)
    process_select                           0x00002aed   Thumb Code   308  process.o(i.process_select)
    process_stack_free                       0x00002c39   Thumb Code    18  3140_concur.o(i.process_stack_free)
    process_stack_init                       0x00002c4d   Thumb Code    90  3140_concur.o(i.process_stack_init)
    process_stack_reinit                     0x00002cad   Thumb Code   104  process.o(i.process_stack_reinit)
    process_start                            0x00002d19   Thumb Code    84  process.o(i.process_start)
    push_rt_start_queue                      0x00002d7d   Thumb Code    74  process.o(i.push_rt_start_queue)
    push_rt_wait_queue                       0x00002dcd   Thumb Code    82  process.o(i.push_rt_wait_queue)
    rem_rt_start_queue                       0x00002e25   Thumb Code    62  process.o(i.rem_rt_start_queue)
    setup                                    0x00002e69   Thumb Code    66  main_t1.o(i.setup)
    time_lt                                  0x00002ebd   Thumb Code    48  process.o(i.time_lt)
    time_lte                                 0x00002eed   Thumb Code    48  process.o(i.time_lte)
    SVC_Handler                              0x00002f1d   Thumb Code     0  3140.o(myProg)
    process_terminated                       0x00002f43   Thumb Code     0  3140.o(myProg)
    process_begin                            0x00002f47   Thumb Code     0  3140.o(myProg)
    process_blocked                          0x00002f4d   Thumb Code     0  3140.o(myProg)
    PIT0_IRQHandler                          0x00002f53   Thumb Code     0  3140.o(myProg)
    __aeabi_dadd                             0x00002f99   Thumb Code     0  daddsub_clz.o(x$fpl$dadd)
    _dadd                                    0x00002f99   Thumb Code   332  daddsub_clz.o(x$fpl$dadd)
    __fpl_dcmp_Inf                           0x000030e9   Thumb Code    24  dcmpi.o(x$fpl$dcmpinf)
    __aeabi_ddiv                             0x00003101   Thumb Code     0  ddiv.o(x$fpl$ddiv)
    _ddiv                                    0x00003101   Thumb Code   552  ddiv.o(x$fpl$ddiv)
    __aeabi_cdcmpeq                          0x000033b1   Thumb Code     0  deqf.o(x$fpl$deqf)
    _dcmpeq                                  0x000033b1   Thumb Code   120  deqf.o(x$fpl$deqf)
    __aeabi_d2iz                             0x00003429   Thumb Code     0  dfix.o(x$fpl$dfix)
    _dfix                                    0x00003429   Thumb Code    94  dfix.o(x$fpl$dfix)
    __aeabi_i2d                              0x00003487   Thumb Code     0  dflt_clz.o(x$fpl$dflt)
    _dflt                                    0x00003487   Thumb Code    46  dflt_clz.o(x$fpl$dflt)
    __aeabi_ul2d                             0x000034b5   Thumb Code     0  dfltll_clz.o(x$fpl$dfltull)
    _ll_uto_d                                0x000034b5   Thumb Code   138  dfltll_clz.o(x$fpl$dfltull)
    __aeabi_cdcmple                          0x00003541   Thumb Code     0  dleqf.o(x$fpl$dleqf)
    _dcmple                                  0x00003541   Thumb Code   120  dleqf.o(x$fpl$dleqf)
    __fpl_dcmple_InfNaN                      0x000035a3   Thumb Code     0  dleqf.o(x$fpl$dleqf)
    __aeabi_dmul                             0x000035b9   Thumb Code     0  dmul.o(x$fpl$dmul)
    _dmul                                    0x000035b9   Thumb Code   332  dmul.o(x$fpl$dmul)
    __fpl_dnaninf                            0x0000370d   Thumb Code   156  dnaninf.o(x$fpl$dnaninf)
    __fpl_dretinf                            0x000037a9   Thumb Code    12  dretinf.o(x$fpl$dretinf)
    __aeabi_drsub                            0x000037b5   Thumb Code     0  daddsub_clz.o(x$fpl$drsb)
    _drsb                                    0x000037b5   Thumb Code    22  daddsub_clz.o(x$fpl$drsb)
    __aeabi_dsub                             0x000037cd   Thumb Code     0  daddsub_clz.o(x$fpl$dsub)
    _dsub                                    0x000037cd   Thumb Code   464  daddsub_clz.o(x$fpl$dsub)
    _fp_init                                 0x000039a1   Thumb Code    10  fpinit.o(x$fpl$fpinit)
    __fplib_config_fpu_vfp                   0x000039a9   Thumb Code     0  fpinit.o(x$fpl$fpinit)
    __fplib_config_pureend_doubles           0x000039a9   Thumb Code     0  fpinit.o(x$fpl$fpinit)
    __aeabi_d2ulz                            0x000039ad   Thumb Code     0  dfixull.o(x$fpl$llufromd)
    _ll_ufrom_d                              0x000039ad   Thumb Code   120  dfixull.o(x$fpl$llufromd)
    __I$use$fp                               0x00003a24   Number         0  usenofp.o(x$fpl$usenofp)
    g_defaultClockConfigVlpr                 0x00003a24   Data          22  board.o(.constdata)
    g_defaultClockConfigRun                  0x00003a3a   Data          22  board.o(.constdata)
    g_rtcBase                                0x00003a6c   Data           4  fsl_rtc_common.o(.constdata)
    g_rtcIrqId                               0x00003a70   Data           1  fsl_rtc_common.o(.constdata)
    g_rtcSecondsIrqId                        0x00003a71   Data           1  fsl_rtc_common.o(.constdata)
    g_simBase                                0x00003abc   Data           4  fsl_clock_manager_common.o(.constdata)
    g_mcgBase                                0x00003ac0   Data           4  fsl_clock_manager_common.o(.constdata)
    g_oscBase                                0x00003ac4   Data           4  fsl_clock_manager_common.o(.constdata)
    Region$$Table$$Base                      0x00003bf0   Number         0  anon$$obj.o(Region$$Table)
    Region$$Table$$Limit                     0x00003c10   Number         0  anon$$obj.o(Region$$Table)
    Image$$RW_m_data$$Base                   0x1fff0000   Number         0  anon$$obj.o ABSOLUTE
    current_process                          0x20000000   Data           4  process.o(.data)
    head                                     0x20000004   Data           4  process.o(.data)
    rt_start_queue_head                      0x20000008   Data           4  process.o(.data)
    rt_wait_queue_head                       0x2000000c   Data           4  process.o(.data)
    lock_head                                0x20000010   Data           4  process.o(.data)
    priority_protocol                        0x20000014   Data           4  process.o(.data)
    process_deadline_met                     0x20000018   Data           4  process.o(.data)
    process_deadline_miss                    0x2000001c   Data           4  process.o(.data)
    saved_mask                               0x20000020   Data           4  process.o(.data)
    currentTime                              0x20000024   Data           8  process.o(.data)
    t_pRT1start                              0x2000002c   Data           8  main_t1.o(.data)
    t_pRT2start                              0x20000034   Data           8  main_t1.o(.data)
    t_pRT3start                              0x2000003c   Data           8  main_t1.o(.data)
    t_pRT1dead                               0x20000044   Data           8  main_t1.o(.data)
    t_pRT2dead                               0x2000004c   Data           8  main_t1.o(.data)
    t_pRT3dead                               0x20000054   Data           8  main_t1.o(.data)
    t_pRT1period                             0x2000005c   Data           8  main_t1.o(.data)
    g_xtal0ClkFreq                           0x20000064   Data           4  fsl_mcg_hal.o(.data)
    g_xtalRtcClkFreq                         0x20000068   Data           4  fsl_mcg_hal.o(.data)
    g_fastInternalRefClkFreq                 0x2000006c   Data           4  fsl_mcg_hal.o(.data)
    g_slowInternalRefClkFreq                 0x20000070   Data           4  fsl_mcg_hal.o(.data)
    SystemCoreClock                          0x20000074   Data           4  system_mk64f12.o(.data)
    l                                        0x2000007c   Data          20  main_t1.o(.bss)
    l2                                       0x20000090   Data          20  main_t1.o(.bss)
    __libspace_start                         0x200000b4   Data          96  libspace.o(.bss)
    Image$$ARM_LIB_HEAP$$ZI$$Base            0x20000114   Number         0  anon$$obj.o ABSOLUTE
    __temporary_stack_top$libspace           0x20000114   Data           0  libspace.o(.bss)
    Image$$ARM_LIB_HEAP$$ZI$$Limit           0x20004114   Number         0  anon$$obj.o ABSOLUTE
    Image$$ARM_LIB_STACK$$ZI$$Limit          0x20030000   Number         0  anon$$obj.o ABSOLUTE



==============================================================================

Memory Map of the image

  Image Entry point : 0x00000411

  Load Region LR_m_text (Base: 0x00000410, Size: 0x0000387c, Max: 0x000ffbf0, ABSOLUTE)

    Execution Region ER_m_text (Base: 0x00000410, Size: 0x00003800, Max: 0x000ffbf0, ABSOLUTE)

    Base Addr    Size         Type   Attr      Idx    E Section Name        Object

    0x00000410   0x00000008   Code   RO         3067  * !!!main             c_w.l(__main.o)
    0x00000418   0x00000034   Code   RO         3348    !!!scatter          c_w.l(__scatter.o)
    0x0000044c   0x0000001a   Code   RO         3350    !!handler_copy      c_w.l(__scatter_copy.o)
    0x00000466   0x00000002   PAD
    0x00000468   0x0000001c   Code   RO         3352    !!handler_zi        c_w.l(__scatter_zi.o)
    0x00000484   0x00000002   Code   RO         3287    .ARM.Collect$$libinit$$00000000  c_w.l(libinit.o)
    0x00000486   0x00000004   Code   RO         3149    .ARM.Collect$$libinit$$00000001  c_w.l(libinit2.o)
    0x0000048a   0x00000000   Code   RO         3152    .ARM.Collect$$libinit$$00000004  c_w.l(libinit2.o)
    0x0000048a   0x00000008   Code   RO         3302    .ARM.Collect$$libinit$$00000008  c_w.l(libinit5.o)
    0x00000492   0x00000000   Code   RO         3155    .ARM.Collect$$libinit$$0000000A  c_w.l(libinit2.o)
    0x00000492   0x00000000   Code   RO         3157    .ARM.Collect$$libinit$$0000000C  c_w.l(libinit2.o)
    0x00000492   0x00000000   Code   RO         3159    .ARM.Collect$$libinit$$0000000E  c_w.l(libinit2.o)
    0x00000492   0x00000000   Code   RO         3162    .ARM.Collect$$libinit$$00000011  c_w.l(libinit2.o)
    0x00000492   0x00000000   Code   RO         3164    .ARM.Collect$$libinit$$00000013  c_w.l(libinit2.o)
    0x00000492   0x00000000   Code   RO         3166    .ARM.Collect$$libinit$$00000015  c_w.l(libinit2.o)
    0x00000492   0x00000000   Code   RO         3168    .ARM.Collect$$libinit$$00000017  c_w.l(libinit2.o)
    0x00000492   0x00000000   Code   RO         3170    .ARM.Collect$$libinit$$00000019  c_w.l(libinit2.o)
    0x00000492   0x00000000   Code   RO         3172    .ARM.Collect$$libinit$$0000001B  c_w.l(libinit2.o)
    0x00000492   0x00000000   Code   RO         3174    .ARM.Collect$$libinit$$0000001D  c_w.l(libinit2.o)
    0x00000492   0x00000000   Code   RO         3176    .ARM.Collect$$libinit$$0000001F  c_w.l(libinit2.o)
    0x00000492   0x00000000   Code   RO         3178    .ARM.Collect$$libinit$$00000021  c_w.l(libinit2.o)
    0x00000492   0x00000000   Code   RO         3180    .ARM.Collect$$libinit$$00000023  c_w.l(libinit2.o)
    0x00000492   0x00000000   Code   RO         3182    .ARM.Collect$$libinit$$00000025  c_w.l(libinit2.o)
    0x00000492   0x00000000   Code   RO         3186    .ARM.Collect$$libinit$$0000002C  c_w.l(libinit2.o)
    0x00000492   0x00000000   Code   RO         3188    .ARM.Collect$$libinit$$0000002E  c_w.l(libinit2.o)
    0x00000492   0x00000000   Code   RO         3190    .ARM.Collect$$libinit$$00000030  c_w.l(libinit2.o)
    0x00000492   0x00000000   Code   RO         3192    .ARM.Collect$$libinit$$00000032  c_w.l(libinit2.o)
    0x00000492   0x00000002   Code   RO         3193    .ARM.Collect$$libinit$$00000033  c_w.l(libinit2.o)
    0x00000494   0x00000008   Code   RO         3303    .ARM.Collect$$libinit$$00002719  c_w.l(libinit5.o)
    0x0000049c   0x00000002   Code   RO         3345    .ARM.Collect$$libshutdown$$00000000  c_w.l(libshutdown.o)
    0x0000049e   0x00000000   Code   RO         3307    .ARM.Collect$$libshutdown$$00000002  c_w.l(libshutdown2.o)
    0x0000049e   0x00000000   Code   RO         3309    .ARM.Collect$$libshutdown$$00000004  c_w.l(libshutdown2.o)
    0x0000049e   0x00000000   Code   RO         3312    .ARM.Collect$$libshutdown$$00000007  c_w.l(libshutdown2.o)
    0x0000049e   0x00000000   Code   RO         3315    .ARM.Collect$$libshutdown$$0000000A  c_w.l(libshutdown2.o)
    0x0000049e   0x00000000   Code   RO         3317    .ARM.Collect$$libshutdown$$0000000C  c_w.l(libshutdown2.o)
    0x0000049e   0x00000000   Code   RO         3320    .ARM.Collect$$libshutdown$$0000000F  c_w.l(libshutdown2.o)
    0x0000049e   0x00000002   Code   RO         3321    .ARM.Collect$$libshutdown$$00000010  c_w.l(libshutdown2.o)
    0x000004a0   0x00000000   Code   RO         3111    .ARM.Collect$$rtentry$$00000000  c_w.l(__rtentry.o)
    0x000004a0   0x00000000   Code   RO         3211    .ARM.Collect$$rtentry$$00000002  c_w.l(__rtentry2.o)
    0x000004a0   0x00000004   Code   RO         3225    .ARM.Collect$$rtentry$$00000007  c_w.l(__rtentry7.o)
    0x000004a4   0x00000000   Code   RO         3213    .ARM.Collect$$rtentry$$00000009  c_w.l(__rtentry2.o)
    0x000004a4   0x00000004   Code   RO         3214    .ARM.Collect$$rtentry$$0000000A  c_w.l(__rtentry2.o)
    0x000004a8   0x00000000   Code   RO         3216    .ARM.Collect$$rtentry$$0000000C  c_w.l(__rtentry2.o)
    0x000004a8   0x00000008   Code   RO         3217    .ARM.Collect$$rtentry$$0000000D  c_w.l(__rtentry2.o)
    0x000004b0   0x00000004   Code   RO         3226    .ARM.Collect$$rtentry$$00002718  c_w.l(__rtentry7.o)
    0x000004b4   0x00000002   Code   RO         3290    .ARM.Collect$$rtexit$$00000000  c_w.l(rtexit.o)
    0x000004b6   0x00000000   Code   RO         3323    .ARM.Collect$$rtexit$$00000002  c_w.l(rtexit2.o)
    0x000004b6   0x00000004   Code   RO         3324    .ARM.Collect$$rtexit$$00000003  c_w.l(rtexit2.o)
    0x000004ba   0x00000006   Code   RO         3325    .ARM.Collect$$rtexit$$00000004  c_w.l(rtexit2.o)
    0x000004c0   0x00000000   Code   RO         3234    .emb_text           c_w.l(maybetermalloc1.o)
    0x000004c0   0x00000038   Code   RO         2951    .text               startup_mk64f12.o
    0x000004f8   0x0000005e   Code   RO         2999    .text               c_w.l(h1_alloc.o)
    0x00000556   0x0000004e   Code   RO         3001    .text               c_w.l(h1_free.o)
    0x000005a4   0x00000080   Code   RO         3059    .text               c_w.l(assert.o)
    0x00000624   0x0000003e   Code   RO         3061    .text               c_w.l(strlen.o)
    0x00000662   0x00000064   Code   RO         3063    .text               c_w.l(rt_memcpy_w.o)
    0x000006c6   0x00000002   PAD
    0x000006c8   0x00000008   Code   RO         3119    .text               c_w.l(rt_heap_descriptor_intlibspace.o)
    0x000006d0   0x00000004   Code   RO         3121    .text               c_w.l(hguard.o)
    0x000006d4   0x0000008a   Code   RO         3123    .text               c_w.l(init_alloc.o)
    0x0000075e   0x0000000e   Code   RO         3127    .text               c_w.l(h1_init.o)
    0x0000076c   0x00000016   Code   RO         3141    .text               c_w.l(abort.o)
    0x00000782   0x00000014   Code   RO         3143    .text               c_w.l(assert_puts.o)
    0x00000796   0x0000000e   Code   RO         3201    .text               c_w.l(sys_wrch.o)
    0x000007a4   0x0000000c   Code   RO         3205    .text               c_w.l(sys_exit.o)
    0x000007b0   0x00000034   Code   RO         3236    .text               c_w.l(h1_extend.o)
    0x000007e4   0x0000000e   Code   RO         3240    .text               c_w.l(defsig_abrt_outer.o)
    0x000007f2   0x0000000e   Code   RO         3244    .text               c_w.l(defsig_rtmem_outer.o)
    0x00000800   0x00000002   Code   RO         3257    .text               c_w.l(use_no_semi.o)
    0x00000802   0x00000000   Code   RO         3259    .text               c_w.l(indicate_semi.o)
    0x00000802   0x00000012   Code   RO         3266    .text               c_w.l(exit.o)
    0x00000814   0x0000000a   Code   RO         3268    .text               c_w.l(defsig_exit.o)
    0x0000081e   0x00000002   PAD
    0x00000820   0x00000030   Code   RO         3270    .text               c_w.l(defsig_abrt_inner.o)
    0x00000850   0x00000050   Code   RO         3276    .text               c_w.l(defsig_rtmem_inner.o)
    0x000008a0   0x00000032   Code   RO         3298    .text               c_w.l(defsig_general.o)
    0x000008d2   0x00000002   PAD
    0x000008d4   0x00000034   Code   RO           83    i.ADC_read16b       utils.o
    0x00000908   0x00000068   Code   RO          444    i.BOARD_ClockInit   board.o
    0x00000970   0x00000018   Code   RO          445    i.BOARD_InitOsc0    board.o
    0x00000988   0x00000018   Code   RO          446    i.BOARD_InitRtcOsc  board.o
    0x000009a0   0x00000040   Code   RO         1178    i.CLOCK_HAL_EnablePll0InFllMode  fsl_mcg_hal.o
    0x000009e0   0x0000000a   Code   RO         1324    i.CLOCK_HAL_GetClkOutStat  fsl_mcg_hal_modes.o
    0x000009ea   0x0000000a   Code   RO         2578    i.CLOCK_HAL_GetClkOutStat  fsl_clock_manager.o
    0x000009f4   0x00000052   Code   RO         1182    i.CLOCK_HAL_GetFllClk  fsl_mcg_hal.o
    0x00000a46   0x00000002   PAD
    0x00000a48   0x0000004c   Code   RO         1183    i.CLOCK_HAL_GetFllRefClk  fsl_mcg_hal.o
    0x00000a94   0x0000000e   Code   RO         1325    i.CLOCK_HAL_GetFllSrc  fsl_mcg_hal_modes.o
    0x00000aa2   0x00000002   PAD
    0x00000aa4   0x0000003c   Code   RO         1184    i.CLOCK_HAL_GetInternalRefClk  fsl_mcg_hal.o
    0x00000ae0   0x0000000e   Code   RO         1185    i.CLOCK_HAL_GetInternalRefClkMode  fsl_mcg_hal.o
    0x00000aee   0x0000000e   Code   RO         1326    i.CLOCK_HAL_GetInternalRefClkMode  fsl_mcg_hal_modes.o
    0x00000afc   0x00000012   Code   RO         1186    i.CLOCK_HAL_GetMcgExternalClkFreq  fsl_mcg_hal.o
    0x00000b0e   0x00000096   Code   RO         1327    i.CLOCK_HAL_GetMcgMode  fsl_mcg_hal_modes.o
    0x00000ba4   0x0000004e   Code   RO         1187    i.CLOCK_HAL_GetOutClk  fsl_mcg_hal.o
    0x00000bf2   0x00000044   Code   RO         1188    i.CLOCK_HAL_GetPll0Clk  fsl_mcg_hal.o
    0x00000c36   0x0000000c   Code   RO         1189    i.CLOCK_HAL_GetPll0RefFreq  fsl_mcg_hal.o
    0x00000c42   0x00000016   Code   RO         1328    i.CLOCK_HAL_IsOsc0Stable  fsl_mcg_hal_modes.o
    0x00000c58   0x00000016   Code   RO         1329    i.CLOCK_HAL_IsPllSelected  fsl_mcg_hal_modes.o
    0x00000c6e   0x0000002a   Code   RO         1330    i.CLOCK_HAL_PrepareOsc  fsl_mcg_hal_modes.o
    0x00000c98   0x0000000a   Code   RO         2579    i.CLOCK_HAL_SetClkOutSrc  fsl_clock_manager.o
    0x00000ca2   0x000000e4   Code   RO         1333    i.CLOCK_HAL_SetFbeMode  fsl_mcg_hal_modes.o
    0x00000d86   0x00000002   PAD
    0x00000d88   0x000000b4   Code   RO         1334    i.CLOCK_HAL_SetFbiMode  fsl_mcg_hal_modes.o
    0x00000e3c   0x0000000c   Code   RO         1190    i.CLOCK_HAL_SetInternalRefClkMode  fsl_mcg_hal.o
    0x00000e48   0x0000000c   Code   RO         2580    i.CLOCK_HAL_SetLowPowerModeCmd  fsl_clock_manager.o
    0x00000e54   0x00000024   Code   RO         1191    i.CLOCK_HAL_SetOsc0Mode  fsl_mcg_hal.o
    0x00000e78   0x00000038   Code   RO         1602    i.CLOCK_HAL_SetOutDiv  fsl_sim_hal_mk64f12.o
    0x00000eb0   0x000000e8   Code   RO         1337    i.CLOCK_HAL_SetPbeMode  fsl_mcg_hal_modes.o
    0x00000f98   0x00000046   Code   RO         1192    i.CLOCK_HAL_TestFllExternalRefFreq  fsl_mcg_hal.o
    0x00000fde   0x00000002   PAD
    0x00000fe0   0x00000038   Code   RO         1193    i.CLOCK_HAL_TestFllFreq  fsl_mcg_hal.o
    0x00001018   0x00000034   Code   RO         1194    i.CLOCK_HAL_TestOscFreq  fsl_mcg_hal.o
    0x0000104c   0x00000068   Code   RO         1196    i.CLOCK_HAL_UpdateFastClkInternalRefDiv  fsl_mcg_hal.o
    0x000010b4   0x0000006c   Code   RO         2261    i.CLOCK_SYS_EnablePortClock  fsl_clock_mk64f12.o
    0x00001120   0x0000006c   Code   RO         2263    i.CLOCK_SYS_EnableUartClock  fsl_clock_mk64f12.o
    0x0000118c   0x0000001e   Code   RO         2264    i.CLOCK_SYS_FllStableDelay  fsl_clock_mk64f12.o
    0x000011aa   0x00000002   PAD
    0x000011ac   0x00000024   Code   RO         2266    i.CLOCK_SYS_GetBusClockFreq  fsl_clock_mk64f12.o
    0x000011d0   0x00000020   Code   RO         2267    i.CLOCK_SYS_GetCoreClockFreq  fsl_clock_mk64f12.o
    0x000011f0   0x00000020   Code   RO         2288    i.CLOCK_SYS_GetSystemClockFreq  fsl_clock_mk64f12.o
    0x00001210   0x0000002e   Code   RO         2290    i.CLOCK_SYS_GetUartFreq  fsl_clock_mk64f12.o
    0x0000123e   0x00000002   PAD
    0x00001240   0x000000d0   Code   RO         2585    i.CLOCK_SYS_OscInit  fsl_clock_manager.o
    0x00001310   0x000000fc   Code   RO         2587    i.CLOCK_SYS_RtcOscInit  fsl_clock_manager.o
    0x0000140c   0x00000068   Code   RO         2294    i.CLOCK_SYS_SetConfiguration  fsl_clock_mk64f12.o
    0x00001474   0x00000158   Code   RO         2588    i.CLOCK_SYS_SetMcgMode  fsl_clock_manager.o
    0x000015cc   0x00000048   Code   RO         2589    i.CLOCK_SYS_SetMcgPeeToFbe  fsl_clock_manager.o
    0x00001614   0x00000024   Code   RO         2590    i.CLOCK_SYS_SetOscerConfigration  fsl_clock_manager.o
    0x00001638   0x00000040   Code   RO         2295    i.CLOCK_SYS_SetSimConfigration  fsl_clock_mk64f12.o
    0x00001678   0x000000bc   Code   RO         2782    i.DbgConsole_Init   fsl_debug_console.o
    0x00001734   0x00000010   Code   RO           85    i.LEDBlue_Toggle    utils.o
    0x00001744   0x00000010   Code   RO           87    i.LEDGreen_Toggle   utils.o
    0x00001754   0x00000010   Code   RO           89    i.LEDRed_Toggle     utils.o
    0x00001764   0x00000048   Code   RO           90    i.LED_Initialize    utils.o
    0x000017ac   0x0000002c   Code   RO           91    i.LED_Off           utils.o
    0x000017d8   0x0000000c   Code   RO         1430    i.OSC_HAL_SetCapacitor  fsl_osc_hal.o
    0x000017e4   0x0000000a   Code   RO         2592    i.OSC_HAL_SetExternalRefClkCmd  fsl_clock_manager.o
    0x000017ee   0x0000000a   Code   RO         2593    i.OSC_HAL_SetExternalRefClkInStopModeCmd  fsl_clock_manager.o
    0x000017f8   0x00000050   Code   RO          189    i.PIT1_IRQHandler   process.o
    0x00001848   0x00000044   Code   RO          560    i.PORT_HAL_SetMuxMode  pin_mux.o
    0x0000188c   0x0000000e   Code   RO         2594    i.RTC_HAL_SetOscillatorCmd  fsl_clock_manager.o
    0x0000189a   0x00000022   Code   RO         2297    i.SIM_HAL_EnableClock  fsl_clock_mk64f12.o
    0x000018bc   0x0000002c   Code   RO         2959    i.SystemInit        system_mk64f12.o
    0x000018e8   0x0000000c   Code   RO         1766    i.UART_HAL_Getchar  fsl_uart_hal.o
    0x000018f4   0x0000000a   Code   RO         1770    i.UART_HAL_Putchar  fsl_uart_hal.o
    0x000018fe   0x00000056   Code   RO         1772    i.UART_HAL_ReceiveDataPolling  fsl_uart_hal.o
    0x00001954   0x0000002e   Code   RO         1776    i.UART_HAL_SendDataPolling  fsl_uart_hal.o
    0x00001982   0x00000044   Code   RO         1777    i.UART_HAL_SetBaudRate  fsl_uart_hal.o
    0x000019c6   0x0000001c   Code   RO         1784    i.UART_HAL_SetParityMode  fsl_uart_hal.o
    0x000019e2   0x0000001a   Code   RO          190    i.__NVIC_EnableIRQ  process.o
    0x000019fc   0x00000028   Code   RO          191    i.__NVIC_SetPriority  process.o
    0x00001a24   0x00000006   Code   RO           92    i.__get_PRIMASK     utils.o
    0x00001a2a   0x00000002   PAD
    0x00001a2c   0x000000d0   Code   RO         3103    i.__hardfp_modf     m_wm.l(modf.o)
    0x00001afc   0x00000006   Code   RO           93    i.__set_PRIMASK     utils.o
    0x00001b02   0x00000002   PAD
    0x00001b04   0x0000066c   Code   RO         2874    i._doprint          print_scan.o
    0x00002170   0x00000028   Code   RO          192    i.add_time          process.o
    0x00002198   0x0000000e   Code   RO           94    i.calculateCapacitance  utils.o
    0x000021a6   0x00000002   PAD
    0x000021a8   0x00000048   Code   RO          579    i.configure_uart_pins  pin_mux.o
    0x000021f0   0x00000016   Code   RO          447    i.dbg_uart_init     board.o
    0x00002206   0x00000002   PAD
    0x00002208   0x0000003c   Code   RO         2784    i.debug_printf      fsl_debug_console.o
    0x00002244   0x0000002c   Code   RO         2785    i.debug_putc        fsl_debug_console.o
    0x00002270   0x00000014   Code   RO           96    i.delay             utils.o
    0x00002284   0x00000030   Code   RO         2876    i.fput_pad          print_scan.o
    0x000022b4   0x00000018   Code   RO         2928    i.hardware_init     hardware_init.o
    0x000022cc   0x00000048   Code   RO          700    i.init_data_bss     startup.o
    0x00002314   0x0000000a   Code   RO          193    i.l_init            process.o
    0x0000231e   0x00000002   PAD
    0x00002320   0x000000f4   Code   RO          194    i.l_lock            process.o
    0x00002414   0x00000078   Code   RO          195    i.l_unlock          process.o
    0x0000248c   0x000000c4   Code   RO          346    i.main              main_t1.o
    0x00002550   0x0000000c   Code   RO          347    i.mediumDelay       main_t1.o
    0x0000255c   0x0000016c   Code   RO         2877    i.mkfloatnumstr     print_scan.o
    0x000026c8   0x000000a6   Code   RO         2878    i.mknumstr          print_scan.o
    0x0000276e   0x00000002   PAD
    0x00002770   0x00000094   Code   RO          348    i.p1                main_t1.o
    0x00002804   0x00000100   Code   RO          349    i.p2                main_t1.o
    0x00002904   0x00000138   Code   RO          350    i.p3                main_t1.o
    0x00002a3c   0x00000020   Code   RO          196    i.pop_rt_start_queue  process.o
    0x00002a5c   0x00000020   Code   RO          197    i.pop_rt_wait_queue  process.o
    0x00002a7c   0x00000070   Code   RO          198    i.process_rt_periodic_create  process.o
    0x00002aec   0x0000014c   Code   RO          199    i.process_select    process.o
    0x00002c38   0x00000012   Code   RO           13    i.process_stack_free  3140_concur.o
    0x00002c4a   0x00000002   PAD
    0x00002c4c   0x00000060   Code   RO           14    i.process_stack_init  3140_concur.o
    0x00002cac   0x0000006c   Code   RO          200    i.process_stack_reinit  process.o
    0x00002d18   0x00000064   Code   RO          201    i.process_start     process.o
    0x00002d7c   0x00000050   Code   RO          202    i.push_rt_start_queue  process.o
    0x00002dcc   0x00000058   Code   RO          203    i.push_rt_wait_queue  process.o
    0x00002e24   0x00000044   Code   RO          204    i.rem_rt_start_queue  process.o
    0x00002e68   0x00000054   Code   RO          351    i.setup             main_t1.o
    0x00002ebc   0x00000030   Code   RO          205    i.time_lt           process.o
    0x00002eec   0x00000030   Code   RO          206    i.time_lte          process.o
    0x00002f1c   0x0000007c   Code   RO            5    myProg              3140.o
    0x00002f98   0x00000150   Code   RO         3069    x$fpl$dadd          fz_wm.l(daddsub_clz.o)
    0x000030e8   0x00000018   Code   RO         3194    x$fpl$dcmpinf       fz_wm.l(dcmpi.o)
    0x00003100   0x000002b0   Code   RO         3076    x$fpl$ddiv          fz_wm.l(ddiv.o)
    0x000033b0   0x00000078   Code   RO         3079    x$fpl$deqf          fz_wm.l(deqf.o)
    0x00003428   0x0000005e   Code   RO         3081    x$fpl$dfix          fz_wm.l(dfix.o)
    0x00003486   0x0000002e   Code   RO         3090    x$fpl$dflt          fz_wm.l(dflt_clz.o)
    0x000034b4   0x0000008a   Code   RO         3096    x$fpl$dfltull       fz_wm.l(dfltll_clz.o)
    0x0000353e   0x00000002   PAD
    0x00003540   0x00000078   Code   RO         3099    x$fpl$dleqf         fz_wm.l(dleqf.o)
    0x000035b8   0x00000154   Code   RO         3101    x$fpl$dmul          fz_wm.l(dmul.o)
    0x0000370c   0x0000009c   Code   RO         3196    x$fpl$dnaninf       fz_wm.l(dnaninf.o)
    0x000037a8   0x0000000c   Code   RO         3198    x$fpl$dretinf       fz_wm.l(dretinf.o)
    0x000037b4   0x00000016   Code   RO         3070    x$fpl$drsb          fz_wm.l(daddsub_clz.o)
    0x000037ca   0x00000002   PAD
    0x000037cc   0x000001d4   Code   RO         3071    x$fpl$dsub          fz_wm.l(daddsub_clz.o)
    0x000039a0   0x0000000a   Code   RO         3255    x$fpl$fpinit        fz_wm.l(fpinit.o)
    0x000039aa   0x00000002   PAD
    0x000039ac   0x00000078   Code   RO         3085    x$fpl$llufromd      fz_wm.l(dfixull.o)
    0x00003a24   0x00000000   Code   RO         3200    x$fpl$usenofp       fz_wm.l(usenofp.o)
    0x00003a24   0x00000048   Data   RO          448    .constdata          board.o
    0x00003a6c   0x00000006   Data   RO          878    .constdata          fsl_rtc_common.o
    0x00003a72   0x00000030   Data   RO         1197    .constdata          fsl_mcg_hal.o
    0x00003aa2   0x00000019   Data   RO         2299    .constdata          fsl_clock_mk64f12.o
    0x00003abb   0x00000001   PAD
    0x00003abc   0x0000000c   Data   RO         2713    .constdata          fsl_clock_manager_common.o
    0x00003ac8   0x00000018   Data   RO         2791    .constdata          fsl_debug_console.o
    0x00003ae0   0x0000004e   Data   RO          449    .conststring        board.o
    0x00003b2e   0x00000002   PAD
    0x00003b30   0x00000064   Data   RO         2300    .conststring        fsl_clock_mk64f12.o
    0x00003b94   0x0000005c   Data   RO         2596    .conststring        fsl_clock_manager.o
    0x00003bf0   0x00000020   Data   RO         3346    Region$$Table       anon$$obj.o


    Execution Region RW_m_data (Base: 0x1fff0000, Size: 0x00000000, Max: 0x00010000, ABSOLUTE)

    **** No section assigned to this execution region ****


    Execution Region RW_m_data_2 (Base: 0x20000000, Size: 0x00000114, Max: 0x00028000, ABSOLUTE)

    Base Addr    Size         Type   Attr      Idx    E Section Name        Object

    0x20000000   0x0000002c   Data   RW          207    .data               process.o
    0x2000002c   0x00000038   Data   RW          354    .data               main_t1.o
    0x20000064   0x00000010   Data   RW         1198    .data               fsl_mcg_hal.o
    0x20000074   0x00000004   Data   RW         2960    .data               system_mk64f12.o
    0x20000078   0x00000004   Data   RW            4    myData              3140.o
    0x2000007c   0x00000028   Zero   RW          353    .bss                main_t1.o
    0x200000a4   0x00000010   Zero   RW         2790    .bss                fsl_debug_console.o
    0x200000b4   0x00000060   Zero   RW         3208    .bss                c_w.l(libspace.o)


    Execution Region ARM_LIB_HEAP (Base: 0x20000114, Size: 0x00004000, Max: 0x00004000, ABSOLUTE)

    Base Addr    Size         Type   Attr      Idx    E Section Name        Object

    0x20000114   0x00004000   Zero   RW            1    ARM_LIB_HEAP.bss    anon$$obj.o


    Execution Region ARM_LIB_STACK (Base: 0x2002c000, Size: 0x00004000, Max: 0x00004000, ABSOLUTE)

    Base Addr    Size         Type   Attr      Idx    E Section Name        Object

    0x2002c000   0x00004000   Zero   RW            2    ARM_LIB_STACK.bss   anon$$obj.o



  Load Region LR_m_interrupts (Base: 0x00000000, Size: 0x00000400, Max: 0x00000400, ABSOLUTE)

    Execution Region VECTOR_RAM (Base: 0x00000000, Size: 0x00000000, Max: 0x00000000, ABSOLUTE)

    Base Addr    Size         Type   Attr      Idx    E Section Name        Object

    0x00000000   0x00000000   Zero   RW            3    VECTOR_RAM.bss      anon$$obj.o


    Execution Region VECTOR_ROM (Base: 0x00000000, Size: 0x00000400, Max: 0x00000400, ABSOLUTE)

    Base Addr    Size         Type   Attr      Idx    E Section Name        Object

    0x00000000   0x00000400   Data   RO         2949    RESET               startup_mk64f12.o



  Load Region LR_m_flash_config (Base: 0x00000400, Size: 0x00000010, Max: 0x00000010, ABSOLUTE)

    Execution Region ER_m_flash_config (Base: 0x00000400, Size: 0x00000010, Max: 0x00000010, ABSOLUTE)

    Base Addr    Size         Type   Attr      Idx    E Section Name        Object

    0x00000400   0x00000010   Data   RO         2950    FlashConfig         startup_mk64f12.o


==============================================================================

Image component sizes


      Code (inc. data)   RO Data    RW Data    ZI Data      Debug   Object Name

       124         24          0          4          0        276   3140.o
       114          6          0          0          0     622214   3140_concur.o
       174         40        150          0          0      33647   board.o
       978        110         92          0          0      29889   fsl_clock_manager.o
         0          0         12          0          0        900   fsl_clock_manager_common.o
       594        222        125          0          0      29011   fsl_clock_mk64f12.o
       292         30         24          0         16      15002   fsl_debug_console.o
       802         40         48         16          0      16890   fsl_mcg_hal.o
       914         14          0          0          0      12572   fsl_mcg_hal_modes.o
         0          0          0          0          0       9160   fsl_os_abstraction_bm.o
        12          0          0          0          0       1011   fsl_osc_hal.o
         0          0          6          0          0        781   fsl_rtc_common.o
        56          0          0          0          0       1454   fsl_sim_hal_mk64f12.o
       250          0          0          0          0      12787   fsl_uart_hal.o
        24          0          0          0          0        512   hardware_init.o
      1008        340          0         56         40       5459   main_t1.o
       140         30          0          0          0       3254   pin_mux.o
      2222         60          0          0          0       7307   print_scan.o
      1608        126          0         44          0      42183   process.o
        72         18          0          0          0        580   startup.o
        56         18       1040          0          0        836   startup_mk64f12.o
        44         10          0          4          0        711   system_mk64f12.o
       262         60          0          0          0       9187   utils.o

    ----------------------------------------------------------------------
      9772       1148       1532        124      32824     855623   Object Totals
         0          0         32          0      32768          0   (incl. Generated)
        26          0          3          0          0          0   (incl. Padding)

    ----------------------------------------------------------------------

      Code (inc. data)   RO Data    RW Data    ZI Data      Debug   Library Member Name

         8          0          0          0          0         68   __main.o
         0          0          0          0          0          0   __rtentry.o
        12          0          0          0          0          0   __rtentry2.o
         8          4          0          0          0          0   __rtentry7.o
        52          8          0          0          0          0   __scatter.o
        26          0          0          0          0          0   __scatter_copy.o
        28          0          0          0          0          0   __scatter_zi.o
        22          0          0          0          0         80   abort.o
       128         42          0          0          0         76   assert.o
        20          0          0          0          0         76   assert_puts.o
        48         34          0          0          0         76   defsig_abrt_inner.o
        14          0          0          0          0         80   defsig_abrt_outer.o
        10          0          0          0          0         68   defsig_exit.o
        50          0          0          0          0         88   defsig_general.o
        80         58          0          0          0         76   defsig_rtmem_inner.o
        14          0          0          0          0         80   defsig_rtmem_outer.o
        18          0          0          0          0         80   exit.o
        94          0          0          0          0         80   h1_alloc.o
        52          0          0          0          0         68   h1_extend.o
        78          0          0          0          0         80   h1_free.o
        14          0          0          0          0         84   h1_init.o
         4          0          0          0          0        136   hguard.o
         0          0          0          0          0          0   indicate_semi.o
       138          0          0          0          0        168   init_alloc.o
         2          0          0          0          0          0   libinit.o
         6          0          0          0          0          0   libinit2.o
        16          8          0          0          0          0   libinit5.o
         2          0          0          0          0          0   libshutdown.o
         2          0          0          0          0          0   libshutdown2.o
         0          0          0          0         96          0   libspace.o
         0          0          0          0          0          0   maybetermalloc1.o
         8          4          0          0          0         68   rt_heap_descriptor_intlibspace.o
       100          0          0          0          0         80   rt_memcpy_w.o
         2          0          0          0          0          0   rtexit.o
        10          0          0          0          0          0   rtexit2.o
        62          0          0          0          0         76   strlen.o
        12          4          0          0          0         68   sys_exit.o
        14          0          0          0          0         76   sys_wrch.o
         2          0          0          0          0         68   use_no_semi.o
       826         16          0          0          0        492   daddsub_clz.o
        24          0          0          0          0        116   dcmpi.o
       688        140          0          0          0        256   ddiv.o
       120          4          0          0          0        140   deqf.o
        94          4          0          0          0        140   dfix.o
       120          4          0          0          0        152   dfixull.o
        46          0          0          0          0        116   dflt_clz.o
       138          0          0          0          0        132   dfltll_clz.o
       120          4          0          0          0        140   dleqf.o
       340         12          0          0          0        152   dmul.o
       156          4          0          0          0        140   dnaninf.o
        12          0          0          0          0        116   dretinf.o
        10          0          0          0          0        116   fpinit.o
         0          0          0          0          0          0   usenofp.o
       208          6          0          0          0        152   modf.o

    ----------------------------------------------------------------------
      4072        356          0          0         96       4260   Library Totals
        14          0          0          0          0          0   (incl. Padding)

    ----------------------------------------------------------------------

      Code (inc. data)   RO Data    RW Data    ZI Data      Debug   Library Name

      1156        162          0          0         96       1900   c_w.l
      2694        188          0          0          0       2208   fz_wm.l
       208          6          0          0          0        152   m_wm.l

    ----------------------------------------------------------------------
      4072        356          0          0         96       4260   Library Totals

    ----------------------------------------------------------------------

==============================================================================


      Code (inc. data)   RO Data    RW Data    ZI Data      Debug   

     13844       1504       1532        124      32920     847195   Grand Totals
     13844       1504       1532        124      32920     847195   ELF Image Totals
     13844       1504       1532        124          0          0   ROM Totals

==============================================================================

    Total RO  Size (Code + RO Data)                15376 (  15.02kB)
    Total RW  Size (RW Data + ZI Data)             33044 (  32.27kB)
    Total ROM Size (Code + RO Data + RW Data)      15500 (  15.14kB)

==============================================================================

